Archive member included to satisfy reference by file (symbol)

f:/gcc-arm-none-eabi-10.3-win32/bin/../lib/gcc/arm-none-eabi/10.3.1/thumb/v7-m/nofp\libgcc.a(_aeabi_uldivmod.o)
                              CMakeFiles/FreeRTOS.elf.dir/GUI/lvgl/src/misc/lv_printf.c.obj (__aeabi_uldivmod)
f:/gcc-arm-none-eabi-10.3-win32/bin/../lib/gcc/arm-none-eabi/10.3.1/thumb/v7-m/nofp\libgcc.a(_udivmoddi4.o)
                              f:/gcc-arm-none-eabi-10.3-win32/bin/../lib/gcc/arm-none-eabi/10.3.1/thumb/v7-m/nofp\libgcc.a(_aeabi_uldivmod.o) (__udivmoddi4)
f:/gcc-arm-none-eabi-10.3-win32/bin/../lib/gcc/arm-none-eabi/10.3.1/thumb/v7-m/nofp\libgcc.a(_dvmd_tls.o)
                              f:/gcc-arm-none-eabi-10.3-win32/bin/../lib/gcc/arm-none-eabi/10.3.1/thumb/v7-m/nofp\libgcc.a(_aeabi_uldivmod.o) (__aeabi_ldiv0)
f:/gcc-arm-none-eabi-10.3-win32/bin/../lib/gcc/arm-none-eabi/10.3.1/../../../../arm-none-eabi/lib/thumb/v7-m/nofp\libc.a(lib_a-errno.o)
                              CMakeFiles/FreeRTOS.elf.dir/Core/Src/syscalls.c.obj (__errno)
f:/gcc-arm-none-eabi-10.3-win32/bin/../lib/gcc/arm-none-eabi/10.3.1/../../../../arm-none-eabi/lib/thumb/v7-m/nofp\libc.a(lib_a-exit.o)
                              f:/gcc-arm-none-eabi-10.3-win32/bin/../lib/gcc/arm-none-eabi/10.3.1/../../../../arm-none-eabi/lib/thumb/v7-m/nofp/crt0.o (exit)
f:/gcc-arm-none-eabi-10.3-win32/bin/../lib/gcc/arm-none-eabi/10.3.1/../../../../arm-none-eabi/lib/thumb/v7-m/nofp\libc.a(lib_a-impure.o)
                              f:/gcc-arm-none-eabi-10.3-win32/bin/../lib/gcc/arm-none-eabi/10.3.1/../../../../arm-none-eabi/lib/thumb/v7-m/nofp\libc.a(lib_a-exit.o) (_global_impure_ptr)
f:/gcc-arm-none-eabi-10.3-win32/bin/../lib/gcc/arm-none-eabi/10.3.1/../../../../arm-none-eabi/lib/thumb/v7-m/nofp\libc.a(lib_a-init.o)
                              f:/gcc-arm-none-eabi-10.3-win32/bin/../lib/gcc/arm-none-eabi/10.3.1/../../../../arm-none-eabi/lib/thumb/v7-m/nofp/crt0.o (__libc_init_array)
f:/gcc-arm-none-eabi-10.3-win32/bin/../lib/gcc/arm-none-eabi/10.3.1/../../../../arm-none-eabi/lib/thumb/v7-m/nofp\libc.a(lib_a-malloc.o)
                              CMakeFiles/FreeRTOS.elf.dir/BSP/LCD/GUI_DEV/GUI_Paint.c.obj (malloc)
f:/gcc-arm-none-eabi-10.3-win32/bin/../lib/gcc/arm-none-eabi/10.3.1/../../../../arm-none-eabi/lib/thumb/v7-m/nofp\libc.a(lib_a-mallocr.o)
                              f:/gcc-arm-none-eabi-10.3-win32/bin/../lib/gcc/arm-none-eabi/10.3.1/../../../../arm-none-eabi/lib/thumb/v7-m/nofp\libc.a(lib_a-malloc.o) (_malloc_r)
f:/gcc-arm-none-eabi-10.3-win32/bin/../lib/gcc/arm-none-eabi/10.3.1/../../../../arm-none-eabi/lib/thumb/v7-m/nofp\libc.a(lib_a-memchr-stub.o)
                              CMakeFiles/FreeRTOS.elf.dir/Components/EasyLogger/easylogger/src/elog.c.obj (memchr)
f:/gcc-arm-none-eabi-10.3-win32/bin/../lib/gcc/arm-none-eabi/10.3.1/../../../../arm-none-eabi/lib/thumb/v7-m/nofp\libc.a(lib_a-memcmp.o)
                              CMakeFiles/FreeRTOS.elf.dir/GUI/lvgl/src/misc/lv_lru.c.obj (memcmp)
f:/gcc-arm-none-eabi-10.3-win32/bin/../lib/gcc/arm-none-eabi/10.3.1/../../../../arm-none-eabi/lib/thumb/v7-m/nofp\libc.a(lib_a-memcpy.o)
                              CMakeFiles/FreeRTOS.elf.dir/BSP/LCD/GUI_DEV/GUI_Paint.c.obj (memcpy)
f:/gcc-arm-none-eabi-10.3-win32/bin/../lib/gcc/arm-none-eabi/10.3.1/../../../../arm-none-eabi/lib/thumb/v7-m/nofp\libc.a(lib_a-memmove.o)
                              CMakeFiles/FreeRTOS.elf.dir/GUI/lvgl/src/core/lv_event.c.obj (memmove)
f:/gcc-arm-none-eabi-10.3-win32/bin/../lib/gcc/arm-none-eabi/10.3.1/../../../../arm-none-eabi/lib/thumb/v7-m/nofp\libc.a(lib_a-memset.o)
                              f:/gcc-arm-none-eabi-10.3-win32/bin/../lib/gcc/arm-none-eabi/10.3.1/../../../../arm-none-eabi/lib/thumb/v7-m/nofp/crt0.o (memset)
f:/gcc-arm-none-eabi-10.3-win32/bin/../lib/gcc/arm-none-eabi/10.3.1/../../../../arm-none-eabi/lib/thumb/v7-m/nofp\libc.a(lib_a-mlock.o)
                              f:/gcc-arm-none-eabi-10.3-win32/bin/../lib/gcc/arm-none-eabi/10.3.1/../../../../arm-none-eabi/lib/thumb/v7-m/nofp\libc.a(lib_a-mallocr.o) (__malloc_lock)
f:/gcc-arm-none-eabi-10.3-win32/bin/../lib/gcc/arm-none-eabi/10.3.1/../../../../arm-none-eabi/lib/thumb/v7-m/nofp\libc.a(lib_a-printf.o)
                              CMakeFiles/FreeRTOS.elf.dir/User/app_flash.c.obj (printf)
f:/gcc-arm-none-eabi-10.3-win32/bin/../lib/gcc/arm-none-eabi/10.3.1/../../../../arm-none-eabi/lib/thumb/v7-m/nofp\libc.a(lib_a-puts.o)
                              CMakeFiles/FreeRTOS.elf.dir/Core/Src/main.c.obj (puts)
f:/gcc-arm-none-eabi-10.3-win32/bin/../lib/gcc/arm-none-eabi/10.3.1/../../../../arm-none-eabi/lib/thumb/v7-m/nofp\libc.a(lib_a-sbrkr.o)
                              f:/gcc-arm-none-eabi-10.3-win32/bin/../lib/gcc/arm-none-eabi/10.3.1/../../../../arm-none-eabi/lib/thumb/v7-m/nofp\libc.a(lib_a-mallocr.o) (_sbrk_r)
f:/gcc-arm-none-eabi-10.3-win32/bin/../lib/gcc/arm-none-eabi/10.3.1/../../../../arm-none-eabi/lib/thumb/v7-m/nofp\libc.a(lib_a-setbuf.o)
[...]
Memory Configuration

Name             Origin             Length             Attributes
RAM              0x20000000         0x00010000         xrw
FLASH            0x08000000         0x00040000         xr
*default*        0x00000000         0xffffffff

Linker script and memory map

LOAD f:/gcc-arm-none-eabi-10.3-win32/bin/../lib/gcc/arm-none-eabi/10.3.1/thumb/v7-m/nofp/crti.o
LOAD f:/gcc-arm-none-eabi-10.3-win32/bin/../lib/gcc/arm-none-eabi/10.3.1/thumb/v7-m/nofp/crtbegin.o
LOAD f:/gcc-arm-none-eabi-10.3-win32/bin/../lib/gcc/arm-none-eabi/10.3.1/../../../../arm-none-eabi/lib/thumb/v7-m/nofp/crt0.o
LOAD CMakeFiles/FreeRTOS.elf.dir/BSP/LCD/Config/DEV_Config.c.obj
LOAD CMakeFiles/FreeRTOS.elf.dir/BSP/LCD/Config/SPI_software.c.obj
LOAD CMakeFiles/FreeRTOS.elf.dir/BSP/LCD/Fonts/font12.c.obj
LOAD CMakeFiles/FreeRTOS.elf.dir/BSP/LCD/Fonts/font12CN.c.obj
LOAD CMakeFiles/FreeRTOS.elf.dir/BSP/LCD/Fonts/font16.c.obj
LOAD CMakeFiles/FreeRTOS.elf.dir/BSP/LCD/Fonts/font20.c.obj
LOAD CMakeFiles/FreeRTOS.elf.dir/BSP/LCD/Fonts/font24.c.obj
LOAD CMakeFiles/FreeRTOS.elf.dir/BSP/LCD/Fonts/font24CN.c.obj
LOAD CMakeFiles/FreeRTOS.elf.dir/BSP/LCD/Fonts/font8.c.obj
LOAD CMakeFiles/FreeRTOS.elf.dir/BSP/LCD/GUI_DEV/GUI_Paint.c.obj
LOAD CMakeFiles/FreeRTOS.elf.dir/BSP/LCD/LCD/LCD_2inch4.c.obj
LOAD CMakeFiles/FreeRTOS.elf.dir/BSP/LCD/example/LCD_2inch4_test.c.obj
LOAD CMakeFiles/FreeRTOS.elf.dir/BSP/LCD/image/image.c.obj
LOAD CMakeFiles/FreeRTOS.elf.dir/Components/EasyLogger/easylogger/port/elog_port.c.obj
LOAD CMakeFiles/FreeRTOS.elf.dir/Components/EasyLogger/easylogger/src/elog.c.obj
LOAD CMakeFiles/FreeRTOS.elf.dir/Components/EasyLogger/easylogger/src/elog_async.c.obj
LOAD CMakeFiles/FreeRTOS.elf.dir/Components/EasyLogger/easylogger/src/elog_buf.c.obj
LOAD CMakeFiles/FreeRTOS.elf.dir/Components/EasyLogger/easylogger/src/elog_utils.c.obj
LOAD CMakeFiles/FreeRTOS.elf.dir/Components/FreeModbus/modbus/functions/mbfunccoils.c.obj
LOAD CMakeFiles/FreeRTOS.elf.dir/Components/FreeModbus/modbus/functions/mbfuncdiag.c.obj
LOAD CMakeFiles/FreeRTOS.elf.dir/Components/FreeModbus/modbus/functions/mbfuncdisc.c.obj
LOAD CMakeFiles/FreeRTOS.elf.dir/Components/FreeModbus/modbus/functions/mbfuncholding.c.obj
LOAD CMakeFiles/FreeRTOS.elf.dir/Components/FreeModbus/modbus/functions/mbfuncinput.c.obj
LOAD CMakeFiles/FreeRTOS.elf.dir/Components/FreeModbus/modbus/functions/mbfuncother.c.obj
LOAD CMakeFiles/FreeRTOS.elf.dir/Components/FreeModbus/modbus/functions/mbutils.c.obj
LOAD CMakeFiles/FreeRTOS.elf.dir/Components/FreeModbus/modbus/mb.c.obj
LOAD CMakeFiles/FreeRTOS.elf.dir/Components/FreeModbus/modbus/rtu/mbcrc.c.obj
LOAD CMakeFiles/FreeRTOS.elf.dir/Components/FreeModbus/modbus/rtu/mbrtu.c.obj
LOAD CMakeFiles/FreeRTOS.elf.dir/Components/FreeModbus/port/portevent.c.obj
LOAD CMakeFiles/FreeRTOS.elf.dir/Components/FreeModbus/port/portserial.c.obj
LOAD CMakeFiles/FreeRTOS.elf.dir/Components/FreeModbus/port/porttimer.c.obj
LOAD CMakeFiles/FreeRTOS.elf.dir/Components/protocols/app_UART/user_protocol_Uart.c.obj
LOAD CMakeFiles/FreeRTOS.elf.dir/Components/protocols/user_protocol.c.obj
LOAD CMakeFiles/FreeRTOS.elf.dir/Core/Src/dma.c.obj
LOAD CMakeFiles/FreeRTOS.elf.dir/Core/Src/gpio.c.obj
LOAD CMakeFiles/FreeRTOS.elf.dir/Core/Src/main.c.obj
LOAD CMakeFiles/FreeRTOS.elf.dir/Core/Src/spi.c.obj
LOAD CMakeFiles/FreeRTOS.elf.dir/Core/Src/stm32f1xx_hal_msp.c.obj
LOAD CMakeFiles/FreeRTOS.elf.dir/Core/Src/stm32f1xx_hal_timebase_tim.c.obj
LOAD CMakeFiles/FreeRTOS.elf.dir/Core/Src/stm32f1xx_it.c.obj
LOAD CMakeFiles/FreeRTOS.elf.dir/Core/Src/syscalls.c.obj
LOAD CMakeFiles/FreeRTOS.elf.dir/Core/Src/system_stm32f1xx.c.obj
LOAD CMakeFiles/FreeRTOS.elf.dir/Core/Src/tim.c.obj
LOAD CMakeFiles/FreeRTOS.elf.dir/Core/Src/usart.c.obj
LOAD CMakeFiles/FreeRTOS.elf.dir/Drivers/STM32F1xx_HAL_Driver/Src/stm32f1xx_hal.c.obj
LOAD CMakeFiles/FreeRTOS.elf.dir/Drivers/STM32F1xx_HAL_Driver/Src/stm32f1xx_hal_cortex.c.obj
LOAD CMakeFiles/FreeRTOS.elf.dir/Drivers/STM32F1xx_HAL_Driver/Src/stm32f1xx_hal_dma.c.obj
LOAD CMakeFiles/FreeRTOS.elf.dir/Drivers/STM32F1xx_HAL_Driver/Src/stm32f1xx_hal_exti.c.obj
LOAD CMakeFiles/FreeRTOS.elf.dir/Drivers/STM32F1xx_HAL_Driver/Src/stm32f1xx_hal_flash.c.obj
LOAD CMakeFiles/FreeRTOS.elf.dir/Drivers/STM32F1xx_HAL_Driver/Src/stm32f1xx_hal_flash_ex.c.obj
LOAD CMakeFiles/FreeRTOS.elf.dir/Drivers/STM32F1xx_HAL_Driver/Src/stm32f1xx_hal_gpio.c.obj
LOAD CMakeFiles/FreeRTOS.elf.dir/Drivers/STM32F1xx_HAL_Driver/Src/stm32f1xx_hal_gpio_ex.c.obj
LOAD CMakeFiles/FreeRTOS.elf.dir/Drivers/STM32F1xx_HAL_Driver/Src/stm32f1xx_hal_pwr.c.obj
LOAD CMakeFiles/FreeRTOS.elf.dir/Drivers/STM32F1xx_HAL_Driver/Src/stm32f1xx_hal_rcc.c.obj
LOAD CMakeFiles/FreeRTOS.elf.dir/Drivers/STM32F1xx_HAL_Driver/Src/stm32f1xx_hal_rcc_ex.c.obj
LOAD CMakeFiles/FreeRTOS.elf.dir/Drivers/STM32F1xx_HAL_Driver/Src/stm32f1xx_hal_spi.c.obj
LOAD CMakeFiles/FreeRTOS.elf.dir/Drivers/STM32F1xx_HAL_Driver/Src/stm32f1xx_hal_tim.c.obj
LOAD CMakeFiles/FreeRTOS.elf.dir/Drivers/STM32F1xx_HAL_Driver/Src/stm32f1xx_hal_tim_ex.c.obj
LOAD CMakeFiles/FreeRTOS.elf.dir/Drivers/STM32F1xx_HAL_Driver/Src/stm32f1xx_hal_uart.c.obj
LOAD CMakeFiles/FreeRTOS.elf.dir/FreeRTOS/croutine.c.obj
LOAD CMakeFiles/FreeRTOS.elf.dir/FreeRTOS/event_groups.c.obj
LOAD CMakeFiles/FreeRTOS.elf.dir/FreeRTOS/list.c.obj
LOAD CMakeFiles/FreeRTOS.elf.dir/FreeRTOS/portable/GCC/ARM_CM3/port.c.obj
LOAD CMakeFiles/FreeRTOS.elf.dir/FreeRTOS/portable/MemMang/heap_4.c.obj
LOAD CMakeFiles/FreeRTOS.elf.dir/FreeRTOS/queue.c.obj
LOAD CMakeFiles/FreeRTOS.elf.dir/FreeRTOS/stream_buffer.c.obj
LOAD CMakeFiles/FreeRTOS.elf.dir/FreeRTOS/tasks.c.obj
LOAD CMakeFiles/FreeRTOS.elf.dir/FreeRTOS/timers.c.obj
LOAD CMakeFiles/FreeRTOS.elf.dir/GUI/lvgl/src/core/lv_disp.c.obj
LOAD CMakeFiles/FreeRTOS.elf.dir/GUI/lvgl/src/core/lv_event.c.obj
LOAD CMakeFiles/FreeRTOS.elf.dir/GUI/lvgl/src/core/lv_group.c.obj
LOAD CMakeFiles/FreeRTOS.elf.dir/GUI/lvgl/src/core/lv_indev.c.obj
LOAD CMakeFiles/FreeRTOS.elf.dir/GUI/lvgl/src/core/lv_indev_scroll.c.obj
LOAD CMakeFiles/FreeRTOS.elf.dir/GUI/lvgl/src/core/lv_obj.c.obj
LOAD CMakeFiles/FreeRTOS.elf.dir/GUI/lvgl/src/core/lv_obj_class.c.obj
LOAD CMakeFiles/FreeRTOS.elf.dir/GUI/lvgl/src/core/lv_obj_draw.c.obj
LOAD CMakeFiles/FreeRTOS.elf.dir/GUI/lvgl/src/core/lv_obj_pos.c.obj
LOAD CMakeFiles/FreeRTOS.elf.dir/GUI/lvgl/src/core/lv_obj_scroll.c.obj
LOAD CMakeFiles/FreeRTOS.elf.dir/GUI/lvgl/src/core/lv_obj_style.c.obj
LOAD CMakeFiles/FreeRTOS.elf.dir/GUI/lvgl/src/core/lv_obj_style_gen.c.obj
LOAD CMakeFiles/FreeRTOS.elf.dir/GUI/lvgl/src/core/lv_obj_tree.c.obj
LOAD CMakeFiles/FreeRTOS.elf.dir/GUI/lvgl/src/core/lv_refr.c.obj
LOAD CMakeFiles/FreeRTOS.elf.dir/GUI/lvgl/src/core/lv_theme.c.obj
LOAD CMakeFiles/FreeRTOS.elf.dir/GUI/lvgl/src/draw/arm2d/lv_gpu_arm2d.c.obj
LOAD CMakeFiles/FreeRTOS.elf.dir/GUI/lvgl/src/draw/lv_draw.c.obj
LOAD CMakeFiles/FreeRTOS.elf.dir/GUI/lvgl/src/draw/lv_draw_arc.c.obj
LOAD CMakeFiles/FreeRTOS.elf.dir/GUI/lvgl/src/draw/lv_draw_img.c.obj
LOAD CMakeFiles/FreeRTOS.elf.dir/GUI/lvgl/src/draw/lv_draw_label.c.obj
LOAD CMakeFiles/FreeRTOS.elf.dir/GUI/lvgl/src/draw/lv_draw_layer.c.obj
LOAD CMakeFiles/FreeRTOS.elf.dir/GUI/lvgl/src/draw/lv_draw_line.c.obj
LOAD CMakeFiles/FreeRTOS.elf.dir/GUI/lvgl/src/draw/lv_draw_mask.c.obj
LOAD CMakeFiles/FreeRTOS.elf.dir/GUI/lvgl/src/draw/lv_draw_rect.c.obj
LOAD CMakeFiles/FreeRTOS.elf.dir/GUI/lvgl/src/draw/lv_draw_transform.c.obj
LOAD CMakeFiles/FreeRTOS.elf.dir/GUI/lvgl/src/draw/lv_draw_triangle.c.obj
LOAD CMakeFiles/FreeRTOS.elf.dir/GUI/lvgl/src/draw/lv_img_buf.c.obj
LOAD CMakeFiles/FreeRTOS.elf.dir/GUI/lvgl/src/draw/lv_img_cache.c.obj
LOAD CMakeFiles/FreeRTOS.elf.dir/GUI/lvgl/src/draw/lv_img_decoder.c.obj
LOAD CMakeFiles/FreeRTOS.elf.dir/GUI/lvgl/src/draw/nxp/pxp/lv_draw_pxp.c.obj
LOAD CMakeFiles/FreeRTOS.elf.dir/GUI/lvgl/src/draw/nxp/pxp/lv_draw_pxp_blend.c.obj
LOAD CMakeFiles/FreeRTOS.elf.dir/GUI/lvgl/src/draw/nxp/pxp/lv_gpu_nxp_pxp.c.obj
LOAD CMakeFiles/FreeRTOS.elf.dir/GUI/lvgl/src/draw/nxp/pxp/lv_gpu_nxp_pxp_osa.c.obj
LOAD CMakeFiles/FreeRTOS.elf.dir/GUI/lvgl/src/draw/nxp/vglite/lv_draw_vglite.c.obj
LOAD CMakeFiles/FreeRTOS.elf.dir/GUI/lvgl/src/draw/nxp/vglite/lv_draw_vglite_arc.c.obj
LOAD CMakeFiles/FreeRTOS.elf.dir/GUI/lvgl/src/draw/nxp/vglite/lv_draw_vglite_blend.c.obj
LOAD CMakeFiles/FreeRTOS.elf.dir/GUI/lvgl/src/draw/nxp/vglite/lv_draw_vglite_line.c.obj
LOAD CMakeFiles/FreeRTOS.elf.dir/GUI/lvgl/src/draw/nxp/vglite/lv_draw_vglite_rect.c.obj
LOAD CMakeFiles/FreeRTOS.elf.dir/GUI/lvgl/src/draw/nxp/vglite/lv_vglite_buf.c.obj
LOAD CMakeFiles/FreeRTOS.elf.dir/GUI/lvgl/src/draw/nxp/vglite/lv_vglite_utils.c.obj
LOAD CMakeFiles/FreeRTOS.elf.dir/GUI/lvgl/src/draw/sdl/lv_draw_sdl.c.obj
LOAD CMakeFiles/FreeRTOS.elf.dir/GUI/lvgl/src/draw/sdl/lv_draw_sdl_arc.c.obj
LOAD CMakeFiles/FreeRTOS.elf.dir/GUI/lvgl/src/draw/sdl/lv_draw_sdl_bg.c.obj
LOAD CMakeFiles/FreeRTOS.elf.dir/GUI/lvgl/src/draw/sdl/lv_draw_sdl_composite.c.obj
LOAD CMakeFiles/FreeRTOS.elf.dir/GUI/lvgl/src/draw/sdl/lv_draw_sdl_img.c.obj
LOAD CMakeFiles/FreeRTOS.elf.dir/GUI/lvgl/src/draw/sdl/lv_draw_sdl_label.c.obj
LOAD CMakeFiles/FreeRTOS.elf.dir/GUI/lvgl/src/draw/sdl/lv_draw_sdl_layer.c.obj
LOAD CMakeFiles/FreeRTOS.elf.dir/GUI/lvgl/src/draw/sdl/lv_draw_sdl_line.c.obj
LOAD CMakeFiles/FreeRTOS.elf.dir/GUI/lvgl/src/draw/sdl/lv_draw_sdl_mask.c.obj
LOAD CMakeFiles/FreeRTOS.elf.dir/GUI/lvgl/src/draw/sdl/lv_draw_sdl_polygon.c.obj
LOAD CMakeFiles/FreeRTOS.elf.dir/GUI/lvgl/src/draw/sdl/lv_draw_sdl_rect.c.obj
LOAD CMakeFiles/FreeRTOS.elf.dir/GUI/lvgl/src/draw/sdl/lv_draw_sdl_stack_blur.c.obj
LOAD CMakeFiles/FreeRTOS.elf.dir/GUI/lvgl/src/draw/sdl/lv_draw_sdl_texture_cache.c.obj
LOAD CMakeFiles/FreeRTOS.elf.dir/GUI/lvgl/src/draw/sdl/lv_draw_sdl_utils.c.obj
LOAD CMakeFiles/FreeRTOS.elf.dir/GUI/lvgl/src/draw/stm32_dma2d/lv_gpu_stm32_dma2d.c.obj
LOAD CMakeFiles/FreeRTOS.elf.dir/GUI/lvgl/src/draw/sw/lv_draw_sw.c.obj
LOAD CMakeFiles/FreeRTOS.elf.dir/GUI/lvgl/src/draw/sw/lv_draw_sw_arc.c.obj
LOAD CMakeFiles/FreeRTOS.elf.dir/GUI/lvgl/src/draw/sw/lv_draw_sw_blend.c.obj
LOAD CMakeFiles/FreeRTOS.elf.dir/GUI/lvgl/src/draw/sw/lv_draw_sw_dither.c.obj
LOAD CMakeFiles/FreeRTOS.elf.dir/GUI/lvgl/src/draw/sw/lv_draw_sw_gradient.c.obj
LOAD CMakeFiles/FreeRTOS.elf.dir/GUI/lvgl/src/draw/sw/lv_draw_sw_img.c.obj
LOAD CMakeFiles/FreeRTOS.elf.dir/GUI/lvgl/src/draw/sw/lv_draw_sw_layer.c.obj
LOAD CMakeFiles/FreeRTOS.elf.dir/GUI/lvgl/src/draw/sw/lv_draw_sw_letter.c.obj
LOAD CMakeFiles/FreeRTOS.elf.dir/GUI/lvgl/src/draw/sw/lv_draw_sw_line.c.obj
LOAD CMakeFiles/FreeRTOS.elf.dir/GUI/lvgl/src/draw/sw/lv_draw_sw_polygon.c.obj
LOAD CMakeFiles/FreeRTOS.elf.dir/GUI/lvgl/src/draw/sw/lv_draw_sw_rect.c.obj
LOAD CMakeFiles/FreeRTOS.elf.dir/GUI/lvgl/src/draw/sw/lv_draw_sw_transform.c.obj
LOAD CMakeFiles/FreeRTOS.elf.dir/GUI/lvgl/src/draw/swm341_dma2d/lv_gpu_swm341_dma2d.c.obj
LOAD CMakeFiles/FreeRTOS.elf.dir/GUI/lvgl/src/extra/layouts/flex/lv_flex.c.obj
LOAD CMakeFiles/FreeRTOS.elf.dir/GUI/lvgl/src/extra/layouts/grid/lv_grid.c.obj
LOAD CMakeFiles/FreeRTOS.elf.dir/GUI/lvgl/src/extra/libs/bmp/lv_bmp.c.obj
LOAD CMakeFiles/FreeRTOS.elf.dir/GUI/lvgl/src/extra/libs/ffmpeg/lv_ffmpeg.c.obj
LOAD CMakeFiles/FreeRTOS.elf.dir/GUI/lvgl/src/extra/libs/freetype/lv_freetype.c.obj
LOAD CMakeFiles/FreeRTOS.elf.dir/GUI/lvgl/src/extra/libs/fsdrv/lv_fs_fatfs.c.obj
LOAD CMakeFiles/FreeRTOS.elf.dir/GUI/lvgl/src/extra/libs/fsdrv/lv_fs_posix.c.obj
LOAD CMakeFiles/FreeRTOS.elf.dir/GUI/lvgl/src/extra/libs/fsdrv/lv_fs_stdio.c.obj
LOAD CMakeFiles/FreeRTOS.elf.dir/GUI/lvgl/src/extra/libs/fsdrv/lv_fs_win32.c.obj
LOAD CMakeFiles/FreeRTOS.elf.dir/GUI/lvgl/src/extra/libs/gif/gifdec.c.obj
LOAD CMakeFiles/FreeRTOS.elf.dir/GUI/lvgl/src/extra/libs/gif/lv_gif.c.obj
LOAD CMakeFiles/FreeRTOS.elf.dir/GUI/lvgl/src/extra/libs/png/lodepng.c.obj
LOAD CMakeFiles/FreeRTOS.elf.dir/GUI/lvgl/src/extra/libs/png/lv_png.c.obj
LOAD CMakeFiles/FreeRTOS.elf.dir/GUI/lvgl/src/extra/libs/qrcode/lv_qrcode.c.obj
LOAD CMakeFiles/FreeRTOS.elf.dir/GUI/lvgl/src/extra/libs/qrcode/qrcodegen.c.obj
LOAD CMakeFiles/FreeRTOS.elf.dir/GUI/lvgl/src/extra/libs/rlottie/lv_rlottie.c.obj
LOAD CMakeFiles/FreeRTOS.elf.dir/GUI/lvgl/src/extra/libs/sjpg/lv_sjpg.c.obj
LOAD CMakeFiles/FreeRTOS.elf.dir/GUI/lvgl/src/extra/libs/sjpg/tjpgd.c.obj
LOAD CMakeFiles/FreeRTOS.elf.dir/GUI/lvgl/src/extra/lv_extra.c.obj
LOAD CMakeFiles/FreeRTOS.elf.dir/GUI/lvgl/src/extra/others/fragment/lv_fragment.c.obj
LOAD CMakeFiles/FreeRTOS.elf.dir/GUI/lvgl/src/extra/others/fragment/lv_fragment_manager.c.obj
LOAD CMakeFiles/FreeRTOS.elf.dir/GUI/lvgl/src/extra/others/gridnav/lv_gridnav.c.obj
LOAD CMakeFiles/FreeRTOS.elf.dir/GUI/lvgl/src/extra/others/ime/lv_ime_pinyin.c.obj
LOAD CMakeFiles/FreeRTOS.elf.dir/GUI/lvgl/src/extra/others/imgfont/lv_imgfont.c.obj
LOAD CMakeFiles/FreeRTOS.elf.dir/GUI/lvgl/src/extra/others/monkey/lv_monkey.c.obj
LOAD CMakeFiles/FreeRTOS.elf.dir/GUI/lvgl/src/extra/others/msg/lv_msg.c.obj
LOAD CMakeFiles/FreeRTOS.elf.dir/GUI/lvgl/src/extra/others/snapshot/lv_snapshot.c.obj
LOAD CMakeFiles/FreeRTOS.elf.dir/GUI/lvgl/src/extra/themes/basic/lv_theme_basic.c.obj
LOAD CMakeFiles/FreeRTOS.elf.dir/GUI/lvgl/src/extra/themes/default/lv_theme_default.c.obj
LOAD CMakeFiles/FreeRTOS.elf.dir/GUI/lvgl/src/extra/themes/mono/lv_theme_mono.c.obj
LOAD CMakeFiles/FreeRTOS.elf.dir/GUI/lvgl/src/extra/widgets/animimg/lv_animimg.c.obj
LOAD CMakeFiles/FreeRTOS.elf.dir/GUI/lvgl/src/extra/widgets/calendar/lv_calendar.c.obj
LOAD CMakeFiles/FreeRTOS.elf.dir/GUI/lvgl/src/extra/widgets/calendar/lv_calendar_header_arrow.c.obj
LOAD CMakeFiles/FreeRTOS.elf.dir/GUI/lvgl/src/extra/widgets/calendar/lv_calendar_header_dropdown.c.obj
LOAD CMakeFiles/FreeRTOS.elf.dir/GUI/lvgl/src/extra/widgets/chart/lv_chart.c.obj
LOAD CMakeFiles/FreeRTOS.elf.dir/GUI/lvgl/src/extra/widgets/colorwheel/lv_colorwheel.c.obj
LOAD CMakeFiles/FreeRTOS.elf.dir/GUI/lvgl/src/extra/widgets/imgbtn/lv_imgbtn.c.obj
LOAD CMakeFiles/FreeRTOS.elf.dir/GUI/lvgl/src/extra/widgets/keyboard/lv_keyboard.c.obj
LOAD CMakeFiles/FreeRTOS.elf.dir/GUI/lvgl/src/extra/widgets/led/lv_led.c.obj
LOAD CMakeFiles/FreeRTOS.elf.dir/GUI/lvgl/src/extra/widgets/list/lv_list.c.obj
LOAD CMakeFiles/FreeRTOS.elf.dir/GUI/lvgl/src/extra/widgets/menu/lv_menu.c.obj
LOAD CMakeFiles/FreeRTOS.elf.dir/GUI/lvgl/src/extra/widgets/meter/lv_meter.c.obj
LOAD CMakeFiles/FreeRTOS.elf.dir/GUI/lvgl/src/extra/widgets/msgbox/lv_msgbox.c.obj
LOAD CMakeFiles/FreeRTOS.elf.dir/GUI/lvgl/src/extra/widgets/span/lv_span.c.obj
LOAD CMakeFiles/FreeRTOS.elf.dir/GUI/lvgl/src/extra/widgets/spinbox/lv_spinbox.c.obj
LOAD CMakeFiles/FreeRTOS.elf.dir/GUI/lvgl/src/extra/widgets/spinner/lv_spinner.c.obj
LOAD CMakeFiles/FreeRTOS.elf.dir/GUI/lvgl/src/extra/widgets/tabview/lv_tabview.c.obj
LOAD CMakeFiles/FreeRTOS.elf.dir/GUI/lvgl/src/extra/widgets/tileview/lv_tileview.c.obj
LOAD CMakeFiles/FreeRTOS.elf.dir/GUI/lvgl/src/extra/widgets/win/lv_win.c.obj
LOAD CMakeFiles/FreeRTOS.elf.dir/GUI/lvgl/src/font/lv_font.c.obj
LOAD CMakeFiles/FreeRTOS.elf.dir/GUI/lvgl/src/font/lv_font_dejavu_16_persian_hebrew.c.obj
LOAD CMakeFiles/FreeRTOS.elf.dir/GUI/lvgl/src/font/lv_font_fmt_txt.c.obj
LOAD CMakeFiles/FreeRTOS.elf.dir/GUI/lvgl/src/font/lv_font_loader.c.obj
LOAD CMakeFiles/FreeRTOS.elf.dir/GUI/lvgl/src/font/lv_font_montserrat_10.c.obj
LOAD CMakeFiles/FreeRTOS.elf.dir/GUI/lvgl/src/font/lv_font_montserrat_12.c.obj
LOAD CMakeFiles/FreeRTOS.elf.dir/GUI/lvgl/src/font/lv_font_montserrat_12_subpx.c.obj
LOAD CMakeFiles/FreeRTOS.elf.dir/GUI/lvgl/src/font/lv_font_montserrat_14.c.obj
LOAD CMakeFiles/FreeRTOS.elf.dir/GUI/lvgl/src/font/lv_font_montserrat_16.c.obj
LOAD CMakeFiles/FreeRTOS.elf.dir/GUI/lvgl/src/font/lv_font_montserrat_18.c.obj
LOAD CMakeFiles/FreeRTOS.elf.dir/GUI/lvgl/src/font/lv_font_montserrat_20.c.obj
LOAD CMakeFiles/FreeRTOS.elf.dir/GUI/lvgl/src/font/lv_font_montserrat_22.c.obj
LOAD CMakeFiles/FreeRTOS.elf.dir/GUI/lvgl/src/font/lv_font_montserrat_24.c.obj
LOAD CMakeFiles/FreeRTOS.elf.dir/GUI/lvgl/src/font/lv_font_montserrat_26.c.obj
LOAD CMakeFiles/FreeRTOS.elf.dir/GUI/lvgl/src/font/lv_font_montserrat_28.c.obj
LOAD CMakeFiles/FreeRTOS.elf.dir/GUI/lvgl/src/font/lv_font_montserrat_28_compressed.c.obj
LOAD CMakeFiles/FreeRTOS.elf.dir/GUI/lvgl/src/font/lv_font_montserrat_30.c.obj
LOAD CMakeFiles/FreeRTOS.elf.dir/GUI/lvgl/src/font/lv_font_montserrat_32.c.obj
LOAD CMakeFiles/FreeRTOS.elf.dir/GUI/lvgl/src/font/lv_font_montserrat_34.c.obj
LOAD CMakeFiles/FreeRTOS.elf.dir/GUI/lvgl/src/font/lv_font_montserrat_36.c.obj
LOAD CMakeFiles/FreeRTOS.elf.dir/GUI/lvgl/src/font/lv_font_montserrat_38.c.obj
LOAD CMakeFiles/FreeRTOS.elf.dir/GUI/lvgl/src/font/lv_font_montserrat_40.c.obj
LOAD CMakeFiles/FreeRTOS.elf.dir/GUI/lvgl/src/font/lv_font_montserrat_42.c.obj
LOAD CMakeFiles/FreeRTOS.elf.dir/GUI/lvgl/src/font/lv_font_montserrat_44.c.obj
LOAD CMakeFiles/FreeRTOS.elf.dir/GUI/lvgl/src/font/lv_font_montserrat_46.c.obj
LOAD CMakeFiles/FreeRTOS.elf.dir/GUI/lvgl/src/font/lv_font_montserrat_48.c.obj
LOAD CMakeFiles/FreeRTOS.elf.dir/GUI/lvgl/src/font/lv_font_montserrat_8.c.obj
LOAD CMakeFiles/FreeRTOS.elf.dir/GUI/lvgl/src/font/lv_font_simsun_16_cjk.c.obj
LOAD CMakeFiles/FreeRTOS.elf.dir/GUI/lvgl/src/font/lv_font_unscii_16.c.obj
LOAD CMakeFiles/FreeRTOS.elf.dir/GUI/lvgl/src/font/lv_font_unscii_8.c.obj
LOAD CMakeFiles/FreeRTOS.elf.dir/GUI/lvgl/src/hal/lv_hal_disp.c.obj
LOAD CMakeFiles/FreeRTOS.elf.dir/GUI/lvgl/src/hal/lv_hal_indev.c.obj
LOAD CMakeFiles/FreeRTOS.elf.dir/GUI/lvgl/src/hal/lv_hal_tick.c.obj
LOAD CMakeFiles/FreeRTOS.elf.dir/GUI/lvgl/src/misc/lv_anim.c.obj
LOAD CMakeFiles/FreeRTOS.elf.dir/GUI/lvgl/src/misc/lv_anim_timeline.c.obj
LOAD CMakeFiles/FreeRTOS.elf.dir/GUI/lvgl/src/misc/lv_area.c.obj
LOAD CMakeFiles/FreeRTOS.elf.dir/GUI/lvgl/src/misc/lv_async.c.obj
LOAD CMakeFiles/FreeRTOS.elf.dir/GUI/lvgl/src/misc/lv_bidi.c.obj
LOAD CMakeFiles/FreeRTOS.elf.dir/GUI/lvgl/src/misc/lv_color.c.obj
LOAD CMakeFiles/FreeRTOS.elf.dir/GUI/lvgl/src/misc/lv_fs.c.obj
LOAD CMakeFiles/FreeRTOS.elf.dir/GUI/lvgl/src/misc/lv_gc.c.obj
LOAD CMakeFiles/FreeRTOS.elf.dir/GUI/lvgl/src/misc/lv_ll.c.obj
LOAD CMakeFiles/FreeRTOS.elf.dir/GUI/lvgl/src/misc/lv_log.c.obj
LOAD CMakeFiles/FreeRTOS.elf.dir/GUI/lvgl/src/misc/lv_lru.c.obj
LOAD CMakeFiles/FreeRTOS.elf.dir/GUI/lvgl/src/misc/lv_math.c.obj
LOAD CMakeFiles/FreeRTOS.elf.dir/GUI/lvgl/src/misc/lv_mem.c.obj
LOAD CMakeFiles/FreeRTOS.elf.dir/GUI/lvgl/src/misc/lv_printf.c.obj
LOAD CMakeFiles/FreeRTOS.elf.dir/GUI/lvgl/src/misc/lv_style.c.obj
LOAD CMakeFiles/FreeRTOS.elf.dir/GUI/lvgl/src/misc/lv_style_gen.c.obj
LOAD CMakeFiles/FreeRTOS.elf.dir/GUI/lvgl/src/misc/lv_templ.c.obj
LOAD CMakeFiles/FreeRTOS.elf.dir/GUI/lvgl/src/misc/lv_timer.c.obj
LOAD CMakeFiles/FreeRTOS.elf.dir/GUI/lvgl/src/misc/lv_tlsf.c.obj
LOAD CMakeFiles/FreeRTOS.elf.dir/GUI/lvgl/src/misc/lv_txt.c.obj
LOAD CMakeFiles/FreeRTOS.elf.dir/GUI/lvgl/src/misc/lv_txt_ap.c.obj
LOAD CMakeFiles/FreeRTOS.elf.dir/GUI/lvgl/src/misc/lv_utils.c.obj
LOAD CMakeFiles/FreeRTOS.elf.dir/GUI/lvgl/src/widgets/lv_arc.c.obj
LOAD CMakeFiles/FreeRTOS.elf.dir/GUI/lvgl/src/widgets/lv_bar.c.obj
LOAD CMakeFiles/FreeRTOS.elf.dir/GUI/lvgl/src/widgets/lv_btn.c.obj
LOAD CMakeFiles/FreeRTOS.elf.dir/GUI/lvgl/src/widgets/lv_btnmatrix.c.obj
LOAD CMakeFiles/FreeRTOS.elf.dir/GUI/lvgl/src/widgets/lv_canvas.c.obj
LOAD CMakeFiles/FreeRTOS.elf.dir/GUI/lvgl/src/widgets/lv_checkbox.c.obj
LOAD CMakeFiles/FreeRTOS.elf.dir/GUI/lvgl/src/widgets/lv_dropdown.c.obj
LOAD CMakeFiles/FreeRTOS.elf.dir/GUI/lvgl/src/widgets/lv_img.c.obj
LOAD CMakeFiles/FreeRTOS.elf.dir/GUI/lvgl/src/widgets/lv_label.c.obj
LOAD CMakeFiles/FreeRTOS.elf.dir/GUI/lvgl/src/widgets/lv_line.c.obj
LOAD CMakeFiles/FreeRTOS.elf.dir/GUI/lvgl/src/widgets/lv_objx_templ.c.obj
LOAD CMakeFiles/FreeRTOS.elf.dir/GUI/lvgl/src/widgets/lv_roller.c.obj
LOAD CMakeFiles/FreeRTOS.elf.dir/GUI/lvgl/src/widgets/lv_slider.c.obj
LOAD CMakeFiles/FreeRTOS.elf.dir/GUI/lvgl/src/widgets/lv_switch.c.obj
LOAD CMakeFiles/FreeRTOS.elf.dir/GUI/lvgl/src/widgets/lv_table.c.obj
LOAD CMakeFiles/FreeRTOS.elf.dir/GUI/lvgl/src/widgets/lv_textarea.c.obj
LOAD CMakeFiles/FreeRTOS.elf.dir/GUI/lvgl_app/lvgl_app.c.obj
LOAD CMakeFiles/FreeRTOS.elf.dir/GUI/lvgl_font_custom/lv_font_heiti_14.c.obj
LOAD CMakeFiles/FreeRTOS.elf.dir/GUI/lvgl_font_custom/lv_font_heiti_18.c.obj
LOAD CMakeFiles/FreeRTOS.elf.dir/GUI/lvgl_font_custom/lv_font_heiti_26.c.obj
LOAD CMakeFiles/FreeRTOS.elf.dir/GUI/porting/lv_port_disp.c.obj
LOAD CMakeFiles/FreeRTOS.elf.dir/GUI/porting/lv_port_fs_template.c.obj
LOAD CMakeFiles/FreeRTOS.elf.dir/GUI/porting/lv_port_indev_template.c.obj
LOAD CMakeFiles/FreeRTOS.elf.dir/User/app.c.obj
LOAD CMakeFiles/FreeRTOS.elf.dir/User/app_flash.c.obj
LOAD CMakeFiles/FreeRTOS.elf.dir/User/app_it.c.obj
LOAD CMakeFiles/FreeRTOS.elf.dir/User/app_task.c.obj
LOAD CMakeFiles/FreeRTOS.elf.dir/User/mb_task.c.obj
LOAD CMakeFiles/FreeRTOS.elf.dir/startup/startup_stm32f103xe.s.obj
START GROUP
LOAD f:/gcc-arm-none-eabi-10.3-win32/bin/../lib/gcc/arm-none-eabi/10.3.1/thumb/v7-m/nofp\libgcc.a
LOAD f:/gcc-arm-none-eabi-10.3-win32/bin/../lib/gcc/arm-none-eabi/10.3.1/../../../../arm-none-eabi/lib/thumb/v7-m/nofp\libc.a
END GROUP
LOAD f:/gcc-arm-none-eabi-10.3-win32/bin/../lib/gcc/arm-none-eabi/10.3.1/thumb/v7-m/nofp/crtend.o
LOAD f:/gcc-arm-none-eabi-10.3-win32/bin/../lib/gcc/arm-none-eabi/10.3.1/thumb/v7-m/nofp/crtn.o
                0x20010000                _estack = 0x20010000
                0x00000200                _Min_Heap_Size = 0x200
                0x00000400                _Min_Stack_Size = 0x400

.isr_vector     0x08000000      0x1e4
                0x08000000                . = ALIGN (0x4)
 *(.isr_vector)
 .isr_vector    0x08000000      0x1e4 CMakeFiles/FreeRTOS.elf.dir/startup/startup_stm32f103xe.s.obj
                0x08000000                g_pfnVectors
                0x080001e4                . = ALIGN (0x4)

.text           0x080001f0    0x2d058
                0x080001f0                . = ALIGN (0x4)
 *(.text)
 .text          0x080001f0       0x40 f:/gcc-arm-none-eabi-10.3-win32/bin/../lib/gcc/arm-none-eabi/10.3.1/thumb/v7-m/nofp/crtbegin.o
 .text          0x08000230       0x30 f:/gcc-arm-none-eabi-10.3-win32/bin/../lib/gcc/arm-none-eabi/10.3.1/thumb/v7-m/nofp\libgcc.a(_aeabi_uldivmod.o)
                0x08000230                __aeabi_uldivmod
 .text          0x08000260      0x2d4 f:/gcc-arm-none-eabi-10.3-win32/bin/../lib/gcc/arm-none-eabi/10.3.1/thumb/v7-m/nofp\libgcc.a(_udivmoddi4.o)
                0x08000260                __udivmoddi4
 .text          0x08000534        0x4 f:/gcc-arm-none-eabi-10.3-win32/bin/../lib/gcc/arm-none-eabi/10.3.1/thumb/v7-m/nofp\libgcc.a(_dvmd_tls.o)
                0x08000534                __aeabi_idiv0
                0x08000534                __aeabi_ldiv0
 .text          0x08000538       0xec f:/gcc-arm-none-eabi-10.3-win32/bin/../lib/gcc/arm-none-eabi/10.3.1/../../../../arm-none-eabi/lib/thumb/v7-m/nofp\libc.a(lib_a-memcpy.o)
                0x08000538                memcpy
 .text          0x08000624      0x1bc f:/gcc-arm-none-eabi-10.3-win32/bin/../lib/gcc/arm-none-eabi/10.3.1/../../../../arm-none-eabi/lib/thumb/v7-m/nofp\libc.a(lib_a-strcmp.o)
                0x08000624                strcmp
 .text          0x080007e0      0x378 f:/gcc-arm-none-eabi-10.3-win32/bin/../lib/gcc/arm-none-eabi/10.3.1/thumb/v7-m/nofp\libgcc.a(_arm_addsubdf3.o)
                0x080007e0                __aeabi_drsub
                0x080007e8                __aeabi_dsub
                0x080007e8                __subdf3
                0x080007ec                __aeabi_dadd
                0x080007ec                __adddf3
                0x08000a64                __floatunsidf
                0x08000a64                __aeabi_ui2d
                0x08000a84                __floatsidf
                0x08000a84                __aeabi_i2d
                0x08000aa8                __aeabi_f2d
                0x08000aa8                __extendsfdf2
                0x08000aec                __floatundidf
                0x08000aec                __aeabi_ul2d
                0x08000afc                __floatdidf
                0x08000afc                __aeabi_l2d
 .text          0x08000b58      0x424 f:/gcc-arm-none-eabi-10.3-win32/bin/../lib/gcc/arm-none-eabi/10.3.1/thumb/v7-m/nofp\libgcc.a(_arm_muldivdf3.o)
                0x08000b58                __aeabi_dmul
                0x08000b58                __muldf3
                0x08000dac                __divdf3
                0x08000dac                __aeabi_ddiv
 .text          0x08000f7c      0x110 f:/gcc-arm-none-eabi-10.3-win32/bin/../lib/gcc/arm-none-eabi/10.3.1/thumb/v7-m/nofp\libgcc.a(_arm_cmpdf2.o)
                0x08000f7c                __gtdf2
                0x08000f7c                __gedf2
                0x08000f84                __ltdf2
                0x08000f84                __ledf2
                0x08000f8c                __nedf2
                0x08000f8c                __eqdf2
                0x08000f8c                __cmpdf2
                0x08001008                __aeabi_cdrcmple
                0x08001018                __aeabi_cdcmpeq
                0x08001018                __aeabi_cdcmple
                0x08001028                __aeabi_dcmpeq
                0x0800103c                __aeabi_dcmplt
                0x08001050                __aeabi_dcmple
                0x08001064                __aeabi_dcmpge
                0x08001078                __aeabi_dcmpgt
 .text          0x0800108c       0x2c f:/gcc-arm-none-eabi-10.3-win32/bin/../lib/gcc/arm-none-eabi/10.3.1/thumb/v7-m/nofp\libgcc.a(_arm_unorddf2.o)
                0x0800108c                __unorddf2
                0x0800108c                __aeabi_dcmpun
 .text          0x080010b8       0x50 f:/gcc-arm-none-eabi-10.3-win32/bin/../lib/gcc/arm-none-eabi/10.3.1/thumb/v7-m/nofp\libgcc.a(_arm_fixdfsi.o)
                0x080010b8                __aeabi_d2iz
                0x080010b8                __fixdfsi
 *(.text*)
 .text.DEV_SPI_WRite
                0x08001108       0x24 CMakeFiles/FreeRTOS.elf.dir/BSP/LCD/Config/DEV_Config.c.obj
                0x08001108                DEV_SPI_WRite
 .text.DEV_Module_Init
                0x0800112c       0x24 CMakeFiles/FreeRTOS.elf.dir/BSP/LCD/Config/DEV_Config.c.obj
                0x0800112c                DEV_Module_Init
 .text.Paint_NewImage
                0x08001150       0x34 CMakeFiles/FreeRTOS.elf.dir/BSP/LCD/GUI_DEV/GUI_Paint.c.obj
                0x08001150                Paint_NewImage
 .text.Paint_SetClearFuntion
                0x08001184        0xc CMakeFiles/FreeRTOS.elf.dir/BSP/LCD/GUI_DEV/GUI_Paint.c.obj
                0x08001184                Paint_SetClearFuntion
 .text.Paint_SetDisplayFuntion
                0x08001190        0xc CMakeFiles/FreeRTOS.elf.dir/BSP/LCD/GUI_DEV/GUI_Paint.c.obj
                0x08001190                Paint_SetDisplayFuntion
 .text.Paint_SetRotate
                0x0800119c       0x64 CMakeFiles/FreeRTOS.elf.dir/BSP/LCD/GUI_DEV/GUI_Paint.c.obj
                0x0800119c                Paint_SetRotate
 .text.LCD_2IN4_Init
                0x08001200      0x628 CMakeFiles/FreeRTOS.elf.dir/BSP/LCD/LCD/LCD_2inch4.c.obj
                0x08001200                LCD_2IN4_Init
 .text.LCD_2IN4_SetWindow
                0x08001828       0xe8 CMakeFiles/FreeRTOS.elf.dir/BSP/LCD/LCD/LCD_2inch4.c.obj
                0x08001828                LCD_2IN4_SetWindow
 .text.LCD_2IN4_SetCursor
                0x08001910       0xe0 CMakeFiles/FreeRTOS.elf.dir/BSP/LCD/LCD/LCD_2inch4.c.obj
                0x08001910                LCD_2IN4_SetCursor
 .text.LCD_2IN4_Clear
                0x080019f0       0x64 CMakeFiles/FreeRTOS.elf.dir/BSP/LCD/LCD/LCD_2inch4.c.obj
                0x080019f0                LCD_2IN4_Clear
 .text.LCD_2IN4_DrawPaint
                0x08001a54       0x28 CMakeFiles/FreeRTOS.elf.dir/BSP/LCD/LCD/LCD_2inch4.c.obj
                0x08001a54                LCD_2IN4_DrawPaint
 .text.LCD_2in4_test_init
                0x08001a7c       0xdc CMakeFiles/FreeRTOS.elf.dir/BSP/LCD/example/LCD_2inch4_test.c.obj
                0x08001a7c                LCD_2in4_test_init
 .text.elog_port_init
                0x08001b58        0x4 CMakeFiles/FreeRTOS.elf.dir/Components/EasyLogger/easylogger/port/elog_port.c.obj
                0x08001b58                elog_port_init
 .text.elog_port_output
                0x08001b5c       0x14 CMakeFiles/FreeRTOS.elf.dir/Components/EasyLogger/easylogger/port/elog_port.c.obj
                0x08001b5c                elog_port_output
 .text.elog_port_output_lock
                0x08001b70       0x14 CMakeFiles/FreeRTOS.elf.dir/Components/EasyLogger/easylogger/port/elog_port.c.obj
                0x08001b70                elog_port_output_lock
 .text.elog_port_output_unlock
                0x08001b84       0x18 CMakeFiles/FreeRTOS.elf.dir/Components/EasyLogger/easylogger/port/elog_port.c.obj
                0x08001b84                elog_port_output_unlock
 .text.elog_port_get_time
                0x08001b9c       0x20 CMakeFiles/FreeRTOS.elf.dir/Components/EasyLogger/easylogger/port/elog_port.c.obj
                0x08001b9c                elog_port_get_time
 .text.elog_port_get_p_info
                0x08001bbc        0x4 CMakeFiles/FreeRTOS.elf.dir/Components/EasyLogger/easylogger/port/elog_port.c.obj
                0x08001bbc                elog_port_get_p_info
 .text.elog_port_get_t_info
                0x08001bc0        0x4 CMakeFiles/FreeRTOS.elf.dir/Components/EasyLogger/easylogger/port/elog_port.c.obj
                0x08001bc0                elog_port_get_t_info
 .text.elog_init
                0x08001bc4       0x84 CMakeFiles/FreeRTOS.elf.dir/Components/EasyLogger/easylogger/src/elog.c.obj
                0x08001bc4                elog_init
 .text.elog_output
                0x08001c48      0x884 CMakeFiles/FreeRTOS.elf.dir/Components/EasyLogger/easylogger/src/elog.c.obj
                0x08001c48                elog_output
 .text.elog_start
                0x080024cc       0x48 CMakeFiles/FreeRTOS.elf.dir/Components/EasyLogger/easylogger/src/elog.c.obj
                0x080024cc                elog_start
 .text.elog_set_fmt
                0x08002514       0x64 CMakeFiles/FreeRTOS.elf.dir/Components/EasyLogger/easylogger/src/elog.c.obj
                0x08002514                elog_set_fmt
 .text.elog_get_filter_tag_lvl
                0x08002578      0x140 CMakeFiles/FreeRTOS.elf.dir/Components/EasyLogger/easylogger/src/elog.c.obj
                0x08002578                elog_get_filter_tag_lvl
 .text.elog_strcpy
                0x080026b8       0xc0 CMakeFiles/FreeRTOS.elf.dir/Components/EasyLogger/easylogger/src/elog_utils.c.obj
                0x080026b8                elog_strcpy
 .text.eMBFuncReadCoils
                0x08002778       0x70 CMakeFiles/FreeRTOS.elf.dir/Components/FreeModbus/modbus/functions/mbfunccoils.c.obj
                0x08002778                eMBFuncReadCoils
 .text.eMBFuncWriteCoil
                0x080027e8       0x60 CMakeFiles/FreeRTOS.elf.dir/Components/FreeModbus/modbus/functions/mbfunccoils.c.obj
                0x080027e8                eMBFuncWriteCoil
 .text.eMBFuncWriteMultipleCoils
                0x08002848       0x64 CMakeFiles/FreeRTOS.elf.dir/Components/FreeModbus/modbus/functions/mbfunccoils.c.obj
                0x08002848                eMBFuncWriteMultipleCoils
 .text.eMBFuncReadDiscreteInputs
                0x080028ac       0x70 CMakeFiles/FreeRTOS.elf.dir/Components/FreeModbus/modbus/functions/mbfuncdisc.c.obj
                0x080028ac                eMBFuncReadDiscreteInputs
 .text.eMBFuncWriteHoldingRegister
                0x0800291c       0x30 CMakeFiles/FreeRTOS.elf.dir/Components/FreeModbus/modbus/functions/mbfuncholding.c.obj
                0x0800291c                eMBFuncWriteHoldingRegister
 .text.eMBFuncWriteMultipleHoldingRegister
                0x0800294c       0x54 CMakeFiles/FreeRTOS.elf.dir/Components/FreeModbus/modbus/functions/mbfuncholding.c.obj
                0x0800294c                eMBFuncWriteMultipleHoldingRegister
 .text.eMBFuncReadHoldingRegister
                0x080029a0       0x70 CMakeFiles/FreeRTOS.elf.dir/Components/FreeModbus/modbus/functions/mbfuncholding.c.obj
                0x080029a0                eMBFuncReadHoldingRegister
 .text.eMBFuncReadWriteMultipleHoldingRegister
                0x08002a10       0x8c CMakeFiles/FreeRTOS.elf.dir/Components/FreeModbus/modbus/functions/mbfuncholding.c.obj
                0x08002a10                eMBFuncReadWriteMultipleHoldingRegister
 .text.eMBFuncReadInputRegister
                0x08002a9c       0x5c CMakeFiles/FreeRTOS.elf.dir/Components/FreeModbus/modbus/functions/mbfuncinput.c.obj
                0x08002a9c                eMBFuncReadInputRegister
 .text.eMBFuncReportSlaveID
                0x08002af8       0x24 CMakeFiles/FreeRTOS.elf.dir/Components/FreeModbus/modbus/functions/mbfuncother.c.obj
                0x08002af8                eMBFuncReportSlaveID
 .text.xMBUtilSetBits
                0x08002b1c       0x48 CMakeFiles/FreeRTOS.elf.dir/Components/FreeModbus/modbus/functions/mbutils.c.obj
                0x08002b1c                xMBUtilSetBits
 .text.xMBUtilGetBits
                0x08002b64       0x24 CMakeFiles/FreeRTOS.elf.dir/Components/FreeModbus/modbus/functions/mbutils.c.obj
                0x08002b64                xMBUtilGetBits
 .text.prveMBError2Exception
                0x08002b88       0x10 CMakeFiles/FreeRTOS.elf.dir/Components/FreeModbus/modbus/functions/mbutils.c.obj
                0x08002b88                prveMBError2Exception
 .text.eMBInit  0x08002b98       0xbc CMakeFiles/FreeRTOS.elf.dir/Components/FreeModbus/modbus/mb.c.obj
                0x08002b98                eMBInit
 .text.eMBEnable
                0x08002c54       0x24 CMakeFiles/FreeRTOS.elf.dir/Components/FreeModbus/modbus/mb.c.obj
                0x08002c54                eMBEnable
 .text.eMBPoll  0x08002c78      0x204 CMakeFiles/FreeRTOS.elf.dir/Components/FreeModbus/modbus/mb.c.obj
                0x08002c78                eMBPoll
 .text.usMBCRC16
                0x08002e7c       0x38 CMakeFiles/FreeRTOS.elf.dir/Components/FreeModbus/modbus/rtu/mbcrc.c.obj
                0x08002e7c                usMBCRC16
 .text.eMBRTUInit
                0x08002eb4       0x50 CMakeFiles/FreeRTOS.elf.dir/Components/FreeModbus/modbus/rtu/mbrtu.c.obj
                0x08002eb4                eMBRTUInit
 .text.eMBRTUStart
                0x08002f04       0x24 CMakeFiles/FreeRTOS.elf.dir/Components/FreeModbus/modbus/rtu/mbrtu.c.obj
                0x08002f04                eMBRTUStart
 .text.eMBRTUStop
                0x08002f28       0x1c CMakeFiles/FreeRTOS.elf.dir/Components/FreeModbus/modbus/rtu/mbrtu.c.obj
                0x08002f28                eMBRTUStop
 .text.eMBRTUReceive
                0x08002f44       0x64 CMakeFiles/FreeRTOS.elf.dir/Components/FreeModbus/modbus/rtu/mbrtu.c.obj
                0x08002f44                eMBRTUReceive
 .text.eMBRTUSend
                0x08002fa8       0xa8 CMakeFiles/FreeRTOS.elf.dir/Components/FreeModbus/modbus/rtu/mbrtu.c.obj
                0x08002fa8                eMBRTUSend
 .text.xMBRTUReceiveFSM
                0x08003050       0x80 CMakeFiles/FreeRTOS.elf.dir/Components/FreeModbus/modbus/rtu/mbrtu.c.obj
                0x08003050                xMBRTUReceiveFSM
 .text.xMBRTUTransmitFSM
                0x080030d0       0x6c CMakeFiles/FreeRTOS.elf.dir/Components/FreeModbus/modbus/rtu/mbrtu.c.obj
                0x080030d0                xMBRTUTransmitFSM
 .text.xMBRTUTimerT35Expired
                0x0800313c       0x38 CMakeFiles/FreeRTOS.elf.dir/Components/FreeModbus/modbus/rtu/mbrtu.c.obj
                0x0800313c                xMBRTUTimerT35Expired
 .text.xMBPortEventInit
                0x08003174       0x10 CMakeFiles/FreeRTOS.elf.dir/Components/FreeModbus/port/portevent.c.obj
                0x08003174                xMBPortEventInit
 .text.xMBPortEventPost
                0x08003184       0x18 CMakeFiles/FreeRTOS.elf.dir/Components/FreeModbus/port/portevent.c.obj
                0x08003184                xMBPortEventPost
 .text.xMBPortEventGet
                0x0800319c       0x2c CMakeFiles/FreeRTOS.elf.dir/Components/FreeModbus/port/portevent.c.obj
                0x0800319c                xMBPortEventGet
 .text.vMBPortSerialEnable
                0x080031c8       0x3c CMakeFiles/FreeRTOS.elf.dir/Components/FreeModbus/port/portserial.c.obj
                0x080031c8                vMBPortSerialEnable
 .text.xMBPortSerialInit
                0x08003204        0x4 CMakeFiles/FreeRTOS.elf.dir/Components/FreeModbus/port/portserial.c.obj
                0x08003204                xMBPortSerialInit
 .text.xMBPortSerialPutByte
                0x08003208       0x1c CMakeFiles/FreeRTOS.elf.dir/Components/FreeModbus/port/portserial.c.obj
                0x08003208                xMBPortSerialPutByte
 .text.xMBPortSerialGetByte
                0x08003224       0x28 CMakeFiles/FreeRTOS.elf.dir/Components/FreeModbus/port/portserial.c.obj
                0x08003224                xMBPortSerialGetByte
 .text.xMBPortTimersInit
                0x0800324c       0x24 CMakeFiles/FreeRTOS.elf.dir/Components/FreeModbus/port/porttimer.c.obj
                0x0800324c                xMBPortTimersInit
 .text.vMBPortTimersEnable
                0x08003270       0x10 CMakeFiles/FreeRTOS.elf.dir/Components/FreeModbus/port/porttimer.c.obj
                0x08003270                vMBPortTimersEnable
 .text.vMBPortTimersDisable
                0x08003280        0xc CMakeFiles/FreeRTOS.elf.dir/Components/FreeModbus/port/porttimer.c.obj
                0x08003280                vMBPortTimersDisable
 .text.UART_Report_Send
                0x0800328c      0x1b4 CMakeFiles/FreeRTOS.elf.dir/Components/protocols/app_UART/user_protocol_Uart.c.obj
 .text.UART_Command_Recv
                0x08003440      0x728 CMakeFiles/FreeRTOS.elf.dir/Components/protocols/app_UART/user_protocol_Uart.c.obj
 .text.PT_CheckSum
                0x08003b68       0x1c CMakeFiles/FreeRTOS.elf.dir/Components/protocols/user_protocol.c.obj
                0x08003b68                PT_CheckSum
 .text.PT_Transport_Recv
                0x08003b84       0x84 CMakeFiles/FreeRTOS.elf.dir/Components/protocols/user_protocol.c.obj
                0x08003b84                PT_Transport_Recv
 .text.PT_Transport_Alaysis
                0x08003c08      0x134 CMakeFiles/FreeRTOS.elf.dir/Components/protocols/user_protocol.c.obj
                0x08003c08                PT_Transport_Alaysis
 .text.MX_DMA_Init
                0x08003d3c       0x44 CMakeFiles/FreeRTOS.elf.dir/Core/Src/dma.c.obj
                0x08003d3c                MX_DMA_Init
 .text.MX_GPIO_Init
                0x08003d80      0x144 CMakeFiles/FreeRTOS.elf.dir/Core/Src/gpio.c.obj
                0x08003d80                MX_GPIO_Init
 .text.__io_putchar
                0x08003ec4       0x20 CMakeFiles/FreeRTOS.elf.dir/Core/Src/main.c.obj
                0x08003ec4                __io_putchar
 .text.SystemClock_Config
                0x08003ee4       0x6c CMakeFiles/FreeRTOS.elf.dir/Core/Src/main.c.obj
                0x08003ee4                SystemClock_Config
 .text.startup.main
                0x08003f50       0x44 CMakeFiles/FreeRTOS.elf.dir/Core/Src/main.c.obj
                0x08003f50                main
 .text.HAL_TIM_PeriodElapsedCallback
                0x08003f94       0x44 CMakeFiles/FreeRTOS.elf.dir/Core/Src/main.c.obj
                0x08003f94                HAL_TIM_PeriodElapsedCallback
 .text.Error_Handler
                0x08003fd8        0x4 CMakeFiles/FreeRTOS.elf.dir/Core/Src/main.c.obj
                0x08003fd8                Error_Handler
 .text.assert_failed
                0x08003fdc        0x4 CMakeFiles/FreeRTOS.elf.dir/Core/Src/main.c.obj
                0x08003fdc                assert_failed
 .text.MX_SPI1_Init
                0x08003fe0       0x44 CMakeFiles/FreeRTOS.elf.dir/Core/Src/spi.c.obj
                0x08003fe0                MX_SPI1_Init
 .text.HAL_SPI_MspInit
                0x08004024       0xec CMakeFiles/FreeRTOS.elf.dir/Core/Src/spi.c.obj
                0x08004024                HAL_SPI_MspInit
 .text.HAL_MspInit
                0x08004110       0x44 CMakeFiles/FreeRTOS.elf.dir/Core/Src/stm32f1xx_hal_msp.c.obj
                0x08004110                HAL_MspInit
 .text.HAL_InitTick
                0x08004154       0x7c CMakeFiles/FreeRTOS.elf.dir/Core/Src/stm32f1xx_hal_timebase_tim.c.obj
                0x08004154                HAL_InitTick
 .text.NMI_Handler
                0x080041d0        0x4 CMakeFiles/FreeRTOS.elf.dir/Core/Src/stm32f1xx_it.c.obj
                0x080041d0                NMI_Handler
 .text.HardFault_Handler
                0x080041d4        0x4 CMakeFiles/FreeRTOS.elf.dir/Core/Src/stm32f1xx_it.c.obj
                0x080041d4                HardFault_Handler
 .text.MemManage_Handler
                0x080041d8        0x4 CMakeFiles/FreeRTOS.elf.dir/Core/Src/stm32f1xx_it.c.obj
                0x080041d8                MemManage_Handler
 .text.BusFault_Handler
                0x080041dc        0x4 CMakeFiles/FreeRTOS.elf.dir/Core/Src/stm32f1xx_it.c.obj
                0x080041dc                BusFault_Handler
 .text.UsageFault_Handler
                0x080041e0        0x4 CMakeFiles/FreeRTOS.elf.dir/Core/Src/stm32f1xx_it.c.obj
                0x080041e0                UsageFault_Handler
 .text.DebugMon_Handler
                0x080041e4        0x4 CMakeFiles/FreeRTOS.elf.dir/Core/Src/stm32f1xx_it.c.obj
                0x080041e4                DebugMon_Handler
 .text.DMA1_Channel2_IRQHandler
                0x080041e8        0xc CMakeFiles/FreeRTOS.elf.dir/Core/Src/stm32f1xx_it.c.obj
                0x080041e8                DMA1_Channel2_IRQHandler
 .text.DMA1_Channel3_IRQHandler
                0x080041f4        0xc CMakeFiles/FreeRTOS.elf.dir/Core/Src/stm32f1xx_it.c.obj
                0x080041f4                DMA1_Channel3_IRQHandler
 .text.TIM1_UP_IRQHandler
                0x08004200        0xc CMakeFiles/FreeRTOS.elf.dir/Core/Src/stm32f1xx_it.c.obj
                0x08004200                TIM1_UP_IRQHandler
 .text.TIM2_IRQHandler
                0x0800420c        0xc CMakeFiles/FreeRTOS.elf.dir/Core/Src/stm32f1xx_it.c.obj
                0x0800420c                TIM2_IRQHandler
 .text.SPI1_IRQHandler
                0x08004218        0xc CMakeFiles/FreeRTOS.elf.dir/Core/Src/stm32f1xx_it.c.obj
                0x08004218                SPI1_IRQHandler
 .text.USART1_IRQHandler
                0x08004224        0xc CMakeFiles/FreeRTOS.elf.dir/Core/Src/stm32f1xx_it.c.obj
                0x08004224                USART1_IRQHandler
 .text.USART2_IRQHandler
                0x08004230        0xc CMakeFiles/FreeRTOS.elf.dir/Core/Src/stm32f1xx_it.c.obj
                0x08004230                USART2_IRQHandler
 .text._getpid  0x0800423c        0x4 CMakeFiles/FreeRTOS.elf.dir/Core/Src/syscalls.c.obj
                0x0800423c                _getpid
 .text._kill    0x08004240       0x14 CMakeFiles/FreeRTOS.elf.dir/Core/Src/syscalls.c.obj
                0x08004240                _kill
 .text._exit    0x08004254        0xc CMakeFiles/FreeRTOS.elf.dir/Core/Src/syscalls.c.obj
                0x08004254                _exit
 .text._read    0x08004260       0x1c CMakeFiles/FreeRTOS.elf.dir/Core/Src/syscalls.c.obj
                0x08004260                _read
 .text._write   0x0800427c       0x1c CMakeFiles/FreeRTOS.elf.dir/Core/Src/syscalls.c.obj
                0x0800427c                _write
 .text._sbrk    0x08004298       0x3c CMakeFiles/FreeRTOS.elf.dir/Core/Src/syscalls.c.obj
                0x08004298                _sbrk
 .text._close   0x080042d4        0x8 CMakeFiles/FreeRTOS.elf.dir/Core/Src/syscalls.c.obj
                0x080042d4                _close
 .text._fstat   0x080042dc        0xc CMakeFiles/FreeRTOS.elf.dir/Core/Src/syscalls.c.obj
                0x080042dc                _fstat
 .text._isatty  0x080042e8        0x4 CMakeFiles/FreeRTOS.elf.dir/Core/Src/syscalls.c.obj
                0x080042e8                _isatty
 .text._lseek   0x080042ec        0x4 CMakeFiles/FreeRTOS.elf.dir/Core/Src/syscalls.c.obj
                0x080042ec                _lseek
 .text.SystemInit
                0x080042f0       0x10 CMakeFiles/FreeRTOS.elf.dir/Core/Src/system_stm32f1xx.c.obj
                0x080042f0                SystemInit
 .text.MX_TIM2_Init
                0x08004300       0x6c CMakeFiles/FreeRTOS.elf.dir/Core/Src/tim.c.obj
                0x08004300                MX_TIM2_Init
 .text.HAL_TIM_Base_MspInit
                0x0800436c       0x3c CMakeFiles/FreeRTOS.elf.dir/Core/Src/tim.c.obj
                0x0800436c                HAL_TIM_Base_MspInit
 .text.MX_USART1_UART_Init
                0x080043a8       0x38 CMakeFiles/FreeRTOS.elf.dir/Core/Src/usart.c.obj
                0x080043a8                MX_USART1_UART_Init
 .text.MX_USART2_UART_Init
                0x080043e0       0x38 CMakeFiles/FreeRTOS.elf.dir/Core/Src/usart.c.obj
                0x080043e0                MX_USART2_UART_Init
 .text.HAL_UART_MspInit
                0x08004418       0xf4 CMakeFiles/FreeRTOS.elf.dir/Core/Src/usart.c.obj
                0x08004418                HAL_UART_MspInit
 .text.HAL_Init
                0x0800450c       0x24 CMakeFiles/FreeRTOS.elf.dir/Drivers/STM32F1xx_HAL_Driver/Src/stm32f1xx_hal.c.obj
                0x0800450c                HAL_Init
 .text.HAL_IncTick
                0x08004530       0x18 CMakeFiles/FreeRTOS.elf.dir/Drivers/STM32F1xx_HAL_Driver/Src/stm32f1xx_hal.c.obj
                0x08004530                HAL_IncTick
 .text.HAL_GetTick
                0x08004548        0xc CMakeFiles/FreeRTOS.elf.dir/Drivers/STM32F1xx_HAL_Driver/Src/stm32f1xx_hal.c.obj
                0x08004548                HAL_GetTick
 .text.HAL_Delay
                0x08004554       0x24 CMakeFiles/FreeRTOS.elf.dir/Drivers/STM32F1xx_HAL_Driver/Src/stm32f1xx_hal.c.obj
                0x08004554                HAL_Delay
 .text.HAL_NVIC_SetPriorityGrouping
                0x08004578       0x3c CMakeFiles/FreeRTOS.elf.dir/Drivers/STM32F1xx_HAL_Driver/Src/stm32f1xx_hal_cortex.c.obj
                0x08004578                HAL_NVIC_SetPriorityGrouping
 .text.HAL_NVIC_SetPriority
                0x080045b4       0x94 CMakeFiles/FreeRTOS.elf.dir/Drivers/STM32F1xx_HAL_Driver/Src/stm32f1xx_hal_cortex.c.obj
                0x080045b4                HAL_NVIC_SetPriority
 .text.HAL_NVIC_EnableIRQ
                0x08004648       0x28 CMakeFiles/FreeRTOS.elf.dir/Drivers/STM32F1xx_HAL_Driver/Src/stm32f1xx_hal_cortex.c.obj
                0x08004648                HAL_NVIC_EnableIRQ
 .text.HAL_DMA_Init
                0x08004670      0x19c CMakeFiles/FreeRTOS.elf.dir/Drivers/STM32F1xx_HAL_Driver/Src/stm32f1xx_hal_dma.c.obj
                0x08004670                HAL_DMA_Init
 .text.HAL_DMA_Start_IT
                0x0800480c       0xb4 CMakeFiles/FreeRTOS.elf.dir/Drivers/STM32F1xx_HAL_Driver/Src/stm32f1xx_hal_dma.c.obj
                0x0800480c                HAL_DMA_Start_IT
 .text.HAL_DMA_Abort
                0x080048c0       0x4c CMakeFiles/FreeRTOS.elf.dir/Drivers/STM32F1xx_HAL_Driver/Src/stm32f1xx_hal_dma.c.obj
                0x080048c0                HAL_DMA_Abort
 .text.HAL_DMA_Abort_IT
                0x0800490c      0x140 CMakeFiles/FreeRTOS.elf.dir/Drivers/STM32F1xx_HAL_Driver/Src/stm32f1xx_hal_dma.c.obj
                0x0800490c                HAL_DMA_Abort_IT
 .text.HAL_DMA_IRQHandler
                0x08004a4c      0x2ac CMakeFiles/FreeRTOS.elf.dir/Drivers/STM32F1xx_HAL_Driver/Src/stm32f1xx_hal_dma.c.obj
                0x08004a4c                HAL_DMA_IRQHandler
 .text.HAL_GPIO_Init
                0x08004cf8      0x3d8 CMakeFiles/FreeRTOS.elf.dir/Drivers/STM32F1xx_HAL_Driver/Src/stm32f1xx_hal_gpio.c.obj
                0x08004cf8                HAL_GPIO_Init
 .text.HAL_GPIO_WritePin
                0x080050d0       0x34 CMakeFiles/FreeRTOS.elf.dir/Drivers/STM32F1xx_HAL_Driver/Src/stm32f1xx_hal_gpio.c.obj
                0x080050d0                HAL_GPIO_WritePin
 .text.HAL_RCC_OscConfig
                0x08005104      0x4f0 CMakeFiles/FreeRTOS.elf.dir/Drivers/STM32F1xx_HAL_Driver/Src/stm32f1xx_hal_rcc.c.obj
                0x08005104                HAL_RCC_OscConfig
 .text.HAL_RCC_ClockConfig
                0x080055f4      0x240 CMakeFiles/FreeRTOS.elf.dir/Drivers/STM32F1xx_HAL_Driver/Src/stm32f1xx_hal_rcc.c.obj
                0x080055f4                HAL_RCC_ClockConfig
 .text.HAL_RCC_GetPCLK1Freq
                0x08005834       0x20 CMakeFiles/FreeRTOS.elf.dir/Drivers/STM32F1xx_HAL_Driver/Src/stm32f1xx_hal_rcc.c.obj
                0x08005834                HAL_RCC_GetPCLK1Freq
 .text.HAL_RCC_GetPCLK2Freq
                0x08005854       0x20 CMakeFiles/FreeRTOS.elf.dir/Drivers/STM32F1xx_HAL_Driver/Src/stm32f1xx_hal_rcc.c.obj
                0x08005854                HAL_RCC_GetPCLK2Freq
 .text.HAL_RCC_GetClockConfig
                0x08005874       0x64 CMakeFiles/FreeRTOS.elf.dir/Drivers/STM32F1xx_HAL_Driver/Src/stm32f1xx_hal_rcc.c.obj
                0x08005874                HAL_RCC_GetClockConfig
 .text.SPI_WaitFlagStateUntilTimeout.constprop.1
                0x080058d8       0xbc CMakeFiles/FreeRTOS.elf.dir/Drivers/STM32F1xx_HAL_Driver/Src/stm32f1xx_hal_spi.c.obj
 .text.SPI_WaitFlagStateUntilTimeout.constprop.0
                0x08005994       0xb8 CMakeFiles/FreeRTOS.elf.dir/Drivers/STM32F1xx_HAL_Driver/Src/stm32f1xx_hal_spi.c.obj
 .text.HAL_SPI_Init
                0x08005a4c      0x1f0 CMakeFiles/FreeRTOS.elf.dir/Drivers/STM32F1xx_HAL_Driver/Src/stm32f1xx_hal_spi.c.obj
                0x08005a4c                HAL_SPI_Init
 .text.HAL_SPI_Transmit
                0x08005c3c      0x288 CMakeFiles/FreeRTOS.elf.dir/Drivers/STM32F1xx_HAL_Driver/Src/stm32f1xx_hal_spi.c.obj
                0x08005c3c                HAL_SPI_Transmit
 .text.HAL_SPI_Transmit_DMA
                0x08005ec4       0xf4 CMakeFiles/FreeRTOS.elf.dir/Drivers/STM32F1xx_HAL_Driver/Src/stm32f1xx_hal_spi.c.obj
                0x08005ec4                HAL_SPI_Transmit_DMA
 .text.HAL_SPI_TxHalfCpltCallback
                0x08005fb8        0x4 CMakeFiles/FreeRTOS.elf.dir/Drivers/STM32F1xx_HAL_Driver/Src/stm32f1xx_hal_spi.c.obj
                0x08005fb8                HAL_SPI_TxHalfCpltCallback
 .text.SPI_DMAHalfTransmitCplt
                0x08005fbc        0xc CMakeFiles/FreeRTOS.elf.dir/Drivers/STM32F1xx_HAL_Driver/Src/stm32f1xx_hal_spi.c.obj
 .text.HAL_SPI_ErrorCallback
                0x08005fc8        0x4 CMakeFiles/FreeRTOS.elf.dir/Drivers/STM32F1xx_HAL_Driver/Src/stm32f1xx_hal_spi.c.obj
                0x08005fc8                HAL_SPI_ErrorCallback
 .text.SPI_DMAError
                0x08005fcc       0x24 CMakeFiles/FreeRTOS.elf.dir/Drivers/STM32F1xx_HAL_Driver/Src/stm32f1xx_hal_spi.c.obj
 .text.SPI_DMATransmitCplt
                0x08005ff0       0x7c CMakeFiles/FreeRTOS.elf.dir/Drivers/STM32F1xx_HAL_Driver/Src/stm32f1xx_hal_spi.c.obj
 .text.HAL_SPI_IRQHandler
                0x0800606c      0x118 CMakeFiles/FreeRTOS.elf.dir/Drivers/STM32F1xx_HAL_Driver/Src/stm32f1xx_hal_spi.c.obj
                0x0800606c                HAL_SPI_IRQHandler
 .text.SPI_DMAAbortOnError
                0x08006184       0x10 CMakeFiles/FreeRTOS.elf.dir/Drivers/STM32F1xx_HAL_Driver/Src/stm32f1xx_hal_spi.c.obj
 .text.HAL_TIM_Base_Init
                0x08006194      0x1b8 CMakeFiles/FreeRTOS.elf.dir/Drivers/STM32F1xx_HAL_Driver/Src/stm32f1xx_hal_tim.c.obj
                0x08006194                HAL_TIM_Base_Init
 .text.HAL_TIM_Base_Start_IT
                0x0800634c       0xb8 CMakeFiles/FreeRTOS.elf.dir/Drivers/STM32F1xx_HAL_Driver/Src/stm32f1xx_hal_tim.c.obj
                0x0800634c                HAL_TIM_Base_Start_IT
 .text.HAL_TIM_Base_Stop_IT
                0x08006404       0x84 CMakeFiles/FreeRTOS.elf.dir/Drivers/STM32F1xx_HAL_Driver/Src/stm32f1xx_hal_tim.c.obj
                0x08006404                HAL_TIM_Base_Stop_IT
 .text.HAL_TIM_ConfigClockSource
                0x08006488      0x474 CMakeFiles/FreeRTOS.elf.dir/Drivers/STM32F1xx_HAL_Driver/Src/stm32f1xx_hal_tim.c.obj
                0x08006488                HAL_TIM_ConfigClockSource
 .text.HAL_TIM_OC_DelayElapsedCallback
                0x080068fc        0x4 CMakeFiles/FreeRTOS.elf.dir/Drivers/STM32F1xx_HAL_Driver/Src/stm32f1xx_hal_tim.c.obj
                0x080068fc                HAL_TIM_OC_DelayElapsedCallback
 .text.HAL_TIM_IC_CaptureCallback
                0x08006900        0x4 CMakeFiles/FreeRTOS.elf.dir/Drivers/STM32F1xx_HAL_Driver/Src/stm32f1xx_hal_tim.c.obj
                0x08006900                HAL_TIM_IC_CaptureCallback
 .text.HAL_TIM_PWM_PulseFinishedCallback
                0x08006904        0x4 CMakeFiles/FreeRTOS.elf.dir/Drivers/STM32F1xx_HAL_Driver/Src/stm32f1xx_hal_tim.c.obj
                0x08006904                HAL_TIM_PWM_PulseFinishedCallback
 .text.HAL_TIM_TriggerCallback
                0x08006908        0x4 CMakeFiles/FreeRTOS.elf.dir/Drivers/STM32F1xx_HAL_Driver/Src/stm32f1xx_hal_tim.c.obj
                0x08006908                HAL_TIM_TriggerCallback
 .text.HAL_TIM_IRQHandler
                0x0800690c      0x154 CMakeFiles/FreeRTOS.elf.dir/Drivers/STM32F1xx_HAL_Driver/Src/stm32f1xx_hal_tim.c.obj
                0x0800690c                HAL_TIM_IRQHandler
 .text.HAL_TIMEx_MasterConfigSynchronization
                0x08006a60       0xf0 CMakeFiles/FreeRTOS.elf.dir/Drivers/STM32F1xx_HAL_Driver/Src/stm32f1xx_hal_tim_ex.c.obj
                0x08006a60                HAL_TIMEx_MasterConfigSynchronization
 .text.HAL_TIMEx_CommutCallback
                0x08006b50        0x4 CMakeFiles/FreeRTOS.elf.dir/Drivers/STM32F1xx_HAL_Driver/Src/stm32f1xx_hal_tim_ex.c.obj
                0x08006b50                HAL_TIMEx_CommutCallback
 .text.HAL_TIMEx_BreakCallback
                0x08006b54        0x4 CMakeFiles/FreeRTOS.elf.dir/Drivers/STM32F1xx_HAL_Driver/Src/stm32f1xx_hal_tim_ex.c.obj
                0x08006b54                HAL_TIMEx_BreakCallback
 .text.UART_SetConfig
                0x08006b58       0xe8 CMakeFiles/FreeRTOS.elf.dir/Drivers/STM32F1xx_HAL_Driver/Src/stm32f1xx_hal_uart.c.obj
 .text.HAL_UART_Init
                0x08006c40      0x104 CMakeFiles/FreeRTOS.elf.dir/Drivers/STM32F1xx_HAL_Driver/Src/stm32f1xx_hal_uart.c.obj
                0x08006c40                HAL_UART_Init
 .text.HAL_UART_Transmit
                0x08006d44      0x144 CMakeFiles/FreeRTOS.elf.dir/Drivers/STM32F1xx_HAL_Driver/Src/stm32f1xx_hal_uart.c.obj
                0x08006d44                HAL_UART_Transmit
 .text.HAL_UART_Transmit_IT
                0x08006e88       0x34 CMakeFiles/FreeRTOS.elf.dir/Drivers/STM32F1xx_HAL_Driver/Src/stm32f1xx_hal_uart.c.obj
                0x08006e88                HAL_UART_Transmit_IT
 .text.HAL_UART_Receive_IT
                0x08006ebc       0x4c CMakeFiles/FreeRTOS.elf.dir/Drivers/STM32F1xx_HAL_Driver/Src/stm32f1xx_hal_uart.c.obj
                0x08006ebc                HAL_UART_Receive_IT
 .text.HAL_UARTEx_ReceiveToIdle_IT
                0x08006f08       0x88 CMakeFiles/FreeRTOS.elf.dir/Drivers/STM32F1xx_HAL_Driver/Src/stm32f1xx_hal_uart.c.obj
                0x08006f08                HAL_UARTEx_ReceiveToIdle_IT
 .text.HAL_UART_ErrorCallback
                0x08006f90        0x4 CMakeFiles/FreeRTOS.elf.dir/Drivers/STM32F1xx_HAL_Driver/Src/stm32f1xx_hal_uart.c.obj
                0x08006f90                HAL_UART_ErrorCallback
 .text.UART_DMAAbortOnError
                0x08006f94       0x10 CMakeFiles/FreeRTOS.elf.dir/Drivers/STM32F1xx_HAL_Driver/Src/stm32f1xx_hal_uart.c.obj
 .text.HAL_UART_AbortTransmitCpltCallback
                0x08006fa4        0x4 CMakeFiles/FreeRTOS.elf.dir/Drivers/STM32F1xx_HAL_Driver/Src/stm32f1xx_hal_uart.c.obj
                0x08006fa4                HAL_UART_AbortTransmitCpltCallback
 .text.HAL_UART_AbortTransmit_IT
                0x08006fa8       0x80 CMakeFiles/FreeRTOS.elf.dir/Drivers/STM32F1xx_HAL_Driver/Src/stm32f1xx_hal_uart.c.obj
                0x08006fa8                HAL_UART_AbortTransmit_IT
 .text.UART_DMATxOnlyAbortCallback
                0x08007028       0x14 CMakeFiles/FreeRTOS.elf.dir/Drivers/STM32F1xx_HAL_Driver/Src/stm32f1xx_hal_uart.c.obj
 .text.HAL_UART_AbortReceiveCpltCallback
                0x0800703c        0x4 CMakeFiles/FreeRTOS.elf.dir/Drivers/STM32F1xx_HAL_Driver/Src/stm32f1xx_hal_uart.c.obj
                0x0800703c                HAL_UART_AbortReceiveCpltCallback
 .text.HAL_UART_AbortReceive_IT
                0x08007040       0xbc CMakeFiles/FreeRTOS.elf.dir/Drivers/STM32F1xx_HAL_Driver/Src/stm32f1xx_hal_uart.c.obj
                0x08007040                HAL_UART_AbortReceive_IT
 .text.UART_DMARxOnlyAbortCallback
                0x080070fc       0x18 CMakeFiles/FreeRTOS.elf.dir/Drivers/STM32F1xx_HAL_Driver/Src/stm32f1xx_hal_uart.c.obj
 .text.UART_Receive_IT.part.0.isra.0
                0x08007114       0xd0 CMakeFiles/FreeRTOS.elf.dir/Drivers/STM32F1xx_HAL_Driver/Src/stm32f1xx_hal_uart.c.obj
 .text.HAL_UART_IRQHandler
                0x080071e4      0x31c CMakeFiles/FreeRTOS.elf.dir/Drivers/STM32F1xx_HAL_Driver/Src/stm32f1xx_hal_uart.c.obj
                0x080071e4                HAL_UART_IRQHandler
 .text.vListInitialise
                0x08007500       0x18 CMakeFiles/FreeRTOS.elf.dir/FreeRTOS/list.c.obj
                0x08007500                vListInitialise
 .text.vListInitialiseItem
                0x08007518        0x8 CMakeFiles/FreeRTOS.elf.dir/FreeRTOS/list.c.obj
                0x08007518                vListInitialiseItem
 .text.vListInsert
                0x08007520       0x30 CMakeFiles/FreeRTOS.elf.dir/FreeRTOS/list.c.obj
                0x08007520                vListInsert
 .text.uxListRemove
                0x08007550       0x24 CMakeFiles/FreeRTOS.elf.dir/FreeRTOS/list.c.obj
                0x08007550                uxListRemove
 .text.prvPortStartFirstTask
                0x08007574       0x20 CMakeFiles/FreeRTOS.elf.dir/FreeRTOS/portable/GCC/ARM_CM3/port.c.obj
 .text.prvTaskExitError
                0x08007594       0x40 CMakeFiles/FreeRTOS.elf.dir/FreeRTOS/portable/GCC/ARM_CM3/port.c.obj
 .text.pxPortInitialiseStack
                0x080075d4       0x24 CMakeFiles/FreeRTOS.elf.dir/FreeRTOS/portable/GCC/ARM_CM3/port.c.obj
                0x080075d4                pxPortInitialiseStack
 *fill*         0x080075f8        0x8 
 .text.SVC_Handler
                0x08007600       0x24 CMakeFiles/FreeRTOS.elf.dir/FreeRTOS/portable/GCC/ARM_CM3/port.c.obj
                0x08007600                SVC_Handler
 .text.vPortEnterCritical
                0x08007624       0x44 CMakeFiles/FreeRTOS.elf.dir/FreeRTOS/portable/GCC/ARM_CM3/port.c.obj
                0x08007624                vPortEnterCritical
 .text.vPortExitCritical
                0x08007668       0x28 CMakeFiles/FreeRTOS.elf.dir/FreeRTOS/portable/GCC/ARM_CM3/port.c.obj
                0x08007668                vPortExitCritical
 .text.PendSV_Handler
                0x08007690       0x44 CMakeFiles/FreeRTOS.elf.dir/FreeRTOS/portable/GCC/ARM_CM3/port.c.obj
                0x08007690                PendSV_Handler
 .text.SysTick_Handler
                0x080076d4       0x2c CMakeFiles/FreeRTOS.elf.dir/FreeRTOS/portable/GCC/ARM_CM3/port.c.obj
                0x080076d4                SysTick_Handler
 .text.vPortSetupTimerInterrupt
                0x08007700       0x18 CMakeFiles/FreeRTOS.elf.dir/FreeRTOS/portable/GCC/ARM_CM3/port.c.obj
                0x08007700                vPortSetupTimerInterrupt
 .text.xPortStartScheduler
                0x08007718       0xec CMakeFiles/FreeRTOS.elf.dir/FreeRTOS/portable/GCC/ARM_CM3/port.c.obj
                0x08007718                xPortStartScheduler
 .text.vPortValidateInterruptPriority
                0x08007804       0x5c CMakeFiles/FreeRTOS.elf.dir/FreeRTOS/portable/GCC/ARM_CM3/port.c.obj
                0x08007804                vPortValidateInterruptPriority
 .text.pvPortMalloc
                0x08007860      0x15c CMakeFiles/FreeRTOS.elf.dir/FreeRTOS/portable/MemMang/heap_4.c.obj
                0x08007860                pvPortMalloc
 .text.vPortFree
                0x080079bc       0xb8 CMakeFiles/FreeRTOS.elf.dir/FreeRTOS/portable/MemMang/heap_4.c.obj
                0x080079bc                vPortFree
 .text.prvCopyDataToQueue
                0x08007a74       0x70 CMakeFiles/FreeRTOS.elf.dir/FreeRTOS/queue.c.obj
 .text.xQueueGenericReset
                0x08007ae4       0xa0 CMakeFiles/FreeRTOS.elf.dir/FreeRTOS/queue.c.obj
                0x08007ae4                xQueueGenericReset
 .text.xQueueGenericCreate
                0x08007b84       0x58 CMakeFiles/FreeRTOS.elf.dir/FreeRTOS/queue.c.obj
                0x08007b84                xQueueGenericCreate
 .text.xQueueGenericSend
                0x08007bdc      0x2fc CMakeFiles/FreeRTOS.elf.dir/FreeRTOS/queue.c.obj
                0x08007bdc                xQueueGenericSend
 .text.xQueueCreateMutex
                0x08007ed8       0x6c CMakeFiles/FreeRTOS.elf.dir/FreeRTOS/queue.c.obj
                0x08007ed8                xQueueCreateMutex
 .text.xQueueGiveFromISR
                0x08007f44       0xcc CMakeFiles/FreeRTOS.elf.dir/FreeRTOS/queue.c.obj
                0x08007f44                xQueueGiveFromISR
 .text.xQueueReceive
                0x08008010      0x308 CMakeFiles/FreeRTOS.elf.dir/FreeRTOS/queue.c.obj
                0x08008010                xQueueReceive
 .text.xQueueSemaphoreTake
                0x08008318      0x308 CMakeFiles/FreeRTOS.elf.dir/FreeRTOS/queue.c.obj
                0x08008318                xQueueSemaphoreTake
 .text.vQueueWaitForMessageRestricted
                0x08008620       0xc8 CMakeFiles/FreeRTOS.elf.dir/FreeRTOS/queue.c.obj
                0x08008620                vQueueWaitForMessageRestricted
 .text.prvAddCurrentTaskToDelayedList
                0x080086e8       0xa8 CMakeFiles/FreeRTOS.elf.dir/FreeRTOS/tasks.c.obj
 .text.prvIdleTask
                0x08008790       0x70 CMakeFiles/FreeRTOS.elf.dir/FreeRTOS/tasks.c.obj
 .text.xTaskCreate
                0x08008800      0x2a0 CMakeFiles/FreeRTOS.elf.dir/FreeRTOS/tasks.c.obj
                0x08008800                xTaskCreate
 .text.vTaskStartScheduler
                0x08008aa0      0x224 CMakeFiles/FreeRTOS.elf.dir/FreeRTOS/tasks.c.obj
                0x08008aa0                vTaskStartScheduler
 .text.vTaskSuspendAll
                0x08008cc4       0x10 CMakeFiles/FreeRTOS.elf.dir/FreeRTOS/tasks.c.obj
                0x08008cc4                vTaskSuspendAll
 .text.xTaskGetTickCount
                0x08008cd4        0xc CMakeFiles/FreeRTOS.elf.dir/FreeRTOS/tasks.c.obj
                0x08008cd4                xTaskGetTickCount
 .text.uxTaskGetNumberOfTasks
                0x08008ce0        0xc CMakeFiles/FreeRTOS.elf.dir/FreeRTOS/tasks.c.obj
                0x08008ce0                uxTaskGetNumberOfTasks
 .text.xTaskIncrementTick
                0x08008cec      0x1d0 CMakeFiles/FreeRTOS.elf.dir/FreeRTOS/tasks.c.obj
                0x08008cec                xTaskIncrementTick
 .text.xTaskResumeAll.part.0
                0x08008ebc      0x17c CMakeFiles/FreeRTOS.elf.dir/FreeRTOS/tasks.c.obj
 .text.xTaskResumeAll
                0x08009038       0x20 CMakeFiles/FreeRTOS.elf.dir/FreeRTOS/tasks.c.obj
                0x08009038                xTaskResumeAll
 .text.vTaskDelay
                0x08009058       0x60 CMakeFiles/FreeRTOS.elf.dir/FreeRTOS/tasks.c.obj
                0x08009058                vTaskDelay
 .text.xTaskDelayUntil
                0x080090b8       0xbc CMakeFiles/FreeRTOS.elf.dir/FreeRTOS/tasks.c.obj
                0x080090b8                xTaskDelayUntil
 .text.vTaskSwitchContext
                0x08009174       0xa4 CMakeFiles/FreeRTOS.elf.dir/FreeRTOS/tasks.c.obj
                0x08009174                vTaskSwitchContext
 .text.vTaskPlaceOnEventList
                0x08009218       0xbc CMakeFiles/FreeRTOS.elf.dir/FreeRTOS/tasks.c.obj
                0x08009218                vTaskPlaceOnEventList
 .text.vTaskPlaceOnEventListRestricted
                0x080092d4      0x100 CMakeFiles/FreeRTOS.elf.dir/FreeRTOS/tasks.c.obj
                0x080092d4                vTaskPlaceOnEventListRestricted
 .text.xTaskRemoveFromEventList
                0x080093d4       0xfc CMakeFiles/FreeRTOS.elf.dir/FreeRTOS/tasks.c.obj
                0x080093d4                xTaskRemoveFromEventList
 .text.vTaskInternalSetTimeOutState
                0x080094d0       0x18 CMakeFiles/FreeRTOS.elf.dir/FreeRTOS/tasks.c.obj
                0x080094d0                vTaskInternalSetTimeOutState
 .text.xTaskCheckForTimeOut
                0x080094e8       0x88 CMakeFiles/FreeRTOS.elf.dir/FreeRTOS/tasks.c.obj
                0x080094e8                xTaskCheckForTimeOut
 .text.vTaskMissedYield
                0x08009570        0xc CMakeFiles/FreeRTOS.elf.dir/FreeRTOS/tasks.c.obj
                0x08009570                vTaskMissedYield
 .text.xTaskGetSchedulerState
                0x0800957c       0x20 CMakeFiles/FreeRTOS.elf.dir/FreeRTOS/tasks.c.obj
                0x0800957c                xTaskGetSchedulerState
 .text.xTaskPriorityInherit
                0x0800959c       0xc4 CMakeFiles/FreeRTOS.elf.dir/FreeRTOS/tasks.c.obj
                0x0800959c                xTaskPriorityInherit
 .text.xTaskPriorityDisinherit
                0x08009660       0xc8 CMakeFiles/FreeRTOS.elf.dir/FreeRTOS/tasks.c.obj
                0x08009660                xTaskPriorityDisinherit
 .text.vTaskPriorityDisinheritAfterTimeout
                0x08009728       0xc8 CMakeFiles/FreeRTOS.elf.dir/FreeRTOS/tasks.c.obj
                0x08009728                vTaskPriorityDisinheritAfterTimeout
 .text.pvTaskIncrementMutexHeldCount
                0x080097f0       0x18 CMakeFiles/FreeRTOS.elf.dir/FreeRTOS/tasks.c.obj
                0x080097f0                pvTaskIncrementMutexHeldCount
 .text.prvTimerTask
                0x08009808      0x35c CMakeFiles/FreeRTOS.elf.dir/FreeRTOS/timers.c.obj
 .text.xTimerCreateTimerTask
                0x08009b64       0x8c CMakeFiles/FreeRTOS.elf.dir/FreeRTOS/timers.c.obj
                0x08009b64                xTimerCreateTimerTask
 .text.lv_disp_get_scr_act
                0x08009bf0       0x14 CMakeFiles/FreeRTOS.elf.dir/GUI/lvgl/src/core/lv_disp.c.obj
                0x08009bf0                lv_disp_get_scr_act
 .text.lv_disp_get_scr_prev
                0x08009c04       0x14 CMakeFiles/FreeRTOS.elf.dir/GUI/lvgl/src/core/lv_disp.c.obj
                0x08009c04                lv_disp_get_scr_prev
 .text.lv_disp_get_layer_top
                0x08009c18       0x14 CMakeFiles/FreeRTOS.elf.dir/GUI/lvgl/src/core/lv_disp.c.obj
                0x08009c18                lv_disp_get_layer_top
 .text.lv_disp_get_layer_sys
                0x08009c2c       0x14 CMakeFiles/FreeRTOS.elf.dir/GUI/lvgl/src/core/lv_disp.c.obj
                0x08009c2c                lv_disp_get_layer_sys
 .text.lv_disp_get_theme
                0x08009c40       0x10 CMakeFiles/FreeRTOS.elf.dir/GUI/lvgl/src/core/lv_disp.c.obj
                0x08009c40                lv_disp_get_theme
 .text.lv_disp_is_invalidation_enabled
                0x08009c50       0x1c CMakeFiles/FreeRTOS.elf.dir/GUI/lvgl/src/core/lv_disp.c.obj
                0x08009c50                lv_disp_is_invalidation_enabled
 .text.event_send_core
                0x08009c6c      0x204 CMakeFiles/FreeRTOS.elf.dir/GUI/lvgl/src/core/lv_event.c.obj
 .text.lv_event_send
                0x08009e70       0x40 CMakeFiles/FreeRTOS.elf.dir/GUI/lvgl/src/core/lv_event.c.obj
                0x08009e70                lv_event_send
 .text.lv_obj_event_base
                0x08009eb0       0x2c CMakeFiles/FreeRTOS.elf.dir/GUI/lvgl/src/core/lv_event.c.obj
                0x08009eb0                lv_obj_event_base
 .text.lv_event_get_target
                0x08009edc        0x4 CMakeFiles/FreeRTOS.elf.dir/GUI/lvgl/src/core/lv_event.c.obj
                0x08009edc                lv_event_get_target
 .text.lv_event_get_current_target
                0x08009ee0        0x4 CMakeFiles/FreeRTOS.elf.dir/GUI/lvgl/src/core/lv_event.c.obj
                0x08009ee0                lv_event_get_current_target
 .text.lv_event_get_code
                0x08009ee4        0x8 CMakeFiles/FreeRTOS.elf.dir/GUI/lvgl/src/core/lv_event.c.obj
                0x08009ee4                lv_event_get_code
 .text.lv_event_get_param
                0x08009eec        0x4 CMakeFiles/FreeRTOS.elf.dir/GUI/lvgl/src/core/lv_event.c.obj
                0x08009eec                lv_event_get_param
 .text.lv_event_get_user_data
                0x08009ef0        0x4 CMakeFiles/FreeRTOS.elf.dir/GUI/lvgl/src/core/lv_event.c.obj
                0x08009ef0                lv_event_get_user_data
 .text._lv_event_mark_deleted
                0x08009ef4       0x2c CMakeFiles/FreeRTOS.elf.dir/GUI/lvgl/src/core/lv_event.c.obj
                0x08009ef4                _lv_event_mark_deleted
 .text.lv_obj_add_event_cb
                0x08009f20       0x5c CMakeFiles/FreeRTOS.elf.dir/GUI/lvgl/src/core/lv_event.c.obj
                0x08009f20                lv_obj_add_event_cb
 .text.lv_event_get_indev
                0x08009f7c       0x10 CMakeFiles/FreeRTOS.elf.dir/GUI/lvgl/src/core/lv_event.c.obj
                0x08009f7c                lv_event_get_indev
 .text.lv_event_get_draw_ctx
                0x08009f8c       0x10 CMakeFiles/FreeRTOS.elf.dir/GUI/lvgl/src/core/lv_event.c.obj
                0x08009f8c                lv_event_get_draw_ctx
 .text.lv_event_set_ext_draw_size
                0x08009f9c       0x18 CMakeFiles/FreeRTOS.elf.dir/GUI/lvgl/src/core/lv_event.c.obj
                0x08009f9c                lv_event_set_ext_draw_size
 .text.focus_next_core.part.0
                0x08009fb4      0x1c8 CMakeFiles/FreeRTOS.elf.dir/GUI/lvgl/src/core/lv_group.c.obj
 .text.lv_group_refocus
                0x0800a17c       0x8c CMakeFiles/FreeRTOS.elf.dir/GUI/lvgl/src/core/lv_group.c.obj
 .text._lv_group_init
                0x0800a208        0xc CMakeFiles/FreeRTOS.elf.dir/GUI/lvgl/src/core/lv_group.c.obj
                0x0800a208                _lv_group_init
 .text.lv_group_get_default
                0x0800a214        0xc CMakeFiles/FreeRTOS.elf.dir/GUI/lvgl/src/core/lv_group.c.obj
                0x0800a214                lv_group_get_default
 .text.lv_group_remove_obj
                0x0800a220      0x15c CMakeFiles/FreeRTOS.elf.dir/GUI/lvgl/src/core/lv_group.c.obj
                0x0800a220                lv_group_remove_obj
 .text.lv_group_add_obj
                0x0800a37c       0x7c CMakeFiles/FreeRTOS.elf.dir/GUI/lvgl/src/core/lv_group.c.obj
                0x0800a37c                lv_group_add_obj
 .text.lv_group_set_editing
                0x0800a3f8       0x9c CMakeFiles/FreeRTOS.elf.dir/GUI/lvgl/src/core/lv_group.c.obj
                0x0800a3f8                lv_group_set_editing
 .text.lv_group_get_editing
                0x0800a494        0xc CMakeFiles/FreeRTOS.elf.dir/GUI/lvgl/src/core/lv_group.c.obj
                0x0800a494                lv_group_get_editing
 .text.lv_indev_get_act
                0x0800a4a0        0xc CMakeFiles/FreeRTOS.elf.dir/GUI/lvgl/src/core/lv_indev.c.obj
                0x0800a4a0                lv_indev_get_act
 .text.lv_indev_get_type
                0x0800a4ac        0x8 CMakeFiles/FreeRTOS.elf.dir/GUI/lvgl/src/core/lv_indev.c.obj
                0x0800a4ac                lv_indev_get_type
 .text.lv_indev_get_point
                0x0800a4b4       0x28 CMakeFiles/FreeRTOS.elf.dir/GUI/lvgl/src/core/lv_indev.c.obj
                0x0800a4b4                lv_indev_get_point
 .text.lv_indev_get_scroll_dir
                0x0800a4dc       0x1c CMakeFiles/FreeRTOS.elf.dir/GUI/lvgl/src/core/lv_indev.c.obj
                0x0800a4dc                lv_indev_get_scroll_dir
 .text.lv_indev_get_scroll_obj
                0x0800a4f8       0x18 CMakeFiles/FreeRTOS.elf.dir/GUI/lvgl/src/core/lv_indev.c.obj
                0x0800a4f8                lv_indev_get_scroll_obj
 .text.lv_obj_draw
                0x0800a510      0x4b4 CMakeFiles/FreeRTOS.elf.dir/GUI/lvgl/src/core/lv_obj.c.obj
 .text.lv_obj_destructor
                0x0800a9c4       0x68 CMakeFiles/FreeRTOS.elf.dir/GUI/lvgl/src/core/lv_obj.c.obj
 .text.lv_obj_constructor
                0x0800aa2c       0x60 CMakeFiles/FreeRTOS.elf.dir/GUI/lvgl/src/core/lv_obj.c.obj
 .text.lv_obj_set_state
                0x0800aa8c      0x25c CMakeFiles/FreeRTOS.elf.dir/GUI/lvgl/src/core/lv_obj.c.obj
 .text.lv_obj_event
                0x0800ace8      0x3f0 CMakeFiles/FreeRTOS.elf.dir/GUI/lvgl/src/core/lv_obj.c.obj
 .text.lv_init  0x0800b0d8       0x58 CMakeFiles/FreeRTOS.elf.dir/GUI/lvgl/src/core/lv_obj.c.obj
                0x0800b0d8                lv_init
 .text.lv_obj_create
                0x0800b130       0x18 CMakeFiles/FreeRTOS.elf.dir/GUI/lvgl/src/core/lv_obj.c.obj
                0x0800b130                lv_obj_create
 .text.lv_obj_add_flag
                0x0800b148       0x78 CMakeFiles/FreeRTOS.elf.dir/GUI/lvgl/src/core/lv_obj.c.obj
                0x0800b148                lv_obj_add_flag
 .text.lv_obj_clear_flag
                0x0800b1c0       0x80 CMakeFiles/FreeRTOS.elf.dir/GUI/lvgl/src/core/lv_obj.c.obj
                0x0800b1c0                lv_obj_clear_flag
 .text.lv_obj_has_flag
                0x0800b240       0x10 CMakeFiles/FreeRTOS.elf.dir/GUI/lvgl/src/core/lv_obj.c.obj
                0x0800b240                lv_obj_has_flag
 .text.lv_obj_has_flag_any
                0x0800b250        0xc CMakeFiles/FreeRTOS.elf.dir/GUI/lvgl/src/core/lv_obj.c.obj
                0x0800b250                lv_obj_has_flag_any
 .text.lv_obj_get_state
                0x0800b25c        0x4 CMakeFiles/FreeRTOS.elf.dir/GUI/lvgl/src/core/lv_obj.c.obj
                0x0800b25c                lv_obj_get_state
 .text.lv_obj_get_group
                0x0800b260        0x8 CMakeFiles/FreeRTOS.elf.dir/GUI/lvgl/src/core/lv_obj.c.obj
                0x0800b260                lv_obj_get_group
 .text.lv_obj_allocate_spec_attr
                0x0800b268       0x38 CMakeFiles/FreeRTOS.elf.dir/GUI/lvgl/src/core/lv_obj.c.obj
                0x0800b268                lv_obj_allocate_spec_attr
 .text.lv_obj_check_type
                0x0800b2a0       0x10 CMakeFiles/FreeRTOS.elf.dir/GUI/lvgl/src/core/lv_obj.c.obj
                0x0800b2a0                lv_obj_check_type
 .text.lv_obj_construct
                0x0800b2b0       0x5c CMakeFiles/FreeRTOS.elf.dir/GUI/lvgl/src/core/lv_obj_class.c.obj
 .text.lv_obj_class_create_obj
                0x0800b30c       0xe4 CMakeFiles/FreeRTOS.elf.dir/GUI/lvgl/src/core/lv_obj_class.c.obj
                0x0800b30c                lv_obj_class_create_obj
 .text.lv_obj_class_init_obj
                0x0800b3f0       0xd0 CMakeFiles/FreeRTOS.elf.dir/GUI/lvgl/src/core/lv_obj_class.c.obj
                0x0800b3f0                lv_obj_class_init_obj
 .text.lv_obj_is_editable
                0x0800b4c0       0x20 CMakeFiles/FreeRTOS.elf.dir/GUI/lvgl/src/core/lv_obj_class.c.obj
                0x0800b4c0                lv_obj_is_editable
 .text.lv_obj_init_draw_rect_dsc
                0x0800b4e0      0x2fc CMakeFiles/FreeRTOS.elf.dir/GUI/lvgl/src/core/lv_obj_draw.c.obj
                0x0800b4e0                lv_obj_init_draw_rect_dsc
 .text.lv_obj_init_draw_label_dsc
                0x0800b7dc       0xb4 CMakeFiles/FreeRTOS.elf.dir/GUI/lvgl/src/core/lv_obj_draw.c.obj
                0x0800b7dc                lv_obj_init_draw_label_dsc
 .text.lv_obj_init_draw_arc_dsc
                0x0800b890       0xa4 CMakeFiles/FreeRTOS.elf.dir/GUI/lvgl/src/core/lv_obj_draw.c.obj
                0x0800b890                lv_obj_init_draw_arc_dsc
 .text.lv_obj_calculate_ext_draw_size
                0x0800b934       0xd8 CMakeFiles/FreeRTOS.elf.dir/GUI/lvgl/src/core/lv_obj_draw.c.obj
                0x0800b934                lv_obj_calculate_ext_draw_size
 .text.lv_obj_draw_dsc_init
                0x0800ba0c       0x10 CMakeFiles/FreeRTOS.elf.dir/GUI/lvgl/src/core/lv_obj_draw.c.obj
                0x0800ba0c                lv_obj_draw_dsc_init
 .text.lv_obj_refresh_ext_draw_size
                0x0800ba1c       0x60 CMakeFiles/FreeRTOS.elf.dir/GUI/lvgl/src/core/lv_obj_draw.c.obj
                0x0800ba1c                lv_obj_refresh_ext_draw_size
 .text._lv_obj_get_ext_draw_size
                0x0800ba7c        0xc CMakeFiles/FreeRTOS.elf.dir/GUI/lvgl/src/core/lv_obj_draw.c.obj
                0x0800ba7c                _lv_obj_get_ext_draw_size
 .text._lv_obj_get_layer_type
                0x0800ba88        0xc CMakeFiles/FreeRTOS.elf.dir/GUI/lvgl/src/core/lv_obj_draw.c.obj
                0x0800ba88                _lv_obj_get_layer_type
 .text.transform_point
                0x0800ba94      0x128 CMakeFiles/FreeRTOS.elf.dir/GUI/lvgl/src/core/lv_obj_pos.c.obj
 .text.lv_obj_move_children_by.constprop.0
                0x0800bbbc      0x2d0 CMakeFiles/FreeRTOS.elf.dir/GUI/lvgl/src/core/lv_obj_pos.c.obj
 .text.lv_obj_set_x
                0x0800be8c       0x30 CMakeFiles/FreeRTOS.elf.dir/GUI/lvgl/src/core/lv_obj_pos.c.obj
                0x0800be8c                lv_obj_set_x
 .text.lv_obj_set_size
                0x0800bebc       0x58 CMakeFiles/FreeRTOS.elf.dir/GUI/lvgl/src/core/lv_obj_pos.c.obj
                0x0800bebc                lv_obj_set_size
 .text.lv_obj_set_width
                0x0800bf14       0x30 CMakeFiles/FreeRTOS.elf.dir/GUI/lvgl/src/core/lv_obj_pos.c.obj
                0x0800bf14                lv_obj_set_width
 .text.lv_obj_set_height
                0x0800bf44       0x30 CMakeFiles/FreeRTOS.elf.dir/GUI/lvgl/src/core/lv_obj_pos.c.obj
                0x0800bf44                lv_obj_set_height
 .text.lv_obj_is_layout_positioned
                0x0800bf74       0x34 CMakeFiles/FreeRTOS.elf.dir/GUI/lvgl/src/core/lv_obj_pos.c.obj
                0x0800bf74                lv_obj_is_layout_positioned
 .text.lv_obj_mark_layout_as_dirty
                0x0800bfa8       0x30 CMakeFiles/FreeRTOS.elf.dir/GUI/lvgl/src/core/lv_obj_pos.c.obj
                0x0800bfa8                lv_obj_mark_layout_as_dirty
 .text.lv_layout_register
                0x0800bfd8       0x3c CMakeFiles/FreeRTOS.elf.dir/GUI/lvgl/src/core/lv_obj_pos.c.obj
                0x0800bfd8                lv_layout_register
 .text.lv_obj_align
                0x0800c014       0x60 CMakeFiles/FreeRTOS.elf.dir/GUI/lvgl/src/core/lv_obj_pos.c.obj
                0x0800c014                lv_obj_align
 .text.lv_obj_get_coords
                0x0800c074        0xc CMakeFiles/FreeRTOS.elf.dir/GUI/lvgl/src/core/lv_obj_pos.c.obj
                0x0800c074                lv_obj_get_coords
 .text.lv_obj_get_x
                0x0800c080       0x40 CMakeFiles/FreeRTOS.elf.dir/GUI/lvgl/src/core/lv_obj_pos.c.obj
                0x0800c080                lv_obj_get_x
 .text.lv_obj_get_width
                0x0800c0c0       0x10 CMakeFiles/FreeRTOS.elf.dir/GUI/lvgl/src/core/lv_obj_pos.c.obj
                0x0800c0c0                lv_obj_get_width
 .text.lv_obj_get_height
                0x0800c0d0       0x10 CMakeFiles/FreeRTOS.elf.dir/GUI/lvgl/src/core/lv_obj_pos.c.obj
                0x0800c0d0                lv_obj_get_height
 .text.lv_obj_get_content_width
                0x0800c0e0       0x3c CMakeFiles/FreeRTOS.elf.dir/GUI/lvgl/src/core/lv_obj_pos.c.obj
                0x0800c0e0                lv_obj_get_content_width
 .text.lv_obj_get_content_height
                0x0800c11c       0x3c CMakeFiles/FreeRTOS.elf.dir/GUI/lvgl/src/core/lv_obj_pos.c.obj
                0x0800c11c                lv_obj_get_content_height
 .text.lv_obj_get_content_coords
                0x0800c158       0x70 CMakeFiles/FreeRTOS.elf.dir/GUI/lvgl/src/core/lv_obj_pos.c.obj
                0x0800c158                lv_obj_get_content_coords
 .text.lv_obj_get_self_width
                0x0800c1c8       0x20 CMakeFiles/FreeRTOS.elf.dir/GUI/lvgl/src/core/lv_obj_pos.c.obj
                0x0800c1c8                lv_obj_get_self_width
 .text.lv_obj_get_self_height
                0x0800c1e8       0x1c CMakeFiles/FreeRTOS.elf.dir/GUI/lvgl/src/core/lv_obj_pos.c.obj
                0x0800c1e8                lv_obj_get_self_height
 .text.lv_obj_refresh_self_size
                0x0800c204       0x60 CMakeFiles/FreeRTOS.elf.dir/GUI/lvgl/src/core/lv_obj_pos.c.obj
                0x0800c204                lv_obj_refresh_self_size
 .text.lv_obj_move_children_by
                0x0800c264       0xb4 CMakeFiles/FreeRTOS.elf.dir/GUI/lvgl/src/core/lv_obj_pos.c.obj
                0x0800c264                lv_obj_move_children_by
 .text.lv_obj_transform_point
                0x0800c318       0x90 CMakeFiles/FreeRTOS.elf.dir/GUI/lvgl/src/core/lv_obj_pos.c.obj
                0x0800c318                lv_obj_transform_point
 .text.lv_obj_get_transformed_area
                0x0800c3a8      0x2e0 CMakeFiles/FreeRTOS.elf.dir/GUI/lvgl/src/core/lv_obj_pos.c.obj
                0x0800c3a8                lv_obj_get_transformed_area
 .text.lv_obj_area_is_visible
                0x0800c688      0x100 CMakeFiles/FreeRTOS.elf.dir/GUI/lvgl/src/core/lv_obj_pos.c.obj
                0x0800c688                lv_obj_area_is_visible
 .text.lv_obj_invalidate_area
                0x0800c788       0x3c CMakeFiles/FreeRTOS.elf.dir/GUI/lvgl/src/core/lv_obj_pos.c.obj
                0x0800c788                lv_obj_invalidate_area
 .text.lv_obj_invalidate
                0x0800c7c4       0x6c CMakeFiles/FreeRTOS.elf.dir/GUI/lvgl/src/core/lv_obj_pos.c.obj
                0x0800c7c4                lv_obj_invalidate
 .text.lv_obj_move_to
                0x0800c830      0x194 CMakeFiles/FreeRTOS.elf.dir/GUI/lvgl/src/core/lv_obj_pos.c.obj
                0x0800c830                lv_obj_move_to
 .text.lv_obj_refr_pos.part.0
                0x0800c9c4      0x31c CMakeFiles/FreeRTOS.elf.dir/GUI/lvgl/src/core/lv_obj_pos.c.obj
 .text.lv_obj_refr_size.part.0
                0x0800cce0      0x7fc CMakeFiles/FreeRTOS.elf.dir/GUI/lvgl/src/core/lv_obj_pos.c.obj
 .text.lv_obj_refr_size
                0x0800d4dc       0x14 CMakeFiles/FreeRTOS.elf.dir/GUI/lvgl/src/core/lv_obj_pos.c.obj
                0x0800d4dc                lv_obj_refr_size
 .text.layout_update_core
                0x0800d4f0       0xb4 CMakeFiles/FreeRTOS.elf.dir/GUI/lvgl/src/core/lv_obj_pos.c.obj
 .text.lv_obj_update_layout
                0x0800d5a4       0x40 CMakeFiles/FreeRTOS.elf.dir/GUI/lvgl/src/core/lv_obj_pos.c.obj
                0x0800d5a4                lv_obj_update_layout
 .text.lv_obj_is_visible
                0x0800d5e4       0x40 CMakeFiles/FreeRTOS.elf.dir/GUI/lvgl/src/core/lv_obj_pos.c.obj
                0x0800d5e4                lv_obj_is_visible
 .text.lv_obj_set_ext_click_area
                0x0800d624       0x10 CMakeFiles/FreeRTOS.elf.dir/GUI/lvgl/src/core/lv_obj_pos.c.obj
                0x0800d624                lv_obj_set_ext_click_area
 .text.scroll_anim_ready_cb
                0x0800d634        0xc CMakeFiles/FreeRTOS.elf.dir/GUI/lvgl/src/core/lv_obj_scroll.c.obj
 .text.lv_obj_get_scroll_left.part.0
                0x0800d640       0xc8 CMakeFiles/FreeRTOS.elf.dir/GUI/lvgl/src/core/lv_obj_scroll.c.obj
 .text.lv_obj_get_scroll_right.part.0
                0x0800d708       0xd8 CMakeFiles/FreeRTOS.elf.dir/GUI/lvgl/src/core/lv_obj_scroll.c.obj
 .text.scroll_y_anim
                0x0800d7e0       0x4c CMakeFiles/FreeRTOS.elf.dir/GUI/lvgl/src/core/lv_obj_scroll.c.obj
 .text.scroll_x_anim
                0x0800d82c       0x4c CMakeFiles/FreeRTOS.elf.dir/GUI/lvgl/src/core/lv_obj_scroll.c.obj
 .text.lv_obj_set_scrollbar_mode
                0x0800d878       0x28 CMakeFiles/FreeRTOS.elf.dir/GUI/lvgl/src/core/lv_obj_scroll.c.obj
                0x0800d878                lv_obj_set_scrollbar_mode
 .text.lv_obj_get_scrollbar_mode
                0x0800d8a0       0x10 CMakeFiles/FreeRTOS.elf.dir/GUI/lvgl/src/core/lv_obj_scroll.c.obj
                0x0800d8a0                lv_obj_get_scrollbar_mode
 .text.lv_obj_get_scroll_dir
                0x0800d8b0       0x10 CMakeFiles/FreeRTOS.elf.dir/GUI/lvgl/src/core/lv_obj_scroll.c.obj
                0x0800d8b0                lv_obj_get_scroll_dir
 .text.lv_obj_get_scroll_x
                0x0800d8c0        0xc CMakeFiles/FreeRTOS.elf.dir/GUI/lvgl/src/core/lv_obj_scroll.c.obj
                0x0800d8c0                lv_obj_get_scroll_x
 .text.lv_obj_get_scroll_y
                0x0800d8cc        0xc CMakeFiles/FreeRTOS.elf.dir/GUI/lvgl/src/core/lv_obj_scroll.c.obj
                0x0800d8cc                lv_obj_get_scroll_y
 .text.lv_obj_get_scroll_top
                0x0800d8d8        0xc CMakeFiles/FreeRTOS.elf.dir/GUI/lvgl/src/core/lv_obj_scroll.c.obj
                0x0800d8d8                lv_obj_get_scroll_top
 .text.lv_obj_get_scroll_bottom
                0x0800d8e4       0xd8 CMakeFiles/FreeRTOS.elf.dir/GUI/lvgl/src/core/lv_obj_scroll.c.obj
                0x0800d8e4                lv_obj_get_scroll_bottom
 .text.lv_obj_get_scrollbar_area.part.0
                0x0800d9bc      0x92c CMakeFiles/FreeRTOS.elf.dir/GUI/lvgl/src/core/lv_obj_scroll.c.obj
 .text.lv_obj_get_scroll_left
                0x0800e2e8       0x28 CMakeFiles/FreeRTOS.elf.dir/GUI/lvgl/src/core/lv_obj_scroll.c.obj
                0x0800e2e8                lv_obj_get_scroll_left
 .text.lv_obj_get_scroll_right
                0x0800e310       0x28 CMakeFiles/FreeRTOS.elf.dir/GUI/lvgl/src/core/lv_obj_scroll.c.obj
                0x0800e310                lv_obj_get_scroll_right
 .text.lv_obj_scroll_by
                0x0800e338      0x174 CMakeFiles/FreeRTOS.elf.dir/GUI/lvgl/src/core/lv_obj_scroll.c.obj
                0x0800e338                lv_obj_scroll_by
 .text.lv_obj_scroll_by_bounded
                0x0800e4ac      0x204 CMakeFiles/FreeRTOS.elf.dir/GUI/lvgl/src/core/lv_obj_scroll.c.obj
                0x0800e4ac                lv_obj_scroll_by_bounded
 .text.scroll_area_into_view
                0x0800e6b0      0x374 CMakeFiles/FreeRTOS.elf.dir/GUI/lvgl/src/core/lv_obj_scroll.c.obj
 .text.lv_obj_scroll_to
                0x0800ea24      0x274 CMakeFiles/FreeRTOS.elf.dir/GUI/lvgl/src/core/lv_obj_scroll.c.obj
                0x0800ea24                lv_obj_scroll_to
 .text.lv_obj_scroll_to_x
                0x0800ec98      0x21c CMakeFiles/FreeRTOS.elf.dir/GUI/lvgl/src/core/lv_obj_scroll.c.obj
                0x0800ec98                lv_obj_scroll_to_x
 .text.lv_obj_scroll_to_y
                0x0800eeb4      0x250 CMakeFiles/FreeRTOS.elf.dir/GUI/lvgl/src/core/lv_obj_scroll.c.obj
                0x0800eeb4                lv_obj_scroll_to_y
 .text.lv_obj_scroll_to_view_recursive
                0x0800f104       0x3c CMakeFiles/FreeRTOS.elf.dir/GUI/lvgl/src/core/lv_obj_scroll.c.obj
                0x0800f104                lv_obj_scroll_to_view_recursive
 .text.lv_obj_get_scrollbar_area
                0x0800f140       0x48 CMakeFiles/FreeRTOS.elf.dir/GUI/lvgl/src/core/lv_obj_scroll.c.obj
                0x0800f140                lv_obj_get_scrollbar_area
 .text.lv_obj_scrollbar_invalidate
                0x0800f188       0x7c CMakeFiles/FreeRTOS.elf.dir/GUI/lvgl/src/core/lv_obj_scroll.c.obj
                0x0800f188                lv_obj_scrollbar_invalidate
 .text.lv_obj_readjust_scroll
                0x0800f204      0x104 CMakeFiles/FreeRTOS.elf.dir/GUI/lvgl/src/core/lv_obj_scroll.c.obj
                0x0800f204                lv_obj_readjust_scroll
 .text.get_local_style
                0x0800f308       0xc4 CMakeFiles/FreeRTOS.elf.dir/GUI/lvgl/src/core/lv_obj_style.c.obj
 .text.get_trans_style
                0x0800f3cc       0xb4 CMakeFiles/FreeRTOS.elf.dir/GUI/lvgl/src/core/lv_obj_style.c.obj
 .text.trans_del.isra.0
                0x0800f480       0xfc CMakeFiles/FreeRTOS.elf.dir/GUI/lvgl/src/core/lv_obj_style.c.obj
 .text.refresh_children_style
                0x0800f57c      0x260 CMakeFiles/FreeRTOS.elf.dir/GUI/lvgl/src/core/lv_obj_style.c.obj
 .text._lv_obj_style_init
                0x0800f7dc        0xc CMakeFiles/FreeRTOS.elf.dir/GUI/lvgl/src/core/lv_obj_style.c.obj
                0x0800f7dc                _lv_obj_style_init
 .text.lv_obj_enable_style_refresh
                0x0800f7e8        0xc CMakeFiles/FreeRTOS.elf.dir/GUI/lvgl/src/core/lv_obj_style.c.obj
                0x0800f7e8                lv_obj_enable_style_refresh
 .text.lv_obj_get_style_prop
                0x0800f7f4      0x18c CMakeFiles/FreeRTOS.elf.dir/GUI/lvgl/src/core/lv_obj_style.c.obj
                0x0800f7f4                lv_obj_get_style_prop
 .text.lv_obj_refresh_style.part.0
                0x0800f980      0x18c CMakeFiles/FreeRTOS.elf.dir/GUI/lvgl/src/core/lv_obj_style.c.obj
 .text.lv_obj_refresh_style
                0x0800fb0c       0x10 CMakeFiles/FreeRTOS.elf.dir/GUI/lvgl/src/core/lv_obj_style.c.obj
                0x0800fb0c                lv_obj_refresh_style
 .text.lv_obj_add_style
                0x0800fb1c       0xe4 CMakeFiles/FreeRTOS.elf.dir/GUI/lvgl/src/core/lv_obj_style.c.obj
                0x0800fb1c                lv_obj_add_style
 .text.trans_anim_cb
                0x0800fc00      0x174 CMakeFiles/FreeRTOS.elf.dir/GUI/lvgl/src/core/lv_obj_style.c.obj
 .text.lv_obj_remove_style
                0x0800fd74      0x148 CMakeFiles/FreeRTOS.elf.dir/GUI/lvgl/src/core/lv_obj_style.c.obj
                0x0800fd74                lv_obj_remove_style
 .text.trans_anim_ready_cb
                0x0800febc       0xb0 CMakeFiles/FreeRTOS.elf.dir/GUI/lvgl/src/core/lv_obj_style.c.obj
 .text.report_style_change_core
                0x0800ff6c      0x3a0 CMakeFiles/FreeRTOS.elf.dir/GUI/lvgl/src/core/lv_obj_style.c.obj
 .text.lv_obj_report_style_change
                0x0801030c       0xa4 CMakeFiles/FreeRTOS.elf.dir/GUI/lvgl/src/core/lv_obj_style.c.obj
                0x0801030c                lv_obj_report_style_change
 .text.trans_anim_start_cb
                0x080103b0       0x44 CMakeFiles/FreeRTOS.elf.dir/GUI/lvgl/src/core/lv_obj_style.c.obj
 .text.lv_obj_set_local_style_prop
                0x080103f4       0x34 CMakeFiles/FreeRTOS.elf.dir/GUI/lvgl/src/core/lv_obj_style.c.obj
                0x080103f4                lv_obj_set_local_style_prop
 .text.lv_obj_get_local_style_prop
                0x08010428       0x48 CMakeFiles/FreeRTOS.elf.dir/GUI/lvgl/src/core/lv_obj_style.c.obj
                0x08010428                lv_obj_get_local_style_prop
 .text._lv_obj_style_create_transition
                0x08010470      0x160 CMakeFiles/FreeRTOS.elf.dir/GUI/lvgl/src/core/lv_obj_style.c.obj
                0x08010470                _lv_obj_style_create_transition
 .text._lv_obj_style_apply_color_filter
                0x080105d0       0x38 CMakeFiles/FreeRTOS.elf.dir/GUI/lvgl/src/core/lv_obj_style.c.obj
                0x080105d0                _lv_obj_style_apply_color_filter
 .text._lv_obj_style_state_compare
                0x08010608      0x264 CMakeFiles/FreeRTOS.elf.dir/GUI/lvgl/src/core/lv_obj_style.c.obj
                0x08010608                _lv_obj_style_state_compare
 .text.lv_obj_style_get_selector_state
                0x0801086c        0x4 CMakeFiles/FreeRTOS.elf.dir/GUI/lvgl/src/core/lv_obj_style.c.obj
                0x0801086c                lv_obj_style_get_selector_state
 .text.lv_obj_style_get_selector_part
                0x08010870        0x8 CMakeFiles/FreeRTOS.elf.dir/GUI/lvgl/src/core/lv_obj_style.c.obj
                0x08010870                lv_obj_style_get_selector_part
 .text.lv_obj_calculate_style_text_align
                0x08010878       0x24 CMakeFiles/FreeRTOS.elf.dir/GUI/lvgl/src/core/lv_obj_style.c.obj
                0x08010878                lv_obj_calculate_style_text_align
 .text.lv_obj_set_style_width
                0x0801089c        0xc CMakeFiles/FreeRTOS.elf.dir/GUI/lvgl/src/core/lv_obj_style_gen.c.obj
                0x0801089c                lv_obj_set_style_width
 .text.lv_obj_set_style_height
                0x080108a8        0xc CMakeFiles/FreeRTOS.elf.dir/GUI/lvgl/src/core/lv_obj_style_gen.c.obj
                0x080108a8                lv_obj_set_style_height
 .text.lv_obj_set_style_x
                0x080108b4        0xc CMakeFiles/FreeRTOS.elf.dir/GUI/lvgl/src/core/lv_obj_style_gen.c.obj
                0x080108b4                lv_obj_set_style_x
 .text.lv_obj_set_style_y
                0x080108c0        0xc CMakeFiles/FreeRTOS.elf.dir/GUI/lvgl/src/core/lv_obj_style_gen.c.obj
                0x080108c0                lv_obj_set_style_y
 .text.lv_obj_set_style_align
                0x080108cc        0xc CMakeFiles/FreeRTOS.elf.dir/GUI/lvgl/src/core/lv_obj_style_gen.c.obj
                0x080108cc                lv_obj_set_style_align
 .text.lv_obj_set_style_pad_top
                0x080108d8        0xc CMakeFiles/FreeRTOS.elf.dir/GUI/lvgl/src/core/lv_obj_style_gen.c.obj
                0x080108d8                lv_obj_set_style_pad_top
 .text.lv_obj_set_style_pad_bottom
                0x080108e4        0xc CMakeFiles/FreeRTOS.elf.dir/GUI/lvgl/src/core/lv_obj_style_gen.c.obj
                0x080108e4                lv_obj_set_style_pad_bottom
 .text.lv_obj_set_style_pad_left
                0x080108f0        0xc CMakeFiles/FreeRTOS.elf.dir/GUI/lvgl/src/core/lv_obj_style_gen.c.obj
                0x080108f0                lv_obj_set_style_pad_left
 .text.lv_obj_set_style_pad_right
                0x080108fc        0xc CMakeFiles/FreeRTOS.elf.dir/GUI/lvgl/src/core/lv_obj_style_gen.c.obj
                0x080108fc                lv_obj_set_style_pad_right
 .text.lv_obj_set_style_pad_row
                0x08010908        0xc CMakeFiles/FreeRTOS.elf.dir/GUI/lvgl/src/core/lv_obj_style_gen.c.obj
                0x08010908                lv_obj_set_style_pad_row
 .text.lv_obj_set_style_pad_column
                0x08010914        0xc CMakeFiles/FreeRTOS.elf.dir/GUI/lvgl/src/core/lv_obj_style_gen.c.obj
                0x08010914                lv_obj_set_style_pad_column
 .text.lv_obj_set_style_border_width
                0x08010920        0xc CMakeFiles/FreeRTOS.elf.dir/GUI/lvgl/src/core/lv_obj_style_gen.c.obj
                0x08010920                lv_obj_set_style_border_width
 .text.lv_obj_set_style_text_font
                0x0801092c        0xc CMakeFiles/FreeRTOS.elf.dir/GUI/lvgl/src/core/lv_obj_style_gen.c.obj
                0x0801092c                lv_obj_set_style_text_font
 .text.lv_obj_set_style_radius
                0x08010938        0xc CMakeFiles/FreeRTOS.elf.dir/GUI/lvgl/src/core/lv_obj_style_gen.c.obj
                0x08010938                lv_obj_set_style_radius
 .text.lv_obj_set_style_layout
                0x08010944        0xc CMakeFiles/FreeRTOS.elf.dir/GUI/lvgl/src/core/lv_obj_style_gen.c.obj
                0x08010944                lv_obj_set_style_layout
 .text.lv_obj_get_screen