Archive member included to satisfy reference by file (symbol)

f:/gcc-arm-none-eabi-10.3-win32/bin/../lib/gcc/arm-none-eabi/10.3.1/thumb/v7-m/nofp\libgcc.a(_aeabi_uldivmod.o)
                              CMakeFiles/FreeRTOS.elf.dir/GUI/lvgl/src/misc/lv_printf.c.obj (__aeabi_uldivmod)
f:/gcc-arm-none-eabi-10.3-win32/bin/../lib/gcc/arm-none-eabi/10.3.1/thumb/v7-m/nofp\libgcc.a(_udivmoddi4.o)
                              f:/gcc-arm-none-eabi-10.3-win32/bin/../lib/gcc/arm-none-eabi/10.3.1/thumb/v7-m/nofp\libgcc.a(_aeabi_uldivmod.o) (__udivmoddi4)
f:/gcc-arm-none-eabi-10.3-win32/bin/../lib/gcc/arm-none-eabi/10.3.1/thumb/v7-m/nofp\libgcc.a(_dvmd_tls.o)
                              f:/gcc-arm-none-eabi-10.3-win32/bin/../lib/gcc/arm-none-eabi/10.3.1/thumb/v7-m/nofp\libgcc.a(_aeabi_uldivmod.o) (__aeabi_ldiv0)
f:/gcc-arm-none-eabi-10.3-win32/bin/../lib/gcc/arm-none-eabi/10.3.1/../../../../arm-none-eabi/lib/thumb/v7-m/nofp\libc.a(lib_a-assert.o)
                              CMakeFiles/FreeRTOS.elf.dir/Components/FreeModbus/modbus/functions/mbutils.c.obj (__assert_func)
f:/gcc-arm-none-eabi-10.3-win32/bin/../lib/gcc/arm-none-eabi/10.3.1/../../../../arm-none-eabi/lib/thumb/v7-m/nofp\libc.a(lib_a-errno.o)
                              CMakeFiles/FreeRTOS.elf.dir/Core/Src/syscalls.c.obj (__errno)
f:/gcc-arm-none-eabi-10.3-win32/bin/../lib/gcc/arm-none-eabi/10.3.1/../../../../arm-none-eabi/lib/thumb/v7-m/nofp\libc.a(lib_a-exit.o)
                              f:/gcc-arm-none-eabi-10.3-win32/bin/../lib/gcc/arm-none-eabi/10.3.1/../../../../arm-none-eabi/lib/thumb/v7-m/nofp/crt0.o (exit)
f:/gcc-arm-none-eabi-10.3-win32/bin/../lib/gcc/arm-none-eabi/10.3.1/../../../../arm-none-eabi/lib/thumb/v7-m/nofp\libc.a(lib_a-fiprintf.o)
                              f:/gcc-arm-none-eabi-10.3-win32/bin/../lib/gcc/arm-none-eabi/10.3.1/../../../../arm-none-eabi/lib/thumb/v7-m/nofp\libc.a(lib_a-assert.o) (fiprintf)
f:/gcc-arm-none-eabi-10.3-win32/bin/../lib/gcc/arm-none-eabi/10.3.1/../../../../arm-none-eabi/lib/thumb/v7-m/nofp\libc.a(lib_a-impure.o)
                              f:/gcc-arm-none-eabi-10.3-win32/bin/../lib/gcc/arm-none-eabi/10.3.1/../../../../arm-none-eabi/lib/thumb/v7-m/nofp\libc.a(lib_a-exit.o) (_global_impure_ptr)
f:/gcc-arm-none-eabi-10.3-win32/bin/../lib/gcc/arm-none-eabi/10.3.1/../../../../arm-none-eabi/lib/thumb/v7-m/nofp\libc.a(lib_a-init.o)
                              f:/gcc-arm-none-eabi-10.3-win32/bin/../lib/gcc/arm-none-eabi/10.3.1/../../../../arm-none-eabi/lib/thumb/v7-m/nofp/crt0.o (__libc_init_array)
f:/gcc-arm-none-eabi-10.3-win32/bin/../lib/gcc/arm-none-eabi/10.3.1/../../../../arm-none-eabi/lib/thumb/v7-m/nofp\libc.a(lib_a-malloc.o)
                              CMakeFiles/FreeRTOS.elf.dir/BSP/LCD/GUI_DEV/GUI_Paint.c.obj (malloc)
f:/gcc-arm-none-eabi-10.3-win32/bin/../lib/gcc/arm-none-eabi/10.3.1/../../../../arm-none-eabi/lib/thumb/v7-m/nofp\libc.a(lib_a-mallocr.o)
                              f:/gcc-arm-none-eabi-10.3-win32/bin/../lib/gcc/arm-none-eabi/10.3.1/../../../../arm-none-eabi/lib/thumb/v7-m/nofp\libc.a(lib_a-malloc.o) (_malloc_r)
f:/gcc-arm-none-eabi-10.3-win32/bin/../lib/gcc/arm-none-eabi/10.3.1/../../../../arm-none-eabi/lib/thumb/v7-m/nofp\libc.a(lib_a-memcmp.o)
                              CMakeFiles/FreeRTOS.elf.dir/Components/protocols/app_dbg/user_protocol_dbg.c.obj (memcmp)
f:/gcc-arm-none-eabi-10.3-win32/bin/../lib/gcc/arm-none-eabi/10.3.1/../../../../arm-none-eabi/lib/thumb/v7-m/nofp\libc.a(lib_a-memcpy.o)
                              CMakeFiles/FreeRTOS.elf.dir/BSP/LCD/GUI_DEV/GUI_Paint.c.obj (memcpy)
f:/gcc-arm-none-eabi-10.3-win32/bin/../lib/gcc/arm-none-eabi/10.3.1/../../../../arm-none-eabi/lib/thumb/v7-m/nofp\libc.a(lib_a-memmove.o)
                              CMakeFiles/FreeRTOS.elf.dir/GUI/lvgl/src/extra/libs/qrcode/qrcodegen.c.obj (memmove)
f:/gcc-arm-none-eabi-10.3-win32/bin/../lib/gcc/arm-none-eabi/10.3.1/../../../../arm-none-eabi/lib/thumb/v7-m/nofp\libc.a(lib_a-memset.o)
                              f:/gcc-arm-none-eabi-10.3-win32/bin/../lib/gcc/arm-none-eabi/10.3.1/../../../../arm-none-eabi/lib/thumb/v7-m/nofp/crt0.o (memset)
f:/gcc-arm-none-eabi-10.3-win32/bin/../lib/gcc/arm-none-eabi/10.3.1/../../../../arm-none-eabi/lib/thumb/v7-m/nofp\libc.a(lib_a-mlock.o)
                              f:/gcc-arm-none-eabi-10.3-win32/bin/../lib/gcc/arm-none-eabi/10.3.1/../../../../arm-none-eabi/lib/thumb/v7-m/nofp\libc.a(lib_a-mallocr.o) (__malloc_lock)
f:/gcc-arm-none-eabi-10.3-win32/bin/../lib/gcc/arm-none-eabi/10.3.1/../../../../arm-none-eabi/lib/thumb/v7-m/nofp\libc.a(lib_a-printf.o)
                              CMakeFiles/FreeRTOS.elf.dir/BSP/LCD/GUI_DEV/GUI_Paint.c.obj (printf)
f:/gcc-arm-none-eabi-10.3-win32/bin/../lib/gcc/arm-none-eabi/10.3.1/../../../../arm-none-eabi/lib/thumb/v7-m/nofp\libc.a(lib_a-puts.o)
                              CMakeFiles/FreeRTOS.elf.dir/BSP/LCD/GUI_DEV/GUI_Paint.c.obj (puts)
[...]
Memory Configuration

Name             Origin             Length             Attributes
RAM              0x20000000         0x00010000         xrw
FLASH            0x08010000         0x00010000         xr
*default*        0x00000000         0xffffffff

Linker script and memory map

LOAD f:/gcc-arm-none-eabi-10.3-win32/bin/../lib/gcc/arm-none-eabi/10.3.1/thumb/v7-m/nofp/crti.o
LOAD f:/gcc-arm-none-eabi-10.3-win32/bin/../lib/gcc/arm-none-eabi/10.3.1/thumb/v7-m/nofp/crtbegin.o
LOAD f:/gcc-arm-none-eabi-10.3-win32/bin/../lib/gcc/arm-none-eabi/10.3.1/../../../../arm-none-eabi/lib/thumb/v7-m/nofp/crt0.o
LOAD CMakeFiles/FreeRTOS.elf.dir/BSP/LCD/Config/DEV_Config.c.obj
LOAD CMakeFiles/FreeRTOS.elf.dir/BSP/LCD/Config/SPI_software.c.obj
LOAD CMakeFiles/FreeRTOS.elf.dir/BSP/LCD/Fonts/font12.c.obj
LOAD CMakeFiles/FreeRTOS.elf.dir/BSP/LCD/Fonts/font12CN.c.obj
LOAD CMakeFiles/FreeRTOS.elf.dir/BSP/LCD/Fonts/font16.c.obj
LOAD CMakeFiles/FreeRTOS.elf.dir/BSP/LCD/Fonts/font20.c.obj
LOAD CMakeFiles/FreeRTOS.elf.dir/BSP/LCD/Fonts/font24.c.obj
LOAD CMakeFiles/FreeRTOS.elf.dir/BSP/LCD/Fonts/font24CN.c.obj
LOAD CMakeFiles/FreeRTOS.elf.dir/BSP/LCD/Fonts/font8.c.obj
LOAD CMakeFiles/FreeRTOS.elf.dir/BSP/LCD/GUI_DEV/GUI_Paint.c.obj
LOAD CMakeFiles/FreeRTOS.elf.dir/BSP/LCD/LCD/LCD_2inch4.c.obj
LOAD CMakeFiles/FreeRTOS.elf.dir/BSP/LCD/example/LCD_2inch4_test.c.obj
LOAD CMakeFiles/FreeRTOS.elf.dir/BSP/LCD/image/image.c.obj
LOAD CMakeFiles/FreeRTOS.elf.dir/Components/FreeModbus/modbus/functions/mbfunccoils.c.obj
LOAD CMakeFiles/FreeRTOS.elf.dir/Components/FreeModbus/modbus/functions/mbfuncdiag.c.obj
LOAD CMakeFiles/FreeRTOS.elf.dir/Components/FreeModbus/modbus/functions/mbfuncdisc.c.obj
LOAD CMakeFiles/FreeRTOS.elf.dir/Components/FreeModbus/modbus/functions/mbfuncholding.c.obj
LOAD CMakeFiles/FreeRTOS.elf.dir/Components/FreeModbus/modbus/functions/mbfuncinput.c.obj
LOAD CMakeFiles/FreeRTOS.elf.dir/Components/FreeModbus/modbus/functions/mbfuncother.c.obj
LOAD CMakeFiles/FreeRTOS.elf.dir/Components/FreeModbus/modbus/functions/mbutils.c.obj
LOAD CMakeFiles/FreeRTOS.elf.dir/Components/FreeModbus/modbus/mb.c.obj
LOAD CMakeFiles/FreeRTOS.elf.dir/Components/FreeModbus/modbus/rtu/mbcrc.c.obj
LOAD CMakeFiles/FreeRTOS.elf.dir/Components/FreeModbus/modbus/rtu/mbrtu.c.obj
LOAD CMakeFiles/FreeRTOS.elf.dir/Components/FreeModbus/port/portevent.c.obj
LOAD CMakeFiles/FreeRTOS.elf.dir/Components/FreeModbus/port/portserial.c.obj
LOAD CMakeFiles/FreeRTOS.elf.dir/Components/FreeModbus/port/porttimer.c.obj
LOAD CMakeFiles/FreeRTOS.elf.dir/Components/protocols/app_dbg/user_protocol_dbg.c.obj
LOAD CMakeFiles/FreeRTOS.elf.dir/Components/protocols/driver/user_protocol.c.obj
LOAD CMakeFiles/FreeRTOS.elf.dir/Core/Src/dma.c.obj
LOAD CMakeFiles/FreeRTOS.elf.dir/Core/Src/gpio.c.obj
LOAD CMakeFiles/FreeRTOS.elf.dir/Core/Src/main.c.obj
LOAD CMakeFiles/FreeRTOS.elf.dir/Core/Src/spi.c.obj
LOAD CMakeFiles/FreeRTOS.elf.dir/Core/Src/stm32f1xx_hal_msp.c.obj
LOAD CMakeFiles/FreeRTOS.elf.dir/Core/Src/stm32f1xx_hal_timebase_tim.c.obj
LOAD CMakeFiles/FreeRTOS.elf.dir/Core/Src/stm32f1xx_it.c.obj
LOAD CMakeFiles/FreeRTOS.elf.dir/Core/Src/syscalls.c.obj
LOAD CMakeFiles/FreeRTOS.elf.dir/Core/Src/system_stm32f1xx.c.obj
LOAD CMakeFiles/FreeRTOS.elf.dir/Core/Src/tim.c.obj
LOAD CMakeFiles/FreeRTOS.elf.dir/Core/Src/usart.c.obj
LOAD CMakeFiles/FreeRTOS.elf.dir/Drivers/STM32F1xx_HAL_Driver/Src/stm32f1xx_hal.c.obj
LOAD CMakeFiles/FreeRTOS.elf.dir/Drivers/STM32F1xx_HAL_Driver/Src/stm32f1xx_hal_cortex.c.obj
LOAD CMakeFiles/FreeRTOS.elf.dir/Drivers/STM32F1xx_HAL_Driver/Src/stm32f1xx_hal_dma.c.obj
LOAD CMakeFiles/FreeRTOS.elf.dir/Drivers/STM32F1xx_HAL_Driver/Src/stm32f1xx_hal_exti.c.obj
LOAD CMakeFiles/FreeRTOS.elf.dir/Drivers/STM32F1xx_HAL_Driver/Src/stm32f1xx_hal_flash.c.obj
LOAD CMakeFiles/FreeRTOS.elf.dir/Drivers/STM32F1xx_HAL_Driver/Src/stm32f1xx_hal_flash_ex.c.obj
LOAD CMakeFiles/FreeRTOS.elf.dir/Drivers/STM32F1xx_HAL_Driver/Src/stm32f1xx_hal_gpio.c.obj
LOAD CMakeFiles/FreeRTOS.elf.dir/Drivers/STM32F1xx_HAL_Driver/Src/stm32f1xx_hal_gpio_ex.c.obj
LOAD CMakeFiles/FreeRTOS.elf.dir/Drivers/STM32F1xx_HAL_Driver/Src/stm32f1xx_hal_pwr.c.obj
LOAD CMakeFiles/FreeRTOS.elf.dir/Drivers/STM32F1xx_HAL_Driver/Src/stm32f1xx_hal_rcc.c.obj
LOAD CMakeFiles/FreeRTOS.elf.dir/Drivers/STM32F1xx_HAL_Driver/Src/stm32f1xx_hal_rcc_ex.c.obj
LOAD CMakeFiles/FreeRTOS.elf.dir/Drivers/STM32F1xx_HAL_Driver/Src/stm32f1xx_hal_spi.c.obj
LOAD CMakeFiles/FreeRTOS.elf.dir/Drivers/STM32F1xx_HAL_Driver/Src/stm32f1xx_hal_tim.c.obj
LOAD CMakeFiles/FreeRTOS.elf.dir/Drivers/STM32F1xx_HAL_Driver/Src/stm32f1xx_hal_tim_ex.c.obj
LOAD CMakeFiles/FreeRTOS.elf.dir/Drivers/STM32F1xx_HAL_Driver/Src/stm32f1xx_hal_uart.c.obj
LOAD CMakeFiles/FreeRTOS.elf.dir/GUI/lvgl/src/core/lv_disp.c.obj
LOAD CMakeFiles/FreeRTOS.elf.dir/GUI/lvgl/src/core/lv_event.c.obj
LOAD CMakeFiles/FreeRTOS.elf.dir/GUI/lvgl/src/core/lv_group.c.obj
LOAD CMakeFiles/FreeRTOS.elf.dir/GUI/lvgl/src/core/lv_indev.c.obj
LOAD CMakeFiles/FreeRTOS.elf.dir/GUI/lvgl/src/core/lv_indev_scroll.c.obj
LOAD CMakeFiles/FreeRTOS.elf.dir/GUI/lvgl/src/core/lv_obj.c.obj
LOAD CMakeFiles/FreeRTOS.elf.dir/GUI/lvgl/src/core/lv_obj_class.c.obj
LOAD CMakeFiles/FreeRTOS.elf.dir/GUI/lvgl/src/core/lv_obj_draw.c.obj
LOAD CMakeFiles/FreeRTOS.elf.dir/GUI/lvgl/src/core/lv_obj_pos.c.obj
LOAD CMakeFiles/FreeRTOS.elf.dir/GUI/lvgl/src/core/lv_obj_scroll.c.obj
LOAD CMakeFiles/FreeRTOS.elf.dir/GUI/lvgl/src/core/lv_obj_style.c.obj
LOAD CMakeFiles/FreeRTOS.elf.dir/GUI/lvgl/src/core/lv_obj_style_gen.c.obj
LOAD CMakeFiles/FreeRTOS.elf.dir/GUI/lvgl/src/core/lv_obj_tree.c.obj
LOAD CMakeFiles/FreeRTOS.elf.dir/GUI/lvgl/src/core/lv_refr.c.obj
LOAD CMakeFiles/FreeRTOS.elf.dir/GUI/lvgl/src/core/lv_theme.c.obj
LOAD CMakeFiles/FreeRTOS.elf.dir/GUI/lvgl/src/draw/arm2d/lv_gpu_arm2d.c.obj
LOAD CMakeFiles/FreeRTOS.elf.dir/GUI/lvgl/src/draw/lv_draw.c.obj
LOAD CMakeFiles/FreeRTOS.elf.dir/GUI/lvgl/src/draw/lv_draw_arc.c.obj
LOAD CMakeFiles/FreeRTOS.elf.dir/GUI/lvgl/src/draw/lv_draw_img.c.obj
LOAD CMakeFiles/FreeRTOS.elf.dir/GUI/lvgl/src/draw/lv_draw_label.c.obj
LOAD CMakeFiles/FreeRTOS.elf.dir/GUI/lvgl/src/draw/lv_draw_layer.c.obj
LOAD CMakeFiles/FreeRTOS.elf.dir/GUI/lvgl/src/draw/lv_draw_line.c.obj
LOAD CMakeFiles/FreeRTOS.elf.dir/GUI/lvgl/src/draw/lv_draw_mask.c.obj
LOAD CMakeFiles/FreeRTOS.elf.dir/GUI/lvgl/src/draw/lv_draw_rect.c.obj
LOAD CMakeFiles/FreeRTOS.elf.dir/GUI/lvgl/src/draw/lv_draw_transform.c.obj
LOAD CMakeFiles/FreeRTOS.elf.dir/GUI/lvgl/src/draw/lv_draw_triangle.c.obj
LOAD CMakeFiles/FreeRTOS.elf.dir/GUI/lvgl/src/draw/lv_img_buf.c.obj
LOAD CMakeFiles/FreeRTOS.elf.dir/GUI/lvgl/src/draw/lv_img_cache.c.obj
LOAD CMakeFiles/FreeRTOS.elf.dir/GUI/lvgl/src/draw/lv_img_decoder.c.obj
LOAD CMakeFiles/FreeRTOS.elf.dir/GUI/lvgl/src/draw/nxp/pxp/lv_draw_pxp.c.obj
LOAD CMakeFiles/FreeRTOS.elf.dir/GUI/lvgl/src/draw/nxp/pxp/lv_draw_pxp_blend.c.obj
LOAD CMakeFiles/FreeRTOS.elf.dir/GUI/lvgl/src/draw/nxp/pxp/lv_gpu_nxp_pxp.c.obj
LOAD CMakeFiles/FreeRTOS.elf.dir/GUI/lvgl/src/draw/nxp/pxp/lv_gpu_nxp_pxp_osa.c.obj
LOAD CMakeFiles/FreeRTOS.elf.dir/GUI/lvgl/src/draw/nxp/vglite/lv_draw_vglite.c.obj
LOAD CMakeFiles/FreeRTOS.elf.dir/GUI/lvgl/src/draw/nxp/vglite/lv_draw_vglite_arc.c.obj
LOAD CMakeFiles/FreeRTOS.elf.dir/GUI/lvgl/src/draw/nxp/vglite/lv_draw_vglite_blend.c.obj
LOAD CMakeFiles/FreeRTOS.elf.dir/GUI/lvgl/src/draw/nxp/vglite/lv_draw_vglite_line.c.obj
LOAD CMakeFiles/FreeRTOS.elf.dir/GUI/lvgl/src/draw/nxp/vglite/lv_draw_vglite_rect.c.obj
LOAD CMakeFiles/FreeRTOS.elf.dir/GUI/lvgl/src/draw/nxp/vglite/lv_vglite_buf.c.obj
LOAD CMakeFiles/FreeRTOS.elf.dir/GUI/lvgl/src/draw/nxp/vglite/lv_vglite_utils.c.obj
LOAD CMakeFiles/FreeRTOS.elf.dir/GUI/lvgl/src/draw/sdl/lv_draw_sdl.c.obj
LOAD CMakeFiles/FreeRTOS.elf.dir/GUI/lvgl/src/draw/sdl/lv_draw_sdl_arc.c.obj
LOAD CMakeFiles/FreeRTOS.elf.dir/GUI/lvgl/src/draw/sdl/lv_draw_sdl_bg.c.obj
LOAD CMakeFiles/FreeRTOS.elf.dir/GUI/lvgl/src/draw/sdl/lv_draw_sdl_composite.c.obj
LOAD CMakeFiles/FreeRTOS.elf.dir/GUI/lvgl/src/draw/sdl/lv_draw_sdl_img.c.obj
LOAD CMakeFiles/FreeRTOS.elf.dir/GUI/lvgl/src/draw/sdl/lv_draw_sdl_label.c.obj
LOAD CMakeFiles/FreeRTOS.elf.dir/GUI/lvgl/src/draw/sdl/lv_draw_sdl_layer.c.obj
LOAD CMakeFiles/FreeRTOS.elf.dir/GUI/lvgl/src/draw/sdl/lv_draw_sdl_line.c.obj
LOAD CMakeFiles/FreeRTOS.elf.dir/GUI/lvgl/src/draw/sdl/lv_draw_sdl_mask.c.obj
LOAD CMakeFiles/FreeRTOS.elf.dir/GUI/lvgl/src/draw/sdl/lv_draw_sdl_polygon.c.obj
LOAD CMakeFiles/FreeRTOS.elf.dir/GUI/lvgl/src/draw/sdl/lv_draw_sdl_rect.c.obj
LOAD CMakeFiles/FreeRTOS.elf.dir/GUI/lvgl/src/draw/sdl/lv_draw_sdl_stack_blur.c.obj
LOAD CMakeFiles/FreeRTOS.elf.dir/GUI/lvgl/src/draw/sdl/lv_draw_sdl_texture_cache.c.obj
LOAD CMakeFiles/FreeRTOS.elf.dir/GUI/lvgl/src/draw/sdl/lv_draw_sdl_utils.c.obj
LOAD CMakeFiles/FreeRTOS.elf.dir/GUI/lvgl/src/draw/stm32_dma2d/lv_gpu_stm32_dma2d.c.obj
LOAD CMakeFiles/FreeRTOS.elf.dir/GUI/lvgl/src/draw/sw/lv_draw_sw.c.obj
LOAD CMakeFiles/FreeRTOS.elf.dir/GUI/lvgl/src/draw/sw/lv_draw_sw_arc.c.obj
LOAD CMakeFiles/FreeRTOS.elf.dir/GUI/lvgl/src/draw/sw/lv_draw_sw_blend.c.obj
LOAD CMakeFiles/FreeRTOS.elf.dir/GUI/lvgl/src/draw/sw/lv_draw_sw_dither.c.obj
LOAD CMakeFiles/FreeRTOS.elf.dir/GUI/lvgl/src/draw/sw/lv_draw_sw_gradient.c.obj
LOAD CMakeFiles/FreeRTOS.elf.dir/GUI/lvgl/src/draw/sw/lv_draw_sw_img.c.obj
LOAD CMakeFiles/FreeRTOS.elf.dir/GUI/lvgl/src/draw/sw/lv_draw_sw_layer.c.obj
LOAD CMakeFiles/FreeRTOS.elf.dir/GUI/lvgl/src/draw/sw/lv_draw_sw_letter.c.obj
LOAD CMakeFiles/FreeRTOS.elf.dir/GUI/lvgl/src/draw/sw/lv_draw_sw_line.c.obj
LOAD CMakeFiles/FreeRTOS.elf.dir/GUI/lvgl/src/draw/sw/lv_draw_sw_polygon.c.obj
LOAD CMakeFiles/FreeRTOS.elf.dir/GUI/lvgl/src/draw/sw/lv_draw_sw_rect.c.obj
LOAD CMakeFiles/FreeRTOS.elf.dir/GUI/lvgl/src/draw/sw/lv_draw_sw_transform.c.obj
LOAD CMakeFiles/FreeRTOS.elf.dir/GUI/lvgl/src/draw/swm341_dma2d/lv_gpu_swm341_dma2d.c.obj
LOAD CMakeFiles/FreeRTOS.elf.dir/GUI/lvgl/src/extra/layouts/flex/lv_flex.c.obj
LOAD CMakeFiles/FreeRTOS.elf.dir/GUI/lvgl/src/extra/layouts/grid/lv_grid.c.obj
LOAD CMakeFiles/FreeRTOS.elf.dir/GUI/lvgl/src/extra/libs/bmp/lv_bmp.c.obj
LOAD CMakeFiles/FreeRTOS.elf.dir/GUI/lvgl/src/extra/libs/ffmpeg/lv_ffmpeg.c.obj
LOAD CMakeFiles/FreeRTOS.elf.dir/GUI/lvgl/src/extra/libs/freetype/lv_freetype.c.obj
LOAD CMakeFiles/FreeRTOS.elf.dir/GUI/lvgl/src/extra/libs/fsdrv/lv_fs_fatfs.c.obj
LOAD CMakeFiles/FreeRTOS.elf.dir/GUI/lvgl/src/extra/libs/fsdrv/lv_fs_posix.c.obj
LOAD CMakeFiles/FreeRTOS.elf.dir/GUI/lvgl/src/extra/libs/fsdrv/lv_fs_stdio.c.obj
LOAD CMakeFiles/FreeRTOS.elf.dir/GUI/lvgl/src/extra/libs/fsdrv/lv_fs_win32.c.obj
LOAD CMakeFiles/FreeRTOS.elf.dir/GUI/lvgl/src/extra/libs/gif/gifdec.c.obj
LOAD CMakeFiles/FreeRTOS.elf.dir/GUI/lvgl/src/extra/libs/gif/lv_gif.c.obj
LOAD CMakeFiles/FreeRTOS.elf.dir/GUI/lvgl/src/extra/libs/png/lodepng.c.obj
LOAD CMakeFiles/FreeRTOS.elf.dir/GUI/lvgl/src/extra/libs/png/lv_png.c.obj
LOAD CMakeFiles/FreeRTOS.elf.dir/GUI/lvgl/src/extra/libs/qrcode/lv_qrcode.c.obj
LOAD CMakeFiles/FreeRTOS.elf.dir/GUI/lvgl/src/extra/libs/qrcode/qrcodegen.c.obj
LOAD CMakeFiles/FreeRTOS.elf.dir/GUI/lvgl/src/extra/libs/rlottie/lv_rlottie.c.obj
LOAD CMakeFiles/FreeRTOS.elf.dir/GUI/lvgl/src/extra/libs/sjpg/lv_sjpg.c.obj
LOAD CMakeFiles/FreeRTOS.elf.dir/GUI/lvgl/src/extra/libs/sjpg/tjpgd.c.obj
LOAD CMakeFiles/FreeRTOS.elf.dir/GUI/lvgl/src/extra/lv_extra.c.obj
LOAD CMakeFiles/FreeRTOS.elf.dir/GUI/lvgl/src/extra/others/fragment/lv_fragment.c.obj
LOAD CMakeFiles/FreeRTOS.elf.dir/GUI/lvgl/src/extra/others/fragment/lv_fragment_manager.c.obj
LOAD CMakeFiles/FreeRTOS.elf.dir/GUI/lvgl/src/extra/others/gridnav/lv_gridnav.c.obj
LOAD CMakeFiles/FreeRTOS.elf.dir/GUI/lvgl/src/extra/others/ime/lv_ime_pinyin.c.obj
LOAD CMakeFiles/FreeRTOS.elf.dir/GUI/lvgl/src/extra/others/imgfont/lv_imgfont.c.obj
LOAD CMakeFiles/FreeRTOS.elf.dir/GUI/lvgl/src/extra/others/monkey/lv_monkey.c.obj
LOAD CMakeFiles/FreeRTOS.elf.dir/GUI/lvgl/src/extra/others/msg/lv_msg.c.obj
LOAD CMakeFiles/FreeRTOS.elf.dir/GUI/lvgl/src/extra/others/snapshot/lv_snapshot.c.obj
LOAD CMakeFiles/FreeRTOS.elf.dir/GUI/lvgl/src/extra/themes/basic/lv_theme_basic.c.obj
LOAD CMakeFiles/FreeRTOS.elf.dir/GUI/lvgl/src/extra/themes/default/lv_theme_default.c.obj
LOAD CMakeFiles/FreeRTOS.elf.dir/GUI/lvgl/src/extra/themes/mono/lv_theme_mono.c.obj
LOAD CMakeFiles/FreeRTOS.elf.dir/GUI/lvgl/src/extra/widgets/animimg/lv_animimg.c.obj
LOAD CMakeFiles/FreeRTOS.elf.dir/GUI/lvgl/src/extra/widgets/calendar/lv_calendar.c.obj
LOAD CMakeFiles/FreeRTOS.elf.dir/GUI/lvgl/src/extra/widgets/calendar/lv_calendar_header_arrow.c.obj
LOAD CMakeFiles/FreeRTOS.elf.dir/GUI/lvgl/src/extra/widgets/calendar/lv_calendar_header_dropdown.c.obj
LOAD CMakeFiles/FreeRTOS.elf.dir/GUI/lvgl/src/extra/widgets/chart/lv_chart.c.obj
LOAD CMakeFiles/FreeRTOS.elf.dir/GUI/lvgl/src/extra/widgets/colorwheel/lv_colorwheel.c.obj
LOAD CMakeFiles/FreeRTOS.elf.dir/GUI/lvgl/src/extra/widgets/imgbtn/lv_imgbtn.c.obj
LOAD CMakeFiles/FreeRTOS.elf.dir/GUI/lvgl/src/extra/widgets/keyboard/lv_keyboard.c.obj
LOAD CMakeFiles/FreeRTOS.elf.dir/GUI/lvgl/src/extra/widgets/led/lv_led.c.obj
LOAD CMakeFiles/FreeRTOS.elf.dir/GUI/lvgl/src/extra/widgets/list/lv_list.c.obj
LOAD CMakeFiles/FreeRTOS.elf.dir/GUI/lvgl/src/extra/widgets/menu/lv_menu.c.obj
LOAD CMakeFiles/FreeRTOS.elf.dir/GUI/lvgl/src/extra/widgets/meter/lv_meter.c.obj
LOAD CMakeFiles/FreeRTOS.elf.dir/GUI/lvgl/src/extra/widgets/msgbox/lv_msgbox.c.obj
LOAD CMakeFiles/FreeRTOS.elf.dir/GUI/lvgl/src/extra/widgets/span/lv_span.c.obj
LOAD CMakeFiles/FreeRTOS.elf.dir/GUI/lvgl/src/extra/widgets/spinbox/lv_spinbox.c.obj
LOAD CMakeFiles/FreeRTOS.elf.dir/GUI/lvgl/src/extra/widgets/spinner/lv_spinner.c.obj
LOAD CMakeFiles/FreeRTOS.elf.dir/GUI/lvgl/src/extra/widgets/tabview/lv_tabview.c.obj
LOAD CMakeFiles/FreeRTOS.elf.dir/GUI/lvgl/src/extra/widgets/tileview/lv_tileview.c.obj
LOAD CMakeFiles/FreeRTOS.elf.dir/GUI/lvgl/src/extra/widgets/win/lv_win.c.obj
LOAD CMakeFiles/FreeRTOS.elf.dir/GUI/lvgl/src/font/lv_font.c.obj
LOAD CMakeFiles/FreeRTOS.elf.dir/GUI/lvgl/src/font/lv_font_dejavu_16_persian_hebrew.c.obj
LOAD CMakeFiles/FreeRTOS.elf.dir/GUI/lvgl/src/font/lv_font_fmt_txt.c.obj
LOAD CMakeFiles/FreeRTOS.elf.dir/GUI/lvgl/src/font/lv_font_loader.c.obj
LOAD CMakeFiles/FreeRTOS.elf.dir/GUI/lvgl/src/font/lv_font_montserrat_10.c.obj
LOAD CMakeFiles/FreeRTOS.elf.dir/GUI/lvgl/src/font/lv_font_montserrat_12.c.obj
LOAD CMakeFiles/FreeRTOS.elf.dir/GUI/lvgl/src/font/lv_font_montserrat_12_subpx.c.obj
LOAD CMakeFiles/FreeRTOS.elf.dir/GUI/lvgl/src/font/lv_font_montserrat_14.c.obj
LOAD CMakeFiles/FreeRTOS.elf.dir/GUI/lvgl/src/font/lv_font_montserrat_16.c.obj
LOAD CMakeFiles/FreeRTOS.elf.dir/GUI/lvgl/src/font/lv_font_montserrat_18.c.obj
LOAD CMakeFiles/FreeRTOS.elf.dir/GUI/lvgl/src/font/lv_font_montserrat_20.c.obj
LOAD CMakeFiles/FreeRTOS.elf.dir/GUI/lvgl/src/font/lv_font_montserrat_22.c.obj
LOAD CMakeFiles/FreeRTOS.elf.dir/GUI/lvgl/src/font/lv_font_montserrat_24.c.obj
LOAD CMakeFiles/FreeRTOS.elf.dir/GUI/lvgl/src/font/lv_font_montserrat_26.c.obj
LOAD CMakeFiles/FreeRTOS.elf.dir/GUI/lvgl/src/font/lv_font_montserrat_28.c.obj
LOAD CMakeFiles/FreeRTOS.elf.dir/GUI/lvgl/src/font/lv_font_montserrat_28_compressed.c.obj
LOAD CMakeFiles/FreeRTOS.elf.dir/GUI/lvgl/src/font/lv_font_montserrat_30.c.obj
LOAD CMakeFiles/FreeRTOS.elf.dir/GUI/lvgl/src/font/lv_font_montserrat_32.c.obj
LOAD CMakeFiles/FreeRTOS.elf.dir/GUI/lvgl/src/font/lv_font_montserrat_34.c.obj
LOAD CMakeFiles/FreeRTOS.elf.dir/GUI/lvgl/src/font/lv_font_montserrat_36.c.obj
LOAD CMakeFiles/FreeRTOS.elf.dir/GUI/lvgl/src/font/lv_font_montserrat_38.c.obj
LOAD CMakeFiles/FreeRTOS.elf.dir/GUI/lvgl/src/font/lv_font_montserrat_40.c.obj
LOAD CMakeFiles/FreeRTOS.elf.dir/GUI/lvgl/src/font/lv_font_montserrat_42.c.obj
LOAD CMakeFiles/FreeRTOS.elf.dir/GUI/lvgl/src/font/lv_font_montserrat_44.c.obj
LOAD CMakeFiles/FreeRTOS.elf.dir/GUI/lvgl/src/font/lv_font_montserrat_46.c.obj
LOAD CMakeFiles/FreeRTOS.elf.dir/GUI/lvgl/src/font/lv_font_montserrat_48.c.obj
LOAD CMakeFiles/FreeRTOS.elf.dir/GUI/lvgl/src/font/lv_font_montserrat_8.c.obj
LOAD CMakeFiles/FreeRTOS.elf.dir/GUI/lvgl/src/font/lv_font_simsun_16_cjk.c.obj
LOAD CMakeFiles/FreeRTOS.elf.dir/GUI/lvgl/src/font/lv_font_unscii_16.c.obj
LOAD CMakeFiles/FreeRTOS.elf.dir/GUI/lvgl/src/font/lv_font_unscii_8.c.obj
LOAD CMakeFiles/FreeRTOS.elf.dir/GUI/lvgl/src/hal/lv_hal_disp.c.obj
LOAD CMakeFiles/FreeRTOS.elf.dir/GUI/lvgl/src/hal/lv_hal_indev.c.obj
LOAD CMakeFiles/FreeRTOS.elf.dir/GUI/lvgl/src/hal/lv_hal_tick.c.obj
LOAD CMakeFiles/FreeRTOS.elf.dir/GUI/lvgl/src/misc/lv_anim.c.obj
LOAD CMakeFiles/FreeRTOS.elf.dir/GUI/lvgl/src/misc/lv_anim_timeline.c.obj
LOAD CMakeFiles/FreeRTOS.elf.dir/GUI/lvgl/src/misc/lv_area.c.obj
LOAD CMakeFiles/FreeRTOS.elf.dir/GUI/lvgl/src/misc/lv_async.c.obj
LOAD CMakeFiles/FreeRTOS.elf.dir/GUI/lvgl/src/misc/lv_bidi.c.obj
LOAD CMakeFiles/FreeRTOS.elf.dir/GUI/lvgl/src/misc/lv_color.c.obj
LOAD CMakeFiles/FreeRTOS.elf.dir/GUI/lvgl/src/misc/lv_fs.c.obj
LOAD CMakeFiles/FreeRTOS.elf.dir/GUI/lvgl/src/misc/lv_gc.c.obj
LOAD CMakeFiles/FreeRTOS.elf.dir/GUI/lvgl/src/misc/lv_ll.c.obj
LOAD CMakeFiles/FreeRTOS.elf.dir/GUI/lvgl/src/misc/lv_log.c.obj
LOAD CMakeFiles/FreeRTOS.elf.dir/GUI/lvgl/src/misc/lv_lru.c.obj
LOAD CMakeFiles/FreeRTOS.elf.dir/GUI/lvgl/src/misc/lv_math.c.obj
LOAD CMakeFiles/FreeRTOS.elf.dir/GUI/lvgl/src/misc/lv_mem.c.obj
LOAD CMakeFiles/FreeRTOS.elf.dir/GUI/lvgl/src/misc/lv_printf.c.obj
LOAD CMakeFiles/FreeRTOS.elf.dir/GUI/lvgl/src/misc/lv_style.c.obj
LOAD CMakeFiles/FreeRTOS.elf.dir/GUI/lvgl/src/misc/lv_style_gen.c.obj
LOAD CMakeFiles/FreeRTOS.elf.dir/GUI/lvgl/src/misc/lv_templ.c.obj
LOAD CMakeFiles/FreeRTOS.elf.dir/GUI/lvgl/src/misc/lv_timer.c.obj
LOAD CMakeFiles/FreeRTOS.elf.dir/GUI/lvgl/src/misc/lv_tlsf.c.obj
LOAD CMakeFiles/FreeRTOS.elf.dir/GUI/lvgl/src/misc/lv_txt.c.obj
LOAD CMakeFiles/FreeRTOS.elf.dir/GUI/lvgl/src/misc/lv_txt_ap.c.obj
LOAD CMakeFiles/FreeRTOS.elf.dir/GUI/lvgl/src/misc/lv_utils.c.obj
LOAD CMakeFiles/FreeRTOS.elf.dir/GUI/lvgl/src/widgets/lv_arc.c.obj
LOAD CMakeFiles/FreeRTOS.elf.dir/GUI/lvgl/src/widgets/lv_bar.c.obj
LOAD CMakeFiles/FreeRTOS.elf.dir/GUI/lvgl/src/widgets/lv_btn.c.obj
LOAD CMakeFiles/FreeRTOS.elf.dir/GUI/lvgl/src/widgets/lv_btnmatrix.c.obj
LOAD CMakeFiles/FreeRTOS.elf.dir/GUI/lvgl/src/widgets/lv_canvas.c.obj
LOAD CMakeFiles/FreeRTOS.elf.dir/GUI/lvgl/src/widgets/lv_checkbox.c.obj
LOAD CMakeFiles/FreeRTOS.elf.dir/GUI/lvgl/src/widgets/lv_dropdown.c.obj
LOAD CMakeFiles/FreeRTOS.elf.dir/GUI/lvgl/src/widgets/lv_img.c.obj
LOAD CMakeFiles/FreeRTOS.elf.dir/GUI/lvgl/src/widgets/lv_label.c.obj
LOAD CMakeFiles/FreeRTOS.elf.dir/GUI/lvgl/src/widgets/lv_line.c.obj
LOAD CMakeFiles/FreeRTOS.elf.dir/GUI/lvgl/src/widgets/lv_objx_templ.c.obj
LOAD CMakeFiles/FreeRTOS.elf.dir/GUI/lvgl/src/widgets/lv_roller.c.obj
LOAD CMakeFiles/FreeRTOS.elf.dir/GUI/lvgl/src/widgets/lv_slider.c.obj
LOAD CMakeFiles/FreeRTOS.elf.dir/GUI/lvgl/src/widgets/lv_switch.c.obj
LOAD CMakeFiles/FreeRTOS.elf.dir/GUI/lvgl/src/widgets/lv_table.c.obj
LOAD CMakeFiles/FreeRTOS.elf.dir/GUI/lvgl/src/widgets/lv_textarea.c.obj
LOAD CMakeFiles/FreeRTOS.elf.dir/GUI/lvgl_app/lvgl_app.c.obj
LOAD CMakeFiles/FreeRTOS.elf.dir/GUI/lvgl_font_custom/lv_font_heiti_14.c.obj
LOAD CMakeFiles/FreeRTOS.elf.dir/GUI/lvgl_font_custom/lv_font_heiti_18.c.obj
LOAD CMakeFiles/FreeRTOS.elf.dir/GUI/lvgl_font_custom/lv_font_heiti_26.c.obj
LOAD CMakeFiles/FreeRTOS.elf.dir/GUI/porting/lv_port_disp.c.obj
LOAD CMakeFiles/FreeRTOS.elf.dir/GUI/porting/lv_port_fs_template.c.obj
LOAD CMakeFiles/FreeRTOS.elf.dir/GUI/porting/lv_port_indev_template.c.obj
LOAD CMakeFiles/FreeRTOS.elf.dir/User/app.c.obj
LOAD CMakeFiles/FreeRTOS.elf.dir/User/app_flash.c.obj
LOAD CMakeFiles/FreeRTOS.elf.dir/User/app_it.c.obj
LOAD CMakeFiles/FreeRTOS.elf.dir/User/mb_task.c.obj
LOAD CMakeFiles/FreeRTOS.elf.dir/startup/startup_stm32f103xe.s.obj
START GROUP
LOAD f:/gcc-arm-none-eabi-10.3-win32/bin/../lib/gcc/arm-none-eabi/10.3.1/thumb/v7-m/nofp\libgcc.a
LOAD f:/gcc-arm-none-eabi-10.3-win32/bin/../lib/gcc/arm-none-eabi/10.3.1/../../../../arm-none-eabi/lib/thumb/v7-m/nofp\libc.a
END GROUP
LOAD f:/gcc-arm-none-eabi-10.3-win32/bin/../lib/gcc/arm-none-eabi/10.3.1/thumb/v7-m/nofp/crtend.o
LOAD f:/gcc-arm-none-eabi-10.3-win32/bin/../lib/gcc/arm-none-eabi/10.3.1/thumb/v7-m/nofp/crtn.o
                0x20010000                _estack = 0x20010000
                0x00000200                _Min_Heap_Size = 0x200
                0x00000400                _Min_Stack_Size = 0x400

.isr_vector     0x08010000      0x1e4
                0x08010000                . = ALIGN (0x4)
 *(.isr_vector)
 .isr_vector    0x08010000      0x1e4 CMakeFiles/FreeRTOS.elf.dir/startup/startup_stm32f103xe.s.obj
                0x08010000                g_pfnVectors
                0x080101e4                . = ALIGN (0x4)

.text           0x080101e8     0xa9f4
                0x080101e8                . = ALIGN (0x4)
 *(.text)
 .text          0x080101e8       0x40 f:/gcc-arm-none-eabi-10.3-win32/bin/../lib/gcc/arm-none-eabi/10.3.1/thumb/v7-m/nofp/crtbegin.o
 .text          0x08010228       0x30 f:/gcc-arm-none-eabi-10.3-win32/bin/../lib/gcc/arm-none-eabi/10.3.1/thumb/v7-m/nofp\libgcc.a(_aeabi_uldivmod.o)
                0x08010228                __aeabi_uldivmod
 .text          0x08010258      0x2d4 f:/gcc-arm-none-eabi-10.3-win32/bin/../lib/gcc/arm-none-eabi/10.3.1/thumb/v7-m/nofp\libgcc.a(_udivmoddi4.o)
                0x08010258                __udivmoddi4
 .text          0x0801052c        0x4 f:/gcc-arm-none-eabi-10.3-win32/bin/../lib/gcc/arm-none-eabi/10.3.1/thumb/v7-m/nofp\libgcc.a(_dvmd_tls.o)
                0x0801052c                __aeabi_idiv0
                0x0801052c                __aeabi_ldiv0
 .text          0x08010530       0xec f:/gcc-arm-none-eabi-10.3-win32/bin/../lib/gcc/arm-none-eabi/10.3.1/../../../../arm-none-eabi/lib/thumb/v7-m/nofp\libc.a(lib_a-memcpy.o)
                0x08010530                memcpy
 .text          0x0801061c      0x378 f:/gcc-arm-none-eabi-10.3-win32/bin/../lib/gcc/arm-none-eabi/10.3.1/thumb/v7-m/nofp\libgcc.a(_arm_addsubdf3.o)
                0x0801061c                __aeabi_drsub
                0x08010624                __aeabi_dsub
                0x08010624                __subdf3
                0x08010628                __aeabi_dadd
                0x08010628                __adddf3
                0x080108a0                __floatunsidf
                0x080108a0                __aeabi_ui2d
                0x080108c0                __floatsidf
                0x080108c0                __aeabi_i2d
                0x080108e4                __aeabi_f2d
                0x080108e4                __extendsfdf2
                0x08010928                __floatundidf
                0x08010928                __aeabi_ul2d
                0x08010938                __floatdidf
                0x08010938                __aeabi_l2d
 .text          0x08010994      0x424 f:/gcc-arm-none-eabi-10.3-win32/bin/../lib/gcc/arm-none-eabi/10.3.1/thumb/v7-m/nofp\libgcc.a(_arm_muldivdf3.o)
                0x08010994                __aeabi_dmul
                0x08010994                __muldf3
                0x08010be8                __divdf3
                0x08010be8                __aeabi_ddiv
 .text          0x08010db8      0x110 f:/gcc-arm-none-eabi-10.3-win32/bin/../lib/gcc/arm-none-eabi/10.3.1/thumb/v7-m/nofp\libgcc.a(_arm_cmpdf2.o)
                0x08010db8                __gtdf2
                0x08010db8                __gedf2
                0x08010dc0                __ltdf2
                0x08010dc0                __ledf2
                0x08010dc8                __nedf2
                0x08010dc8                __eqdf2
                0x08010dc8                __cmpdf2
                0x08010e44                __aeabi_cdrcmple
                0x08010e54                __aeabi_cdcmpeq
                0x08010e54                __aeabi_cdcmple
                0x08010e64                __aeabi_dcmpeq
                0x08010e78                __aeabi_dcmplt
                0x08010e8c                __aeabi_dcmple
                0x08010ea0                __aeabi_dcmpge
                0x08010eb4                __aeabi_dcmpgt
 .text          0x08010ec8       0x2c f:/gcc-arm-none-eabi-10.3-win32/bin/../lib/gcc/arm-none-eabi/10.3.1/thumb/v7-m/nofp\libgcc.a(_arm_unorddf2.o)
                0x08010ec8                __unorddf2
                0x08010ec8                __aeabi_dcmpun
 .text          0x08010ef4       0x50 f:/gcc-arm-none-eabi-10.3-win32/bin/../lib/gcc/arm-none-eabi/10.3.1/thumb/v7-m/nofp\libgcc.a(_arm_fixdfsi.o)
                0x08010ef4                __aeabi_d2iz
                0x08010ef4                __fixdfsi
 *(.text*)
 .text.DBG_U8Array_To_U32
                0x08010f44       0x16 CMakeFiles/FreeRTOS.elf.dir/Components/protocols/app_dbg/user_protocol_dbg.c.obj
 .text.DBG_U32_To_U8Array
                0x08010f5a       0x10 CMakeFiles/FreeRTOS.elf.dir/Components/protocols/app_dbg/user_protocol_dbg.c.obj
 *fill*         0x08010f6a        0x2 
 .text.DBG_Uart_Send_Data
                0x08010f6c       0x14 CMakeFiles/FreeRTOS.elf.dir/Components/protocols/app_dbg/user_protocol_dbg.c.obj
 .text.DBG_Report_Send
                0x08010f80      0x114 CMakeFiles/FreeRTOS.elf.dir/Components/protocols/app_dbg/user_protocol_dbg.c.obj
 .text.DBG_Write_Params_ToFlash
                0x08011094       0x54 CMakeFiles/FreeRTOS.elf.dir/Components/protocols/app_dbg/user_protocol_dbg.c.obj
                0x08011094                DBG_Write_Params_ToFlash
 .text.DBG_Command_Recv
                0x080110e8      0x28c CMakeFiles/FreeRTOS.elf.dir/Components/protocols/app_dbg/user_protocol_dbg.c.obj
 .text.PT_SetLock
                0x08011374        0xa CMakeFiles/FreeRTOS.elf.dir/Components/protocols/driver/user_protocol.c.obj
 .text.PT_GetLock
                0x0801137e        0x4 CMakeFiles/FreeRTOS.elf.dir/Components/protocols/driver/user_protocol.c.obj
 .text.PT_CheckSum
                0x08011382       0x2a CMakeFiles/FreeRTOS.elf.dir/Components/protocols/driver/user_protocol.c.obj
                0x08011382                PT_CheckSum
 .text.PT_Transport_Recv
                0x080113ac       0x98 CMakeFiles/FreeRTOS.elf.dir/Components/protocols/driver/user_protocol.c.obj
                0x080113ac                PT_Transport_Recv
 .text.MX_DMA_Init
                0x08011444       0x44 CMakeFiles/FreeRTOS.elf.dir/Core/Src/dma.c.obj
                0x08011444                MX_DMA_Init
 .text.MX_GPIO_Init
                0x08011488      0x138 CMakeFiles/FreeRTOS.elf.dir/Core/Src/gpio.c.obj
                0x08011488                MX_GPIO_Init
 .text.__io_putchar
                0x080115c0       0x20 CMakeFiles/FreeRTOS.elf.dir/Core/Src/main.c.obj
                0x080115c0                __io_putchar
 .text.HAL_TIM_PeriodElapsedCallback
                0x080115e0       0x34 CMakeFiles/FreeRTOS.elf.dir/Core/Src/main.c.obj
                0x080115e0                HAL_TIM_PeriodElapsedCallback
 .text.Error_Handler
                0x08011614        0x4 CMakeFiles/FreeRTOS.elf.dir/Core/Src/main.c.obj
                0x08011614                Error_Handler
 .text.SystemClock_Config
                0x08011618       0x64 CMakeFiles/FreeRTOS.elf.dir/Core/Src/main.c.obj
                0x08011618                SystemClock_Config
 .text.main     0x0801167c       0x4c CMakeFiles/FreeRTOS.elf.dir/Core/Src/main.c.obj
                0x0801167c                main
 .text.assert_failed
                0x080116c8        0x2 CMakeFiles/FreeRTOS.elf.dir/Core/Src/main.c.obj
                0x080116c8                assert_failed
 *fill*         0x080116ca        0x2 
 .text.MX_SPI1_Init
                0x080116cc       0x44 CMakeFiles/FreeRTOS.elf.dir/Core/Src/spi.c.obj
                0x080116cc                MX_SPI1_Init
 .text.HAL_SPI_MspInit
                0x08011710       0xec CMakeFiles/FreeRTOS.elf.dir/Core/Src/spi.c.obj
                0x08011710                HAL_SPI_MspInit
 .text.HAL_MspInit
                0x080117fc       0x44 CMakeFiles/FreeRTOS.elf.dir/Core/Src/stm32f1xx_hal_msp.c.obj
                0x080117fc                HAL_MspInit
 .text.HAL_InitTick
                0x08011840       0x78 CMakeFiles/FreeRTOS.elf.dir/Core/Src/stm32f1xx_hal_timebase_tim.c.obj
                0x08011840                HAL_InitTick
 .text.NMI_Handler
                0x080118b8        0x2 CMakeFiles/FreeRTOS.elf.dir/Core/Src/stm32f1xx_it.c.obj
                0x080118b8                NMI_Handler
 .text.HardFault_Handler
                0x080118ba        0x2 CMakeFiles/FreeRTOS.elf.dir/Core/Src/stm32f1xx_it.c.obj
                0x080118ba                HardFault_Handler
 .text.MemManage_Handler
                0x080118bc        0x2 CMakeFiles/FreeRTOS.elf.dir/Core/Src/stm32f1xx_it.c.obj
                0x080118bc                MemManage_Handler
 .text.BusFault_Handler
                0x080118be        0x2 CMakeFiles/FreeRTOS.elf.dir/Core/Src/stm32f1xx_it.c.obj
                0x080118be                BusFault_Handler
 .text.UsageFault_Handler
                0x080118c0        0x2 CMakeFiles/FreeRTOS.elf.dir/Core/Src/stm32f1xx_it.c.obj
                0x080118c0                UsageFault_Handler
 .text.DebugMon_Handler
                0x080118c2        0x2 CMakeFiles/FreeRTOS.elf.dir/Core/Src/stm32f1xx_it.c.obj
                0x080118c2                DebugMon_Handler
 .text.DMA1_Channel2_IRQHandler
                0x080118c4       0x10 CMakeFiles/FreeRTOS.elf.dir/Core/Src/stm32f1xx_it.c.obj
                0x080118c4                DMA1_Channel2_IRQHandler
 .text.DMA1_Channel3_IRQHandler
                0x080118d4       0x10 CMakeFiles/FreeRTOS.elf.dir/Core/Src/stm32f1xx_it.c.obj
                0x080118d4                DMA1_Channel3_IRQHandler
 .text.TIM1_UP_IRQHandler
                0x080118e4       0x10 CMakeFiles/FreeRTOS.elf.dir/Core/Src/stm32f1xx_it.c.obj
                0x080118e4                TIM1_UP_IRQHandler
 .text.TIM2_IRQHandler
                0x080118f4       0x10 CMakeFiles/FreeRTOS.elf.dir/Core/Src/stm32f1xx_it.c.obj
                0x080118f4                TIM2_IRQHandler
 .text.SPI1_IRQHandler
                0x08011904       0x10 CMakeFiles/FreeRTOS.elf.dir/Core/Src/stm32f1xx_it.c.obj
                0x08011904                SPI1_IRQHandler
 .text.USART1_IRQHandler
                0x08011914       0x10 CMakeFiles/FreeRTOS.elf.dir/Core/Src/stm32f1xx_it.c.obj
                0x08011914                USART1_IRQHandler
 .text.USART2_IRQHandler
                0x08011924       0x10 CMakeFiles/FreeRTOS.elf.dir/Core/Src/stm32f1xx_it.c.obj
                0x08011924                USART2_IRQHandler
 .text._getpid  0x08011934        0x4 CMakeFiles/FreeRTOS.elf.dir/Core/Src/syscalls.c.obj
                0x08011934                _getpid
 .text._kill    0x08011938       0x10 CMakeFiles/FreeRTOS.elf.dir/Core/Src/syscalls.c.obj
                0x08011938                _kill
 .text._exit    0x08011948        0xc CMakeFiles/FreeRTOS.elf.dir/Core/Src/syscalls.c.obj
                0x08011948                _exit
 .text._read    0x08011954       0x20 CMakeFiles/FreeRTOS.elf.dir/Core/Src/syscalls.c.obj
                0x08011954                _read
 .text._write   0x08011974       0x1c CMakeFiles/FreeRTOS.elf.dir/Core/Src/syscalls.c.obj
                0x08011974                _write
 .text._sbrk    0x08011990       0x3c CMakeFiles/FreeRTOS.elf.dir/Core/Src/syscalls.c.obj
                0x08011990                _sbrk
 .text._close   0x080119cc        0x6 CMakeFiles/FreeRTOS.elf.dir/Core/Src/syscalls.c.obj
                0x080119cc                _close
 .text._fstat   0x080119d2        0xa CMakeFiles/FreeRTOS.elf.dir/Core/Src/syscalls.c.obj
                0x080119d2                _fstat
 .text._isatty  0x080119dc        0x4 CMakeFiles/FreeRTOS.elf.dir/Core/Src/syscalls.c.obj
                0x080119dc                _isatty
 .text._lseek   0x080119e0        0x4 CMakeFiles/FreeRTOS.elf.dir/Core/Src/syscalls.c.obj
                0x080119e0                _lseek
 .text.SystemInit
                0x080119e4       0x10 CMakeFiles/FreeRTOS.elf.dir/Core/Src/system_stm32f1xx.c.obj
                0x080119e4                SystemInit
 .text.MX_TIM2_Init
                0x080119f4       0x6c CMakeFiles/FreeRTOS.elf.dir/Core/Src/tim.c.obj
                0x080119f4                MX_TIM2_Init
 .text.HAL_TIM_Base_MspInit
                0x08011a60       0x3a CMakeFiles/FreeRTOS.elf.dir/Core/Src/tim.c.obj
                0x08011a60                HAL_TIM_Base_MspInit
 *fill*         0x08011a9a        0x2 
 .text.MX_USART1_UART_Init
                0x08011a9c       0x34 CMakeFiles/FreeRTOS.elf.dir/Core/Src/usart.c.obj
                0x08011a9c                MX_USART1_UART_Init
 .text.MX_USART2_UART_Init
                0x08011ad0       0x34 CMakeFiles/FreeRTOS.elf.dir/Core/Src/usart.c.obj
                0x08011ad0                MX_USART2_UART_Init
 .text.HAL_UART_MspInit
                0x08011b04       0xf4 CMakeFiles/FreeRTOS.elf.dir/Core/Src/usart.c.obj
                0x08011b04                HAL_UART_MspInit
 .text.HAL_Init
                0x08011bf8       0x24 CMakeFiles/FreeRTOS.elf.dir/Drivers/STM32F1xx_HAL_Driver/Src/stm32f1xx_hal.c.obj
                0x08011bf8                HAL_Init
 .text.HAL_IncTick
                0x08011c1c       0x18 CMakeFiles/FreeRTOS.elf.dir/Drivers/STM32F1xx_HAL_Driver/Src/stm32f1xx_hal.c.obj
                0x08011c1c                HAL_IncTick
 .text.HAL_GetTick
                0x08011c34        0xc CMakeFiles/FreeRTOS.elf.dir/Drivers/STM32F1xx_HAL_Driver/Src/stm32f1xx_hal.c.obj
                0x08011c34                HAL_GetTick
 .text.HAL_NVIC_SetPriorityGrouping
                0x08011c40       0x3c CMakeFiles/FreeRTOS.elf.dir/Drivers/STM32F1xx_HAL_Driver/Src/stm32f1xx_hal_cortex.c.obj
                0x08011c40                HAL_NVIC_SetPriorityGrouping
 .text.HAL_NVIC_SetPriority
                0x08011c7c       0x8c CMakeFiles/FreeRTOS.elf.dir/Drivers/STM32F1xx_HAL_Driver/Src/stm32f1xx_hal_cortex.c.obj
                0x08011c7c                HAL_NVIC_SetPriority
 .text.HAL_NVIC_EnableIRQ
                0x08011d08       0x30 CMakeFiles/FreeRTOS.elf.dir/Drivers/STM32F1xx_HAL_Driver/Src/stm32f1xx_hal_cortex.c.obj
                0x08011d08                HAL_NVIC_EnableIRQ
 .text.HAL_DMA_Init
                0x08011d38      0x198 CMakeFiles/FreeRTOS.elf.dir/Drivers/STM32F1xx_HAL_Driver/Src/stm32f1xx_hal_dma.c.obj
                0x08011d38                HAL_DMA_Init
 .text.HAL_DMA_Abort
                0x08011ed0       0x46 CMakeFiles/FreeRTOS.elf.dir/Drivers/STM32F1xx_HAL_Driver/Src/stm32f1xx_hal_dma.c.obj
                0x08011ed0                HAL_DMA_Abort
 *fill*         0x08011f16        0x2 
 .text.HAL_DMA_Abort_IT
                0x08011f18      0x16c CMakeFiles/FreeRTOS.elf.dir/Drivers/STM32F1xx_HAL_Driver/Src/stm32f1xx_hal_dma.c.obj
                0x08011f18                HAL_DMA_Abort_IT
 .text.HAL_DMA_IRQHandler
                0x08012084      0x2ec CMakeFiles/FreeRTOS.elf.dir/Drivers/STM32F1xx_HAL_Driver/Src/stm32f1xx_hal_dma.c.obj
                0x08012084                HAL_DMA_IRQHandler
 .text.FLASH_Program_HalfWord
                0x08012370       0x1c CMakeFiles/FreeRTOS.elf.dir/Drivers/STM32F1xx_HAL_Driver/Src/stm32f1xx_hal_flash.c.obj
 .text.FLASH_SetErrorCode
                0x0801238c       0x70 CMakeFiles/FreeRTOS.elf.dir/Drivers/STM32F1xx_HAL_Driver/Src/stm32f1xx_hal_flash.c.obj
 .text.HAL_FLASH_Unlock
                0x080123fc       0x34 CMakeFiles/FreeRTOS.elf.dir/Drivers/STM32F1xx_HAL_Driver/Src/stm32f1xx_hal_flash.c.obj
                0x080123fc                HAL_FLASH_Unlock
 .text.HAL_FLASH_Lock
                0x08012430       0x14 CMakeFiles/FreeRTOS.elf.dir/Drivers/STM32F1xx_HAL_Driver/Src/stm32f1xx_hal_flash.c.obj
                0x08012430                HAL_FLASH_Lock
 .text.FLASH_WaitForLastOperation
                0x08012444       0x68 CMakeFiles/FreeRTOS.elf.dir/Drivers/STM32F1xx_HAL_Driver/Src/stm32f1xx_hal_flash.c.obj
                0x08012444                FLASH_WaitForLastOperation
 .text.HAL_FLASH_Program
                0x080124ac       0xf8 CMakeFiles/FreeRTOS.elf.dir/Drivers/STM32F1xx_HAL_Driver/Src/stm32f1xx_hal_flash.c.obj
                0x080124ac                HAL_FLASH_Program
 .text.FLASH_MassErase
                0x080125a4       0x38 CMakeFiles/FreeRTOS.elf.dir/Drivers/STM32F1xx_HAL_Driver/Src/stm32f1xx_hal_flash_ex.c.obj
 .text.FLASH_PageErase
                0x080125dc       0x24 CMakeFiles/FreeRTOS.elf.dir/Drivers/STM32F1xx_HAL_Driver/Src/stm32f1xx_hal_flash_ex.c.obj
                0x080125dc                FLASH_PageErase
 .text.HAL_FLASHEx_Erase
                0x08012600      0x168 CMakeFiles/FreeRTOS.elf.dir/Drivers/STM32F1xx_HAL_Driver/Src/stm32f1xx_hal_flash_ex.c.obj
                0x08012600                HAL_FLASHEx_Erase
 .text.HAL_GPIO_Init
                0x08012768      0x3b0 CMakeFiles/FreeRTOS.elf.dir/Drivers/STM32F1xx_HAL_Driver/Src/stm32f1xx_hal_gpio.c.obj
                0x08012768                HAL_GPIO_Init
 .text.HAL_GPIO_WritePin
                0x08012b18       0x38 CMakeFiles/FreeRTOS.elf.dir/Drivers/STM32F1xx_HAL_Driver/Src/stm32f1xx_hal_gpio.c.obj
                0x08012b18                HAL_GPIO_WritePin
 .text.RCC_Delay
                0x08012b50       0x2c CMakeFiles/FreeRTOS.elf.dir/Drivers/STM32F1xx_HAL_Driver/Src/stm32f1xx_hal_rcc.c.obj
 .text.HAL_RCC_OscConfig
                0x08012b7c      0x548 CMakeFiles/FreeRTOS.elf.dir/Drivers/STM32F1xx_HAL_Driver/Src/stm32f1xx_hal_rcc.c.obj
                0x08012b7c                HAL_RCC_OscConfig
 .text.HAL_RCC_GetSysClockFreq
                0x080130c4       0x54 CMakeFiles/FreeRTOS.elf.dir/Drivers/STM32F1xx_HAL_Driver/Src/stm32f1xx_hal_rcc.c.obj
                0x080130c4                HAL_RCC_GetSysClockFreq
 .text.HAL_RCC_ClockConfig
                0x08013118      0x228 CMakeFiles/FreeRTOS.elf.dir/Drivers/STM32F1xx_HAL_Driver/Src/stm32f1xx_hal_rcc.c.obj
                0x08013118                HAL_RCC_ClockConfig
 .text.HAL_RCC_GetHCLKFreq
                0x08013340        0xc CMakeFiles/FreeRTOS.elf.dir/Drivers/STM32F1xx_HAL_Driver/Src/stm32f1xx_hal_rcc.c.obj
                0x08013340                HAL_RCC_GetHCLKFreq
 .text.HAL_RCC_GetPCLK1Freq
                0x0801334c       0x20 CMakeFiles/FreeRTOS.elf.dir/Drivers/STM32F1xx_HAL_Driver/Src/stm32f1xx_hal_rcc.c.obj
                0x0801334c                HAL_RCC_GetPCLK1Freq
 .text.HAL_RCC_GetPCLK2Freq
                0x0801336c       0x20 CMakeFiles/FreeRTOS.elf.dir/Drivers/STM32F1xx_HAL_Driver/Src/stm32f1xx_hal_rcc.c.obj
                0x0801336c                HAL_RCC_GetPCLK2Freq
 .text.HAL_RCC_GetClockConfig
                0x0801338c       0x64 CMakeFiles/FreeRTOS.elf.dir/Drivers/STM32F1xx_HAL_Driver/Src/stm32f1xx_hal_rcc.c.obj
                0x0801338c                HAL_RCC_GetClockConfig
 .text.HAL_SPI_Init
                0x080133f0      0x21c CMakeFiles/FreeRTOS.elf.dir/Drivers/STM32F1xx_HAL_Driver/Src/stm32f1xx_hal_spi.c.obj
                0x080133f0                HAL_SPI_Init
 .text.HAL_SPI_ErrorCallback
                0x0801360c        0x2 CMakeFiles/FreeRTOS.elf.dir/Drivers/STM32F1xx_HAL_Driver/Src/stm32f1xx_hal_spi.c.obj
                0x0801360c                HAL_SPI_ErrorCallback
 *fill*         0x0801360e        0x2 
 .text.HAL_SPI_IRQHandler
                0x08013610      0x108 CMakeFiles/FreeRTOS.elf.dir/Drivers/STM32F1xx_HAL_Driver/Src/stm32f1xx_hal_spi.c.obj
                0x08013610                HAL_SPI_IRQHandler
 .text.SPI_DMAAbortOnError
                0x08013718       0x10 CMakeFiles/FreeRTOS.elf.dir/Drivers/STM32F1xx_HAL_Driver/Src/stm32f1xx_hal_spi.c.obj
 .text.TIM_TI1_ConfigInputStage
                0x08013728       0x24 CMakeFiles/FreeRTOS.elf.dir/Drivers/STM32F1xx_HAL_Driver/Src/stm32f1xx_hal_tim.c.obj
 .text.TIM_TI2_ConfigInputStage
                0x0801374c       0x26 CMakeFiles/FreeRTOS.elf.dir/Drivers/STM32F1xx_HAL_Driver/Src/stm32f1xx_hal_tim.c.obj
 .text.TIM_ITRx_SetConfig
                0x08013772       0x10 CMakeFiles/FreeRTOS.elf.dir/Drivers/STM32F1xx_HAL_Driver/Src/stm32f1xx_hal_tim.c.obj
 *fill*         0x08013782        0x2 
 .text.HAL_TIM_Base_Start_IT
                0x08013784       0xc8 CMakeFiles/FreeRTOS.elf.dir/Drivers/STM32F1xx_HAL_Driver/Src/stm32f1xx_hal_tim.c.obj
                0x08013784                HAL_TIM_Base_Start_IT
 .text.HAL_TIM_OC_DelayElapsedCallback
                0x0801384c        0x2 CMakeFiles/FreeRTOS.elf.dir/Drivers/STM32F1xx_HAL_Driver/Src/stm32f1xx_hal_tim.c.obj
                0x0801384c                HAL_TIM_OC_DelayElapsedCallback
 .text.HAL_TIM_IC_CaptureCallback
                0x0801384e        0x2 CMakeFiles/FreeRTOS.elf.dir/Drivers/STM32F1xx_HAL_Driver/Src/stm32f1xx_hal_tim.c.obj
                0x0801384e                HAL_TIM_IC_CaptureCallback
 .text.HAL_TIM_PWM_PulseFinishedCallback
                0x08013850        0x2 CMakeFiles/FreeRTOS.elf.dir/Drivers/STM32F1xx_HAL_Driver/Src/stm32f1xx_hal_tim.c.obj
                0x08013850                HAL_TIM_PWM_PulseFinishedCallback
 .text.HAL_TIM_TriggerCallback
                0x08013852        0x2 CMakeFiles/FreeRTOS.elf.dir/Drivers/STM32F1xx_HAL_Driver/Src/stm32f1xx_hal_tim.c.obj
                0x08013852                HAL_TIM_TriggerCallback
 .text.HAL_TIM_IRQHandler
                0x08013854      0x17a CMakeFiles/FreeRTOS.elf.dir/Drivers/STM32F1xx_HAL_Driver/Src/stm32f1xx_hal_tim.c.obj
                0x08013854                HAL_TIM_IRQHandler
 *fill*         0x080139ce        0x2 
 .text.TIM_Base_SetConfig
                0x080139d0       0x98 CMakeFiles/FreeRTOS.elf.dir/Drivers/STM32F1xx_HAL_Driver/Src/stm32f1xx_hal_tim.c.obj
                0x080139d0                TIM_Base_SetConfig
 .text.HAL_TIM_Base_Init
                0x08013a68      0x118 CMakeFiles/FreeRTOS.elf.dir/Drivers/STM32F1xx_HAL_Driver/Src/stm32f1xx_hal_tim.c.obj
                0x08013a68                HAL_TIM_Base_Init
 .text.TIM_ETR_SetConfig
                0x08013b80       0x18 CMakeFiles/FreeRTOS.elf.dir/Drivers/STM32F1xx_HAL_Driver/Src/stm32f1xx_hal_tim.c.obj
                0x08013b80                TIM_ETR_SetConfig
 .text.HAL_TIM_ConfigClockSource
                0x08013b98      0x458 CMakeFiles/FreeRTOS.elf.dir/Drivers/STM32F1xx_HAL_Driver/Src/stm32f1xx_hal_tim.c.obj
                0x08013b98                HAL_TIM_ConfigClockSource
 .text.HAL_TIMEx_MasterConfigSynchronization
                0x08013ff0      0x108 CMakeFiles/FreeRTOS.elf.dir/Drivers/STM32F1xx_HAL_Driver/Src/stm32f1xx_hal_tim_ex.c.obj
                0x08013ff0                HAL_TIMEx_MasterConfigSynchronization
 .text.HAL_TIMEx_CommutCallback
                0x080140f8        0x2 CMakeFiles/FreeRTOS.elf.dir/Drivers/STM32F1xx_HAL_Driver/Src/stm32f1xx_hal_tim_ex.c.obj
                0x080140f8                HAL_TIMEx_CommutCallback
 .text.HAL_TIMEx_BreakCallback
                0x080140fa        0x2 CMakeFiles/FreeRTOS.elf.dir/Drivers/STM32F1xx_HAL_Driver/Src/stm32f1xx_hal_tim_ex.c.obj
                0x080140fa                HAL_TIMEx_BreakCallback
 .text.UART_EndRxTransfer
                0x080140fc       0x5c CMakeFiles/FreeRTOS.elf.dir/Drivers/STM32F1xx_HAL_Driver/Src/stm32f1xx_hal_uart.c.obj
 .text.UART_Transmit_IT
                0x08014158       0x60 CMakeFiles/FreeRTOS.elf.dir/Drivers/STM32F1xx_HAL_Driver/Src/stm32f1xx_hal_uart.c.obj
 .text.UART_SetConfig
                0x080141b8       0xf8 CMakeFiles/FreeRTOS.elf.dir/Drivers/STM32F1xx_HAL_Driver/Src/stm32f1xx_hal_uart.c.obj
 .text.UART_WaitOnFlagUntilTimeout
                0x080142b0       0x88 CMakeFiles/FreeRTOS.elf.dir/Drivers/STM32F1xx_HAL_Driver/Src/stm32f1xx_hal_uart.c.obj
 .text.HAL_UART_Init
                0x08014338       0xfc CMakeFiles/FreeRTOS.elf.dir/Drivers/STM32F1xx_HAL_Driver/Src/stm32f1xx_hal_uart.c.obj
                0x08014338                HAL_UART_Init
 .text.HAL_UART_Transmit
                0x08014434       0xbe CMakeFiles/FreeRTOS.elf.dir/Drivers/STM32F1xx_HAL_Driver/Src/stm32f1xx_hal_uart.c.obj
                0x08014434                HAL_UART_Transmit
 .text.UART_EndTransmit_IT
                0x080144f2       0x1a CMakeFiles/FreeRTOS.elf.dir/Drivers/STM32F1xx_HAL_Driver/Src/stm32f1xx_hal_uart.c.obj
 .text.HAL_UART_ErrorCallback
                0x0801450c        0x2 CMakeFiles/FreeRTOS.elf.dir/Drivers/STM32F1xx_HAL_Driver/Src/stm32f1xx_hal_uart.c.obj
                0x0801450c                HAL_UART_ErrorCallback
 .text.UART_DMAAbortOnError
                0x0801450e       0x10 CMakeFiles/FreeRTOS.elf.dir/Drivers/STM32F1xx_HAL_Driver/Src/stm32f1xx_hal_uart.c.obj
 .text.UART_Receive_IT
                0x0801451e       0xe6 CMakeFiles/FreeRTOS.elf.dir/Drivers/STM32F1xx_HAL_Driver/Src/stm32f1xx_hal_uart.c.obj
 .text.HAL_UART_IRQHandler
                0x08014604      0x288 CMakeFiles/FreeRTOS.elf.dir/Drivers/STM32F1xx_HAL_Driver/Src/stm32f1xx_hal_uart.c.obj
                0x08014604                HAL_UART_IRQHandler
 .text.UART_Start_Receive_IT
                0x0801488c       0x36 CMakeFiles/FreeRTOS.elf.dir/Drivers/STM32F1xx_HAL_Driver/Src/stm32f1xx_hal_uart.c.obj
                0x0801488c                UART_Start_Receive_IT
 .text.HAL_UARTEx_ReceiveToIdle_IT
                0x080148c2       0x66 CMakeFiles/FreeRTOS.elf.dir/Drivers/STM32F1xx_HAL_Driver/Src/stm32f1xx_hal_uart.c.obj
                0x080148c2                HAL_UARTEx_ReceiveToIdle_IT
 .text.Flash_Write
                0x08014928       0x80 CMakeFiles/FreeRTOS.elf.dir/User/app_flash.c.obj
                0x08014928                Flash_Write
 .text.HAL_UARTEx_RxEventCallback
                0x080149a8       0x34 CMakeFiles/FreeRTOS.elf.dir/User/app_it.c.obj
                0x080149a8                HAL_UARTEx_RxEventCallback
 .text.HAL_UART_RxCpltCallback
                0x080149dc       0x20 CMakeFiles/FreeRTOS.elf.dir/User/app_it.c.obj
                0x080149dc                HAL_UART_RxCpltCallback
 .text.HAL_UART_TxCpltCallback
                0x080149fc       0x20 CMakeFiles/FreeRTOS.elf.dir/User/app_it.c.obj
                0x080149fc                HAL_UART_TxCpltCallback
 .text.Reset_Handler
                0x08014a1c       0x48 CMakeFiles/FreeRTOS.elf.dir/startup/startup_stm32f103xe.s.obj
                0x08014a1c                Reset_Handler
 .text.Default_Handler
                0x08014a64        0x2 CMakeFiles/FreeRTOS.elf.dir/startup/startup_stm32f103xe.s.obj
                0x08014a64                RTC_Alarm_IRQHandler
                0x08014a64                EXTI2_IRQHandler
                0x08014a64                TIM8_TRG_COM_IRQHandler
                0x08014a64                TIM8_CC_IRQHandler
                0x08014a64                TIM1_CC_IRQHandler
                0x08014a64                TIM6_IRQHandler
                0x08014a64                SysTick_Handler
                0x08014a64                PVD_IRQHandler
                0x08014a64                SDIO_IRQHandler
                0x08014a64                PendSV_Handler
                0x08014a64                EXTI3_IRQHandler
                0x08014a64                EXTI0_IRQHandler
                0x08014a64                I2C2_EV_IRQHandler
                0x08014a64                ADC1_2_IRQHandler
                0x08014a64                TAMPER_IRQHandler
                0x08014a64                TIM8_UP_IRQHandler
                0x08014a64                DMA2_Channel2_IRQHandler
                0x08014a64                DMA1_Channel4_IRQHandler
                0x08014a64                USART3_IRQHandler
                0x08014a64                RTC_IRQHandler
                0x08014a64                DMA1_Channel7_IRQHandler
                0x08014a64                CAN1_RX1_IRQHandler
                0x08014a64                UART5_IRQHandler
                0x08014a64                ADC3_IRQHandler
                0x08014a64                TIM4_IRQHandler
                0x08014a64                DMA2_Channel1_IRQHandler
                0x08014a64                I2C1_EV_IRQHandler
                0x08014a64                DMA1_Channel6_IRQHandler
                0x08014a64                UART4_IRQHandler
                0x08014a64                TIM3_IRQHandler
                0x08014a64                RCC_IRQHandler
                0x08014a64                TIM1_TRG_COM_IRQHandler
                0x08014a64                DMA1_Channel1_IRQHandler
                0x08014a64                Default_Handler
                0x08014a64                EXTI15_10_IRQHandler
                0x08014a64                TIM7_IRQHandler
                0x08014a64                TIM5_IRQHandler
                0x08014a64                EXTI9_5_IRQHandler
                0x08014a64                SPI2_IRQHandler
                0x08014a64                SVC_Handler
                0x08014a64                DMA1_Channel5_IRQHandler
                0x08014a64                EXTI4_IRQHandler
                0x08014a64                USB_LP_CAN1_RX0_IRQHandler
                0x08014a64                USB_HP_CAN1_TX_IRQHandler
                0x08014a64                FSMC_IRQHandler
                0x08014a64                WWDG_IRQHandler
                0x08014a64                TIM1_BRK_IRQHandler
                0x08014a64                EXTI1_IRQHandler
                0x08014a64                DMA2_Channel4_5_IRQHandler
                0x08014a64                I2C2_ER_IRQHandler
                0x08014a64                TIM8_BRK_IRQHandler
                0x08014a64                CAN1_SCE_IRQHandler
                0x08014a64                FLASH_IRQHandler
                0x08014a64                SPI3_IRQHandler
                0x08014a64                I2C1_ER_IRQHandler
                0x08014a64                USBWakeUp_IRQHandler
                0x08014a64                DMA2_Channel3_IRQHandler
 *fill*         0x08014a66        0x2 
 .text.__assert_func
                0x08014a68       0x40 f:/gcc-arm-none-eabi-10.3-win32/bin/../lib/gcc/arm-none-eabi/10.3.1/../../../../arm-none-eabi/lib/thumb/v7-m/nofp\libc.a(lib_a-assert.o)
                0x08014a68                __assert_func
 .text.__errno  0x08014aa8        0xc f:/gcc-arm-none-eabi-10.3-win32/bin/../lib/gcc/arm-none-eabi/10.3.1/../../../../arm-none-eabi/lib/thumb/v7-m/nofp\libc.a(lib_a-errno.o)
                0x08014aa8                __errno
 .text.fiprintf
                0x08014ab4       0x28 f:/gcc-arm-none-eabi-10.3-win32/bin/../lib/gcc/arm-none-eabi/10.3.1/../../../../arm-none-eabi/lib/thumb/v7-m/nofp\libc.a(lib_a-fiprintf.o)
                0x08014ab4                fiprintf
 .text.__libc_init_array
                0x08014adc       0x48 f:/gcc-arm-none-eabi-10.3-win32/bin/../lib/gcc/arm-none-eabi/10.3.1/../../../../arm-none-eabi/lib/thumb/v7-m/nofp\libc.a(lib_a-init.o)
                0x08014adc                __libc_init_array
 .text._malloc_r
                0x08014b24      0x558 f:/gcc-arm-none-eabi-10.3-win32/bin/../lib/gcc/arm-none-eabi/10.3.1/../../../../arm-none-eabi/lib/thumb/v7-m/nofp\libc.a(lib_a-mallocr.o)
                0x08014b24                _malloc_r
 .text.memcmp   0x0801507c       0x68 f:/gcc-arm-none-eabi-10.3-win32/bin/../lib/gcc/arm-none-eabi/10.3.1/../../../../arm-none-eabi/lib/thumb/v7-m/nofp\libc.a(lib_a-memcmp.o)
                0x0801507c                memcmp
 .text.memmove  0x080150e4       0xf8 f:/gcc-arm-none-eabi-10.3-win32/bin/../lib/gcc/arm-none-eabi/10.3.1/../../../../arm-none-eabi/lib/thumb/v7-m/nofp\libc.a(lib_a-memmove.o)
                0x080150e4                memmove
 .text.memset   0x080151dc       0xa4 f:/gcc-arm-none-eabi-10.3-win32/bin/../lib/gcc/arm-none-eabi/10.3.1/../../../../arm-none-eabi/lib/thumb/v7-m/nofp\libc.a(lib_a-memset.o)
                0x080151dc                memset
 .text.__malloc_lock
                0x08015280        0xc f:/gcc-arm-none-eabi-10.3-win32/bin/../lib/gcc/arm-none-eabi/10.3.1/../../../../arm-none-eabi/lib/thumb/v7-m/nofp\libc.a(lib_a-mlock.o)
                0x08015280                __malloc_lock
 .text.__malloc_unlock
                0x0801528c        0xc f:/gcc-arm-none-eabi-10.3-win32/bin/../lib/gcc/arm-none-eabi/10.3.1/../../../../arm-none-eabi/lib/thumb/v7-m/nofp\libc.a(lib_a-mlock.o)
                0x0801528c                __malloc_unlock
 .text.printf   0x08015298       0x28 f:/gcc-arm-none-eabi-10.3-win32/bin/../lib/gcc/arm-none-eabi/10.3.1/../../../../arm-none-eabi/lib/thumb/v7-m/nofp\libc.a(lib_a-printf.o)
                0x08015298                printf
 .text._puts_r  0x080152c0       0x9c f:/gcc-arm-none-eabi-10.3-win32/bin/../lib/gcc/arm-none-eabi/10.3.1/../../../../arm-none-eabi/lib/thumb/v7-m/nofp\libc.a(lib_a-puts.o)
                0x080152c0                _puts_r
 .text.puts     0x0801535c       0x10 f:/gcc-arm-none-eabi-10.3-win32/bin/../lib/gcc/arm-none-eabi/10.3.1/../../../../arm-none-eabi/lib/thumb/v7-m/nofp\libc.a(lib_a-puts.o)
                0x0801535c                puts
 .text._sbrk_r  0x0801536c       0x24 f:/gcc-arm-none-eabi-10.3-win32/bin/../lib/gcc/arm-none-eabi/10.3.1/../../../../arm-none-eabi/lib/thumb/v7-m/nofp\libc.a(lib_a-sbrkr.o)
                0x0801536c                _sbrk_r
 .text.strlen   0x08015390       0x5c f:/gcc-arm-none-eabi-10.3-win32/bin/../lib/gcc/arm-none-eabi/10.3.1/../../../../arm-none-eabi/lib/thumb/v7-m/nofp\libc.a(lib_a-strlen-stub.o)
                0x08015390                strlen
 .text.__sprint_r.part.0
                0x080153ec       0x78 f:/gcc-arm-none-eabi-10.3-win32/bin/../lib/gcc/arm-none-eabi/10.3.1/../../../../arm-none-eabi/lib/thumb/v7-m/nofp\libc.a(lib_a-vfiprintf.o)
 .text.__sprint_r
                0x08015464       0x14 f:/gcc-arm-none-eabi-10.3-win32/bin/../lib/gcc/arm-none-eabi/10.3.1/../../../../arm-none-eabi/lib/thumb/v7-m/nofp\libc.a(lib_a-vfiprintf.o)
                0x08015464                __sprint_r
 .text._vfiprintf_r
                0x08015478      0xd98 f:/gcc-arm-none-eabi-10.3-win32/bin/../lib/gcc/arm-none-eabi/10.3.1/../../../../arm-none-eabi/lib/thumb/v7-m/nofp\libc.a(lib_a-vfiprintf.o)
                0x08015478                _vfiprintf_r
 .text.__sbprintf
                0x08016210       0x84 f:/gcc-arm-none-eabi-10.3-win32/bin/../lib/gcc/arm-none-eabi/10.3.1/../../../../arm-none-eabi/lib/thumb/v7-m/nofp\libc.a(lib_a-vfiprintf.o)
 .text._vfprintf_r
                0x08016294     0x1b58 f:/gcc-arm-none-eabi-10.3-win32/bin/../lib/gcc/arm-none-eabi/10.3.1/../../../../arm-none-eabi/lib/thumb/v7-m/nofp\libc.a(lib_a-vfprintf.o)
                0x08016294                _vfprintf_r
 .text.__sbprintf
                0x08017dec       0x84 f:/gcc-arm-none-eabi-10.3-win32/bin/../lib/gcc/arm-none-eabi/10.3.1/../../../../arm-none-eabi/lib/thumb/v7-m/nofp\libc.a(lib_a-vfprintf.o)
 .text.__swsetup_r
                0x08017e70       0xd4 f:/gcc-arm-none-eabi-10.3-win32/bin/../lib/gcc/arm-none-eabi/10.3.1/../../../../arm-none-eabi/lib/thumb/v7-m/nofp\libc.a(lib_a-wsetup.o)
                0x08017e70                __swsetup_r
 .text.startup.register_fini
                0x08017f44       0x14 f:/gcc-arm-none-eabi-10.3-win32/bin/../lib/gcc/arm-none-eabi/10.3.1/../../../../arm-none-eabi/lib/thumb/v7-m/nofp\libc.a(lib_a-__call_atexit.o)
 .text.abort    0x08017f58       0x10 f:/gcc-arm-none-eabi-10.3-win32/bin/../lib/gcc/arm-none-eabi/10.3.1/../../../../arm-none-eabi/lib/thumb/v7-m/nofp\libc.a(lib_a-abort.o)
                0x08017f58                abort
 .text.atexit   0x08017f68        0xc f:/gcc-arm-none-eabi-10.3-win32/bin/../lib/gcc/arm-none-eabi/10.3.1/../../../../arm-none-eabi/lib/thumb/v7-m/nofp\libc.a(lib_a-atexit.o)
                0x08017f68                atexit
 .text.quorem   0x08017f74      0x12c f:/gcc-arm-none-eabi-10.3-win32/bin/../lib/gcc/arm-none-eabi/10.3.1/../../../../arm-none-eabi/lib/thumb/v7-m/nofp\libc.a(lib_a-dtoa.o)
 .text._dtoa_r  0x080180a0      0xecc f:/gcc-arm-none-eabi-10.3-win32/bin/../lib/gcc/arm-none-eabi/10.3.1/../../../../arm-none-eabi/lib/thumb/v7-m/nofp\libc.a(lib_a-dtoa.o)
                0x080180a0                _dtoa_r
 .text.__sflush_r
                0x08018f6c      0x124 f:/gcc-arm-none-eabi-10.3-win32/bin/../lib/gcc/arm-none-eabi/10.3.1/../../../../arm-none-eabi/lib/thumb/v7-m/nofp\libc.a(lib_a-fflush.o)
                0x08018f6c                __sflush_r
 .text._fflush_r
                0x08019090       0x5c f:/gcc-arm-none-eabi-10.3-win32/bin/../lib/gcc/arm-none-eabi/10.3.1/../../../../arm-none-eabi/lib/thumb/v7-m/nofp\libc.a(lib_a-fflush.o)
                0x08019090                _fflush_r
 .text._cleanup_r
                0x080190ec        0xc f:/gcc-arm-none-eabi-10.3-win32/bin/../lib/gcc/arm-none-eabi/10.3.1/../../../../arm-none-eabi/lib/thumb/v7-m/nofp\libc.a(lib_a-findfp.o)
                0x080190ec                _cleanup_r
 .text.__sinit  0x080190f8      0x10c f:/gcc-arm-none-eabi-10.3-win32/bin/../lib/gcc/arm-none-eabi/10.3.1/../../../../arm-none-eabi/lib/thumb/v7-m/nofp\libc.a(lib_a-findfp.o)
                0x080190f8                __sinit
 .text.__sfp_lock_acquire
                0x08019204        0xc f:/gcc-arm-none-eabi-10.3-win32/bin/../lib/gcc/arm-none-eabi/10.3.1/../../../../arm-none-eabi/lib/thumb/v7-m/nofp\libc.a(lib_a-findfp.o)
                0x08019204                __sfp_lock_acquire
 .text.__sfp_lock_release
                0x08019210        0xc f:/gcc-arm-none-eabi-10.3-win32/bin/../lib/gcc/arm-none-eabi/10.3.1/../../../../arm-none-eabi/lib/thumb/v7-m/nofp\libc.a(lib_a-findfp.o)
                0x08019210                __sfp_lock_release
 .text.__libc_fini_array
                0x0801921c       0x2c f:/gcc-arm-none-eabi-10.3-win32/bin/../lib/gcc/arm-none-eabi/10.3.1/../../../../arm-none-eabi/lib/thumb/v7-m/nofp\libc.a(lib_a-fini.o)
                0x0801921c                __libc_fini_array
 .text.__fputwc
                0x08019248       0xa0 f:/gcc-arm-none-eabi-10.3-win32/bin/../lib/gcc/arm-none-eabi/10.3.1/../../../../arm-none-eabi/lib/thumb/v7-m/nofp\libc.a(lib_a-fputwc.o)
                0x08019248                __fputwc
 .text._fputwc_r
                0x080192e8       0x68 f:/gcc-arm-none-eabi-10.3-win32/bin/../lib/gcc/arm-none-eabi/10.3.1/../../../../arm-none-eabi/lib/thumb/v7-m/nofp\libc.a(lib_a-fputwc.o)
                0x080192e8                _fputwc_r
 .text._malloc_trim_r
                0x08019350       0xa0 f:/gcc-arm-none-eabi-10.3-win32/bin/../lib/gcc/arm-none-eabi/10.3.1/../../../../arm-none-eabi/lib/thumb/v7-m/nofp\libc.a(lib_a-freer.o)
                0x08019350                _malloc_trim_r
 .text._free_r  0x080193f0      0x200 f:/gcc-arm-none-eabi-10.3-win32/bin/../lib/gcc/arm-none-eabi/10.3.1/../../../../arm-none-eabi/lib/thumb/v7-m/nofp\libc.a(lib_a-freer.o)
                0x080193f0                _free_r
 .text.__sfvwrite_r
                0x080195f0      0x2f0 f:/gcc-arm-none-eabi-10.3-win32/bin/../lib/gcc/arm-none-eabi/10.3.1/../../../../arm-none-eabi/lib/thumb/v7-m/nofp\libc.a(lib_a-fvwrite.o)
                0x080195f0                __sfvwrite_r
 .text._fwalk_reent
                0x080198e0       0x48 f:/gcc-arm-none-eabi-10.3-win32/bin/../lib/gcc/arm-none-eabi/10.3.1/../../../../arm-none-eabi/lib/thumb/v7-m/nofp\libc.a(lib_a-fwalk.o)
                0x080198e0                _fwalk_reent
 .text.__locale_mb_cur_max
                0x08019928        0xc f:/gcc-arm-none-eabi-10.3-win32/bin/../lib/gcc/arm-none-eabi/10.3.1/../../../../arm-none-eabi/lib/thumb/v7-m/nofp\libc.a(lib_a-locale.o)
                0x08019928                __locale_mb_cur_max
 .text._localeconv_r
                0x08019934        0x8 f:/gcc-arm-none-eabi-10.3-win32/bin/../lib/gcc/arm-none-eabi/10.3.1/../../../../arm-none-eabi/lib/thumb/v7-m/nofp\libc.a(lib_a-localeconv.o)
                0x08019934                _localeconv_r
 .text.__retarget_lock_init_recursive
                0x0801993c        0x4 f:/gcc-arm-none-eabi-10.3-win32/bin/../lib/gcc/arm-none-eabi/10.3.1/../../../../arm-none-eabi/lib/thumb/v7-m/nofp\libc.a(lib_a-lock.o)
                0x0801993c                __retarget_lock_init_recursive
 .text.__retarget_lock_close_recursive
                0x08019940        0x4 f:/gcc-arm-none-eabi-10.3-win32/bin/../lib/gcc/arm-none-eabi/10.3.1/../../../../arm-none-eabi/lib/thumb/v7-m/nofp\libc.a(lib_a-lock.o)
                0x08019940                __retarget_lock_close_recursive
 .text.__retarget_lock_acquire_recursive
                0x08019944        0x4 f:/gcc-arm-none-eabi-10.3-win32/bin/../lib/gcc/arm-none-eabi/10.3.1/../../../../arm-none-eabi/lib/thumb/v7-m/nofp\libc.a(lib_a-lock.o)
                0x08019944                __retarget_lock_acquire_recursive
 .text.__retarget_lock_release_recursive
                0x08019948        0x4 f:/gcc-arm-none-eabi-10.3-win32/bin/../lib/gcc/arm-none-eabi/10.3.1/../../../../arm-none-eabi/lib/thumb/v7-m/nofp\libc.a(lib_a-lock.o)
                0x08019948                __retarget_lock_release_recursive
 .text.__smakebuf_r
                0x0801994c       0xe0 f:/gcc-arm-none-eabi-10.3-win32/bin/../lib/gcc/arm-none-eabi/10.3.1/../../../../arm-none-eabi/lib/thumb/v7-m/nofp\libc.a(lib_a-makebuf.o)
                0x0801994c                __smakebuf_r
 .text.__ascii_mbtowc
                0x08019a2c       0x2c f:/gcc-arm-none-eabi-10.3-win32/bin/../lib/gcc/arm-none-eabi/10.3.1/../../../../arm-none-eabi/lib/thumb/v7-m/nofp\libc.a(lib_a-mbtowc_r.o)
                0x08019a2c                __ascii_mbtowc
 .text.memchr   0x08019a58       0x90 f:/gcc-arm-none-eabi-10.3-win32/bin/../lib/gcc/arm-none-eabi/10.3.1/../../../../arm-none-eabi/lib/thumb/v7-m/nofp\libc.a(lib_a-memchr-stub.o)
                0x08019a58                memchr
 .text._Balloc  0x08019ae8       0x4c f:/gcc-arm-none-eabi-10.3-win32/bin/../lib/gcc/arm-none-eabi/10.3.1/../../../../arm-none-eabi/lib/thumb/v7-m/nofp\libc.a(lib_a-mprec.o)
                0x08019ae8                _Balloc
 .text._Bfree   0x08019b34       0x14 f:/gcc-arm-none-eabi-10.3-win32/bin/../lib/gcc/arm-none-eabi/10.3.1/../../../../arm-none-eabi/lib/thumb/v7-m/nofp\libc.a(lib_a-mprec.o)
                0x08019b34                _Bfree
 .text.__multadd
                0x08019b48       0xa4 f:/gcc-arm-none-eabi-10.3-win32/bin/../lib/gcc/arm-none-eabi/10.3.1/../../../../arm-none-eabi/lib/thumb/v7-m/nofp\libc.a(lib_a-mprec.o)
                0x08019b48                __multadd
 .text.__hi0bits
                0x08019bec       0x40 f:/gcc-arm-none-eabi-10.3-win32/bin/../lib/gcc/arm-none-eabi/10.3.1/../../../../arm-none-eabi/lib/thumb/v7-m/nofp\libc.a(lib_a-mprec.o)
                0x08019bec                __hi0bits
 .text.__lo0bits
                0x08019c2c       0x58 f:/gcc-arm-none-eabi-10.3-win32/bin/../lib/gcc/arm-none-eabi/10.3.1/../../../../arm-none-eabi/lib/thumb/v7-m/nofp\libc.a(lib_a-mprec.o)
                0x08019c2c                __lo0bits
 .text.__i2b    0x08019c84       0x5c f:/gcc-arm-none-eabi-10.3-win32/bin/../lib/gcc/arm-none-eabi/10.3.1/../../../../arm-none-eabi/lib/thumb/v7-m/nofp\libc.a(lib_a-mprec.o)
                0x08019c84                __i2b
 .text.__multiply
                0x08019ce0      0x15c f:/gcc-arm-none-eabi-10.3-win32/bin/../lib/gcc/arm-none-eabi/10.3.1/../../../../arm-none-eabi/lib/thumb/v7-m/nofp\libc.a(lib_a-mprec.o)
                0x08019ce0                __multiply
 .text.__pow5mult
                0x08019e3c       0xb8 f:/gcc-arm-none-eabi-10.3-win32/bin/../lib/gcc/arm-none-eabi/10.3.1/../../../../arm-none-eabi/lib/thumb/v7-m/nofp\libc.a(lib_a-mprec.o)
                0x08019e3c                __pow5mult
 .text.__lshift
                0x08019ef4       0xec f:/gcc-arm-none-eabi-10.3-win32/bin/../lib/gcc/arm-none-eabi/10.3.1/../../../../arm-none-eabi/lib/thumb/v7-m/nofp\libc.a(lib_a-mprec.o)
                0x08019ef4                __lshift
 .text.__mcmp   0x08019fe0       0x40 f:/gcc-arm-none-eabi-10.3-win32/bin/../lib/gcc/arm-none-eabi/10.3.1/../../../../arm-none-eabi/lib/thumb/v7-m/nofp\libc.a(lib_a-mprec.o)
                0x08019fe0                __mcmp
 .text.__mdiff  0x0801a020      0x14c f:/gcc-arm-none-eabi-10.3-win32/bin/../lib/gcc/arm-none-eabi/10.3.1/../../../../arm-none-eabi/lib/thumb/v7-m/nofp\libc.a(lib_a-mprec.o)
                0x0801a020                __mdiff
 .text.__d2b    0x0801a16c       0xc4 f:/gcc-arm-none-eabi-10.3-win32/bin/../lib/gcc/arm-none-eabi/10.3.1/../../../../arm-none-eabi/lib/thumb/v7-m/nofp\libc.a(lib_a-mprec.o)
                0x0801a16c                __d2b
 .text._realloc_r
                0x0801a230      0x3dc f:/gcc-arm-none-eabi-10.3-win32/bin/../lib/gcc/arm-none-eabi/10.3.1/../../../../arm-none-eabi/lib/thumb/v7-m/nofp\libc.a(lib_a-reallocr.o)
                0x0801a230                _realloc_r
 .text.frexp    0x0801a60c       0x70 f:/gcc-arm-none-eabi-10.3-win32/bin/../lib/gcc/arm-none-eabi/10.3.1/../../../../arm-none-eabi/lib/thumb/v7-m/nofp\libc.a(lib_a-s_frexp.o)
                0x0801a60c                frexp
 .text.raise    0x0801a67c       0x5c f:/gcc-arm-none-eabi-10.3-win32/bin/../lib/gcc/arm-none-eabi/10.3.1/../../../../arm-none-eabi/lib/thumb/v7-m/nofp\libc.a(lib_a-signal.o)
                0x0801a67c                raise
 .text._kill_r  0x0801a6d8       0x28 f:/gcc-arm-none-eabi-10.3-win32/bin/../lib/gcc/arm-none-eabi/10.3.1/../../../../arm-none-eabi/lib/thumb/v7-m/nofp\libc.a(lib_a-signalr.o)
                0x0801a6d8                _kill_r
 .text._getpid_r
                0x0801a700        0x4 f:/gcc-arm-none-eabi-10.3-win32/bin/../lib/gcc/arm-none-eabi/10.3.1/../../../../arm-none-eabi/lib/thumb/v7-m/nofp\libc.a(lib_a-signalr.o)
                0x0801a700                _getpid_r
 .text.__sread  0x0801a704       0x24 f:/gcc-arm-none-eabi-10.3-win32/bin/../lib/gcc/arm-none-eabi/10.3.1/../../../../arm-none-eabi/lib/thumb/v7-m/nofp\libc.a(lib_a-stdio.o)
                0x0801a704                __sread
 .text.__swrite
                0x0801a728       0x40 f:/gcc-arm-none-eabi-10.3-win32/bin/../lib/gcc/arm-none-eabi/10.3.1/../../../../arm-none-eabi/lib/thumb/v7-m/nofp\libc.a(lib_a-stdio.o)
                0x0801a728                __swrite
 .text.__sseek  0x0801a768       0x20 f:/gcc-arm-none-eabi-10.3-win32/bin/../lib/gcc/arm-none-eabi/10.3.1/../../../../arm-none-eabi/lib/thumb/v7-m/nofp\libc.a(lib_a-stdio.o)
                0x0801a768                __sseek
 .text.__sclose
                0x0801a788        0x8 f:/gcc-arm-none-eabi-10.3-win32/bin/../lib/gcc/arm-none-eabi/10.3.1/../../../../arm-none-eabi/lib/thumb/v7-m/nofp\libc.a(lib_a-stdio.o)
                0x0801a788                __sclose
 .text.strncpy  0x0801a790       0x68 f:/gcc-arm-none-eabi-10.3-win32/bin/../lib/gcc/arm-none-eabi/10.3.1/../../../../arm-none-eabi/lib/thumb/v7-m/nofp\libc.a(lib_a-strncpy.o)
                0x0801a790                strncpy
 .text.__swbuf_r
                0x0801a7f8       0xb0 f:/gcc-arm-none-eabi-10.3-win32/bin/../lib/gcc/arm-none-eabi/10.3.1/../../../../arm-none-eabi/lib/thumb/v7-m/nofp\libc.a(lib_a-wbuf.o)
                0x0801a7f8                __swbuf_r
 .text._wcrtomb_r
                0x0801a8a8       0x3c f:/gcc-arm-none-eabi-10.3-win32/bin/../lib/gcc/arm-none-eabi/10.3.1/../../../../arm-none-eabi/lib/thumb/v7-m/nofp\libc.a(lib_a-wcrtomb.o)
                0x0801a8a8                _wcrtomb_r
 .text.__ascii_wctomb
                0x0801a8e4       0x1c f:/gcc-arm-none-eabi-10.3-win32/bin/../lib/gcc/arm-none-eabi/10.3.1/../../../../arm-none-eabi/lib/thumb/v7-m/nofp\libc.a(lib_a-wctomb_r.o)
                0x0801a8e4                __ascii_wctomb
 .text._write_r
                0x0801a900       0x2c f:/gcc-arm-none-eabi-10.3-win32/bin/../lib/gcc/arm-none-eabi/10.3.1/../../../../arm-none-eabi/lib/thumb/v7-m/nofp\libc.a(lib_a-writer.o)
                0x0801a900                _write_r
 .text.__register_exitproc
                0x0801a92c       0x8c f:/gcc-arm-none-eabi-10.3-win32/bin/../lib/gcc/arm-none-eabi/10.3.1/../../../../arm-none-eabi/lib/thumb/v7-m/nofp\libc.a(lib_a-__atexit.o)
                0x0801a92c                __register_exitproc
 .text._calloc_r
                0x0801a9b8       0x78 f:/gcc-arm-none-eabi-10.3-win32/bin/../lib/gcc/arm-none-eabi/10.3.1/../../../../arm-none-eabi/lib/thumb/v7-m/nofp\libc.a(lib_a-callocr.o)
                0x0801a9b8                _calloc_r
 .text._close_r
                0x0801aa30       0x24 f:/gcc-arm-none-eabi-10.3-win32/bin/../lib/gcc/arm-none-eabi/10.3.1/../../../../arm-none-eabi/lib/thumb/v7-m/nofp\libc.a(lib_a-closer.o)
                0x0801aa30                _close_r
 .text._fclose_r
                0x0801aa54       0xcc f:/gcc-arm-none-eabi-10.3-win32/bin/../lib/gcc/arm-none-eabi/10.3.1/../../../../arm-none-eabi/lib/thumb/v7-m/nofp\libc.a(lib_a-fclose.o)
                0x0801aa54                _fclose_r
 .text._fstat_r
                0x0801ab20       0x28 f:/gcc-arm-none-eabi-10.3-win32/bin/../lib/gcc/arm-none-eabi/10.3.1/../../../../arm-none-eabi/lib/thumb/v7-m/nofp\libc.a(lib_a-fstatr.o)
                0x0801ab20                _fstat_r
 .text._isatty_r
                0x0801ab48       0x24 f:/gcc-arm-none-eabi-10.3-win32/bin/../lib/gcc/arm-none-eabi/10.3.1/../../../../arm-none-eabi/lib/thumb/v7-m/nofp\libc.a(lib_a-isattyr.o)
                0x0801ab48                _isatty_r
 .text._lseek_r
                0x0801ab6c       0x2c f:/gcc-arm-none-eabi-10.3-win32/bin/../lib/gcc/arm-none-eabi/10.3.1/../../../../arm-none-eabi/lib/thumb/v7-m/nofp\libc.a(lib_a-lseekr.o)
                0x0801ab6c                _lseek_r
 .text._read_r  0x0801ab98       0x2c f:/gcc-arm-none-eabi-10.3-win32/bin/../lib/gcc/arm-none-eabi/10.3.1/../../../../arm-none-eabi/lib/thumb/v7-m/nofp\libc.a(lib_a-readr.o)
                0x0801ab98                _read_r
 *(.glue_7)
 .glue_7        0x0801abc4        0x0 linker stubs
 *(.glue_7t)
 .glue_7t       0x0801abc4        0x0 linker stubs
 *(.eh_frame)
 .eh_frame      0x0801abc4        0x0 f:/gcc-arm-none-eabi-10.3-win32/bin/../lib/gcc/arm-none-eabi/10.3.1/thumb/v7-m/nofp/crtbegin.o
 *(.init)
 .init          0x0801abc4        0x4 f:/gcc-arm-none-eabi-10.3-win32/bin/../lib/gcc/arm-none-eabi/10.3.1/thumb/v7-m/nofp/crti.o
                0x0801abc4                _init
 .init          0x0801abc8        0x8 f:/gcc-arm-none-eabi-10.3-win32/bin/../lib/gcc/arm-none-eabi/10.3.1/thumb/v7-m/nofp/crtn.o
 *(.fini)
 .fini          0x0801abd0        0x4 f:/gcc-arm-none-eabi-10.3-win32/bin/../lib/gcc/arm-none-eabi/10.3.1/thumb/v7-m/nofp/crti.o
                0x0801abd0                _fini
 .fini          0x0801abd4        0x8 f:/gcc-arm-none-eabi-10.3-win32/bin/../lib/gcc/arm-none-eabi/10.3.1/thumb/v7-m/nofp/crtn.o
                0x0801abdc                . = ALIGN (0x4)
                0x0801abdc                _etext = .

.vfp11_veneer   0x0801abdc        0x0
 .vfp11_veneer  0x0801abdc        0x0 linker stubs

.v4_bx          0x0801abdc        0x0
 .v4_bx         0x0801abdc        0x0 linker stubs

.iplt           0x0801abdc        0x0
 .iplt          0x0801abdc        0x0 f:/gcc-arm-none-eabi-10.3-win32/bin/../lib/gcc/arm-none-eabi/10.3.1/thumb/v7-m/nofp/crtbegin.o

.rodata         0x0801abe0      0x818
                0x0801abe0                . = ALIGN (0x4)
 *(.rodata)
 *(.rodata*)
 .rodata.DBG_Command_Recv.str1.4
                0x0801abe0        0x7 CMakeFiles/FreeRTOS.elf.dir/Components/protocols/app_dbg/user_protocol_dbg.c.obj
 *fill*         0x0801abe7        0x1 
 .rodata.main.str1.4
                0x0801abe8       0x55 CMakeFiles/FreeRTOS.elf.dir/Core/Src/main.c.obj
 *fill*         0x0801ac3d        0x3 
 .rodata.AHBPrescTable
                0x0801ac40       0x10 CMakeFiles/FreeRTOS.elf.dir/Core/Src/system_stm32f1xx.c.obj
                0x0801ac40                AHBPrescTable
 .rodata.APBPrescTable
                0x0801ac50        0x8 CMakeFiles/FreeRTOS.elf.dir/Core/Src/system_stm32f1xx.c.obj
                0x0801ac50                APBPrescTable
 .rodata.HAL_NVIC_SetPriorityGrouping.str1.4
                0x0801ac58       0x53 CMakeFiles/FreeRTOS.elf.dir/Drivers/STM32F1xx_HAL_Driver/Src/stm32f1xx_hal_cortex.c.obj
 *fill*         0x0801acab        0x1 
 .rodata.HAL_DMA_Init.str1.4
                0x0801acac       0x50 CMakeFiles/FreeRTOS.elf.dir/Drivers/STM32F1xx_HAL_Driver/Src/stm32f1xx_hal_dma.c.obj
 .rodata.HAL_FLASH_Program_IT.str1.4
                0x0801acfc       0x52 CMakeFiles/FreeRTOS.elf.dir/Drivers/STM32F1xx_HAL_Driver/Src/stm32f1xx_hal_flash.c.obj
 *fill*         0x0801ad4e        0x2 
 .rodata.FLASH_MassErase.str1.4
                0x0801ad50       0x55 CMakeFiles/FreeRTOS.elf.dir/Drivers/STM32F1xx_HAL_Driver/Src/stm32f1xx_hal_flash_ex.c.obj
 *fill*         0x0801ada5        0x3 
 .rodata.HAL_GPIO_Init.str1.4
                0x0801ada8       0x51 CMakeFiles/FreeRTOS.elf.dir/Drivers/STM32F1xx_HAL_Driver/Src/stm32f1xx_hal_gpio.c.obj
 *fill*         0x0801adf9        0x3 
 .rodata.HAL_RCC_OscConfig.str1.4
                0x0801adfc       0x50 CMakeFiles/FreeRTOS.elf.dir/Drivers/STM32F1xx_HAL_Driver/Src/stm32f1xx_hal_rcc.c.obj
 .rodata.aPLLMULFactorTable.1
                0x0801ae4c       0x10 CMakeFiles/FreeRTOS.elf.dir/Drivers/STM32F1xx_HAL_Driver/Src/stm32f1xx_hal_rcc.c.obj
 .rodata.aPredivFactorTable.0
                0x0801ae5c        0x2 CMakeFiles/FreeRTOS.elf.dir/Drivers/STM32F1xx_HAL_Driver/Src/stm32f1xx_hal_rcc.c.obj
 *fill*         0x0801ae5e        0x2 
 .rodata.HAL_SPI_Init.str1.4
                0x0801ae60       0x50 CMakeFiles/FreeRTOS.elf.dir/Drivers/STM32F1xx_HAL_Driver/Src/stm32f1xx_hal_spi.c.obj
 .rodata.TIM_OC1_SetConfig.str1.4
                0x0801aeb0       0x50 CMakeFiles/FreeRTOS.elf.dir/Drivers/STM32F1xx_HAL_Driver/Src/stm32f1xx_hal_tim.c.obj
 .rodata.HAL_TIMEx_HallSensor_Init.str1.4
                0x0801af00       0x53 CMakeFiles/FreeRTOS.elf.dir/Drivers/STM32F1xx_HAL_Driver/Src/stm32f1xx_hal_tim_ex.c.obj
 *fill*         0x0801af53        0x1 
 .rodata.UART_SetConfig.str1.4
                0x0801af54       0x51 CMakeFiles/FreeRTOS.elf.dir/Drivers/STM32F1xx_HAL_Driver/Src/stm32f1xx_hal_uart.c.obj
 *fill*         0x0801afa5        0x3 
 .rodata.Flash_Write.str1.4
                0x0801afa8       0x4e CMakeFiles/FreeRTOS.elf.dir/User/app_flash.c.obj
 *fill*         0x0801aff6        0x2 
 .rodata.__assert_func.str1.4
                0x0801aff8       0x3f f:/gcc-arm-none-eabi-10.3-win32/bin/../lib/gcc/arm-none-eabi/10.3.1/../../../../arm-none-eabi/lib/thumb/v7-m/nofp\libc.a(lib_a-assert.o)
                                 0x43 (size before relaxing)
 *fill*         0x0801b037        0x1 
 .rodata._global_impure_ptr
                0x0801b038        0x4 f:/gcc-arm-none-eabi-10.3-win32/bin/../lib/gcc/arm-none-eabi/10.3.1/../../../../arm-none-eabi/lib/thumb/v7-m/nofp\libc.a(lib_a-impure.o)
                0x0801b038                _global_impure_ptr
 .rodata._puts_r.str1.4
                0x0801b03c        0x2 f:/gcc-arm-none-eabi-10.3-win32/bin/../lib/gcc/arm-none-eabi/10.3.1/../../../../arm-none-eabi/lib/thumb/v7-m/nofp\libc.a(lib_a-puts.o)
 *fill*         0x0801b03e        0x2 
 .rodata._vfiprintf_r.str1.4
                0x0801b040       0x2f f:/gcc-arm-none-eabi-10.3-win32/bin/../lib/gcc/arm-none-eabi/10.3.1/../../../../arm-none-eabi/lib/thumb/v7-m/nofp\libc.a(lib_a-vfiprintf.o)
 *fill*         0x0801b06f        0x1 
 .rodata.blanks.1
                0x0801b070       0x10 f:/gcc-arm-none-eabi-10.3-win32/bin/../lib/gcc/arm-none-eabi/10.3.1/../../../../arm-none-eabi/lib/thumb/v7-m/nofp\libc.a(lib_a-vfiprintf.o)
 .rodata.zeroes.0
                0x0801b080       0x10 f:/gcc-arm-none-eabi-10.3-win32/bin/../lib/gcc/arm-none-eabi/10.3.1/../../../../arm-none-eabi/lib/thumb/v7-m/nofp\libc.a(lib_a-vfiprintf.o)
 .rodata._vfprintf_r.str1.4
                0x0801b090       0x12 f:/gcc-arm-none-eabi-10.3-win32/bin/../lib/gcc/arm-none-eabi/10.3.1/../../../../arm-none-eabi/lib/thumb/v7-m/nofp\libc.a(lib_a-vfprintf.o)
                                 0x42 (size before relaxing)
 *fill*         0x0801b0a2        0x2 
 .rodata.blanks.1
                0x0801b0a4       0x10 f:/gcc-arm-none-eabi-10.3-win32/bin/../lib/gcc/arm-none-eabi/10.3.1/../../../../arm-none-eabi/lib/thumb/v7-m/nofp\libc.a(lib_a-vfprintf.o)
 .rodata.zeroes.0
                0x0801b0b4       0x10 f:/gcc-arm-none-eabi-10.3-win32/bin/../lib/gcc/arm-none-eabi/10.3.1/../../../../arm-none-eabi/lib/thumb/v7-m/nofp\libc.a(lib_a-vfprintf.o)
 .rodata._dtoa_r.str1.4
                0x0801b0c4       0xa2 f:/gcc-arm-none-eabi-10.3-win32/bin/../lib/gcc/arm-none-eabi/10.3.1/../../../../arm-none-eabi/lib/thumb/v7-m/nofp\libc.a(lib_a-dtoa.o)
                                 0xa6 (size before relaxing)
 *fill*         0x0801b166        0x2 
 .rodata._setlocale_r.str1.4
                0x0801b168        0xa f:/gcc-arm-none-eabi-10.3-win32/bin/../lib/gcc/arm-none-eabi/10.3.1/../../../../arm-none-eabi/lib/thumb/v7-m/nofp\libc.a(lib_a-locale.o)
                                  0xd (size before relaxing)
 *fill*         0x0801b172        0x2 
 .rodata.str1.4
                0x0801b174        0x2 f:/gcc-arm-none-eabi-10.3-win32/bin/../lib/gcc/arm-none-eabi/10.3.1/../../../../arm-none-eabi/lib/thumb/v7-m/nofp\libc.a(lib_a-locale.o)
 *fill*         0x0801b176        0x2 
 .rodata.__multadd.str1.4
                0x0801b178       0x7f f:/gcc-arm-none-eabi-10.3-win32/bin/../lib/gcc/arm-none-eabi/10.3.1/../../../../arm-none-eabi/lib/thumb/v7-m/nofp\libc.a(lib_a-mprec.o)
                                 0x93 (size before relaxing)
 *fill*         0x0801b1f7        0x1 
 .rodata.__mprec_bigtens
                0x0801b1f8       0x28 f:/gcc-arm-none-eabi-10.3-win32/bin/../lib/gcc/arm-none-eabi/10.3.1/../../../../arm-none-eabi/lib/thumb/v7-m/nofp\libc.a(lib_a-mprec.o)
                0x0801b1f8                __mprec_bigtens
 .rodata.__mprec_tens
                0x0801b220       0xc8 f:/gcc-arm-none-eabi-10.3-win32/bin/../lib/gcc/arm-none-eabi/10.3.1/../../../../arm-none-eabi/lib/thumb/v7-m/nofp\libc.a(lib_a-mprec.o)
                0x0801b220                __mprec_tens
 .rodata.p05.0  0x0801b2e8        0xc f:/gcc-arm-none-eabi-10.3-win32/bin/../lib/gcc/arm-none-eabi/10.3.1/../../../../arm-none-eabi/lib/thumb/v7-m/nofp\libc.a(lib_a-mprec.o)
 .rodata._ctype_
                0x0801b2f4      0x101 f:/gcc-arm-none-eabi-10.3-win32/bin/../lib/gcc/arm-none-eabi/10.3.1/../../../../arm-none-eabi/lib/thumb/v7-m/nofp\libc.a(lib_a-ctype_.o)
                0x0801b2f4                _ctype_
                0x0801b3f8                . = ALIGN (0x4)
 *fill*         0x0801b3f5        0x3 

.ARM.extab
 *(.ARM.extab* .gnu.linkonce.armextab.*)

.ARM            0x0801b3f8        0x8
                0x0801b3f8                __exidx_start = .
 *(.ARM.exidx*)
 .ARM.exidx     0x0801b3f8        0x8 f:/gcc-arm-none-eabi-10.3-win32/bin/../lib/gcc/arm-none-eabi/10.3.1/thumb/v7-m/nofp\libgcc.a(_udivmoddi4.o)
                0x0801b400                __exidx_end = .

.rel.dyn        0x0801b400        0x0
 .rel.iplt      0x0801b400        0x0 f:/gcc-arm-none-eabi-10.3-win32/bin/../lib/gcc/arm-none-eabi/10.3.1/thumb/v7-m/nofp/crtbegin.o

.preinit_array  0x0801b400        0x0
                0x0801b400                PROVIDE (__preinit_array_start = .)
 *(.preinit_array*)
                0x0801b400                PROVIDE (__preinit_array_end = .)

.init_array     0x0801b400        0x8
                0x0801b400                PROVIDE (__init_array_start = .)
 *(SORT_BY_NAME(.init_array.*))
 .init_array.00000
                0x0801b400        0x4 f:/gcc-arm-none-eabi-10.3-win32/bin/../lib/gcc/arm-none-eabi/10.3.1/../../../../arm-none-eabi/lib/thumb/v7-m/nofp\libc.a(lib_a-__call_atexit.o)
 *(.init_array*)
 .init_array    0x0801b404        0x4 f:/gcc-arm-none-eabi-10.3-win32/bin/../lib/gcc/arm-none-eabi/10.3.1/thumb/v7-m/nofp/crtbegin.o
                0x0801b408                PROVIDE (__init_array_end = .)

.fini_array     0x0801b408        0x4
                0x0801b408                PROVIDE (__fini_array_start = .)
 *(SORT_BY_NAME(.fini_array.*))
 *(.fini_array*)
 .fini_array    0x0801b408        0x4 f:/gcc-arm-none-eabi-10.3-win32/bin/../lib/gcc/arm-none-eabi/10.3.1/thumb/v7-m/nofp/crtbegin.o
                0x0801b40c                PROVIDE (__fini_array_end = .)
                0x0801b40c                _sidata = LOADADDR (.data)

.data           0x20000000      0xa68 load address 0x0801b40c
                0x20000000                . = ALIGN (0x4)
                0x20000000                _sdata = .
 *(.data)
 *(.data*)
 .data.PT_App_DBG
                0x20000000       0x50 CMakeFiles/FreeRTOS.elf.dir/Components/protocols/app_dbg/user_protocol_dbg.c.obj
                0x20000000                PT_App_DBG
 .data.ParaGroup
                0x20000050       0x60 CMakeFiles/FreeRTOS.elf.dir/Components/protocols/app_dbg/user_protocol_dbg.c.obj
                0x20000050                ParaGroup
 .data.SystemCoreClock
                0x200000b0        0x4 CMakeFiles/FreeRTOS.elf.dir/Core/Src/system_stm32f1xx.c.obj
                0x200000b0                SystemCoreClock
 .data.uwTickFreq
                0x200000b4        0x1 CMakeFiles/FreeRTOS.elf.dir/Drivers/STM32F1xx_HAL_Driver/Src/stm32f1xx_hal.c.obj
                0x200000b4                uwTickFreq
 *fill*         0x200000b5        0x3 
 .data.uwTickPrio
                0x200000b8        0x4 CMakeFiles/FreeRTOS.elf.dir/Drivers/STM32F1xx_HAL_Driver/Src/stm32f1xx_hal.c.obj
                0x200000b8                uwTickPrio
 .data._impure_ptr
                0x200000bc        0x4 f:/gcc-arm-none-eabi-10.3-win32/bin/../lib/gcc/arm-none-eabi/10.3.1/../../../../arm-none-eabi/lib/thumb/v7-m/nofp\libc.a(lib_a-impure.o)
                0x200000bc                _impure_ptr
 .data.impure_data
                0x200000c0      0x428 f:/gcc-arm-none-eabi-10.3-win32/bin/../lib/gcc/arm-none-eabi/10.3.1/../../../../arm-none-eabi/lib/thumb/v7-m/nofp\libc.a(lib_a-impure.o)
 .data.__malloc_av_
                0x200004e8      0x408 f:/gcc-arm-none-eabi-10.3-win32/bin/../lib/gcc/arm-none-eabi/10.3.1/../../../../arm-none-eabi/lib/thumb/v7-m/nofp\libc.a(lib_a-mallocr.o)
                0x200004e8                __malloc_av_
 .data.__malloc_sbrk_base
                0x200008f0        0x4 f:/gcc-arm-none-eabi-10.3-win32/bin/../lib/gcc/arm-none-eabi/10.3.1/../../../../arm-none-eabi/lib/thumb/v7-m/nofp\libc.a(lib_a-mallocr.o)
                0x200008f0                __malloc_sbrk_base
 .data.__malloc_trim_threshold
                0x200008f4        0x4 f:/gcc-arm-none-eabi-10.3-win32/bin/../lib/gcc/arm-none-eabi/10.3.1/../../../../arm-none-eabi/lib/thumb/v7-m/nofp\libc.a(lib_a-mallocr.o)
                0x200008f4                __malloc_trim_threshold
 .data.__atexit_recursive_mutex
                0x200008f8        0x4 f:/gcc-arm-none-eabi-10.3-win32/bin/../lib/gcc/arm-none-eabi/10.3.1/../../../../arm-none-eabi/lib/thumb/v7-m/nofp\libc.a(lib_a-__call_atexit.o)
                0x200008f8                __atexit_recursive_mutex
 .data.__global_locale
                0x200008fc      0x16c f:/gcc-arm-none-eabi-10.3-win32/bin/../lib/gcc/arm-none-eabi/10.3.1/../../../../arm-none-eabi/lib/thumb/v7-m/nofp\libc.a(lib_a-locale.o)
                0x200008fc                __global_locale
                0x20000a68                . = ALIGN (0x4)
                0x20000a68                _edata = .

.igot.plt       0x20000a68        0x0 load address 0x0801be74
 .igot.plt      0x20000a68        0x0 f:/gcc-arm-none-eabi-10.3-win32/bin/../lib/gcc/arm-none-eabi/10.3.1/thumb/v7-m/nofp/crtbegin.o
                0x20000a68                . = ALIGN (0x4)

.bss            0x20000a68      0x4bc load address 0x0801be74
                0x20000a68                _sbss = .
                0x20000a68                __bss_start__ = _sbss
 *(.bss)
 .bss           0x20000a68       0x1c f:/gcc-arm-none-eabi-10.3-win32/bin/../lib/gcc/arm-none-eabi/10.3.1/thumb/v7-m/nofp/crtbegin.o
 *(.bss*)
 .bss.pxMBFrameCBByteReceived
                0x20000a84        0x4 CMakeFiles/FreeRTOS.elf.dir/Components/FreeModbus/modbus/mb.c.obj
                0x20000a84                pxMBFrameCBByteReceived
 .bss.pxMBFrameCBTransmitterEmpty
                0x20000a88        0x4 CMakeFiles/FreeRTOS.elf.dir/Components/FreeModbus/modbus/mb.c.obj
                0x20000a88                pxMBFrameCBTransmitterEmpty
 .bss.pxMBPortCBTimerExpired
                0x20000a8c        0x4 CMakeFiles/FreeRTOS.elf.dir/Components/FreeModbus/modbus/mb.c.obj
                0x20000a8c                pxMBPortCBTimerExpired
 .bss.DBG_Flag  0x20000a90        0x1 CMakeFiles/FreeRTOS.elf.dir/Components/protocols/app_dbg/user_protocol_dbg.c.obj
                0x20000a90                DBG_Flag
 *fill*         0x20000a91        0x3 
 .bss.DBG_Para_Mark
                0x20000a94        0x6 CMakeFiles/FreeRTOS.elf.dir/Components/protocols/app_dbg/user_protocol_dbg.c.obj
                0x20000a94                DBG_Para_Mark
 *fill*         0x20000a9a        0x2 
 .bss.KVP_Write
                0x20000a9c       0x30 CMakeFiles/FreeRTOS.elf.dir/Components/protocols/app_dbg/user_protocol_dbg.c.obj
                0x20000a9c                KVP_Write
 .bss.Recv_Buff_DBG
                0x20000acc      0x100 CMakeFiles/FreeRTOS.elf.dir/Components/protocols/app_dbg/user_protocol_dbg.c.obj
 .bss.Version_buff
                0x20000bcc       0x80 CMakeFiles/FreeRTOS.elf.dir/Components/protocols/app_dbg/user_protocol_dbg.c.obj
 .bss.count     0x20000c4c        0x1 CMakeFiles/FreeRTOS.elf.dir/Components/protocols/app_dbg/user_protocol_dbg.c.obj
 *fill*         0x20000c4d        0x3 
 .bss.hdma_spi1_rx
                0x20000c50       0x44 CMakeFiles/FreeRTOS.elf.dir/Core/Src/spi.c.obj
                0x20000c50                hdma_spi1_rx
 .bss.hdma_spi1_tx
                0x20000c94       0x44 CMakeFiles/FreeRTOS.elf.dir/Core/Src/spi.c.obj
                0x20000c94                hdma_spi1_tx
 .bss.hspi1     0x20000cd8       0x58 CMakeFiles/FreeRTOS.elf.dir/Core/Src/spi.c.obj
                0x20000cd8                hspi1
 .bss.htim1     0x20000d30       0x48 CMakeFiles/FreeRTOS.elf.dir/Core/Src/stm32f1xx_hal_timebase_tim.c.obj
                0x20000d30                htim1
 .bss.heap_end.0
                0x20000d78        0x4 CMakeFiles/FreeRTOS.elf.dir/Core/Src/syscalls.c.obj
 .bss.htim2     0x20000d7c       0x48 CMakeFiles/FreeRTOS.elf.dir/Core/Src/tim.c.obj
                0x20000d7c                htim2
 .bss.huart1    0x20000dc4       0x48 CMakeFiles/FreeRTOS.elf.dir/Core/Src/usart.c.obj
                0x20000dc4                huart1
 .bss.huart2    0x20000e0c       0x48 CMakeFiles/FreeRTOS.elf.dir/Core/Src/usart.c.obj
                0x20000e0c                huart2
 .bss.uwTick    0x20000e54        0x4 CMakeFiles/FreeRTOS.elf.dir/Drivers/STM32F1xx_HAL_Driver/Src/stm32f1xx_hal.c.obj
                0x20000e54                uwTick
 .bss.pFlash    0x20000e58       0x20 CMakeFiles/FreeRTOS.elf.dir/Drivers/STM32F1xx_HAL_Driver/Src/stm32f1xx_hal_flash.c.obj
                0x20000e58                pFlash
 .bss.Uart_Recv_Buff
                0x20000e78       0x64 CMakeFiles/FreeRTOS.elf.dir/User/app.c.obj
                0x20000e78                Uart_Recv_Buff
 .bss.__malloc_current_mallinfo
                0x20000edc       0x28 f:/gcc-arm-none-eabi-10.3-win32/bin/../lib/gcc/arm-none-eabi/10.3.1/../../../../arm-none-eabi/lib/thumb/v7-m/nofp\libc.a(lib_a-mallocr.o)
                0x20000edc                __malloc_current_mallinfo
 .bss.__malloc_max_sbrked_mem
                0x20000f04        0x4 f:/gcc-arm-none-eabi-10.3-win32/bin/../lib/gcc/arm-none-eabi/10.3.1/../../../../arm-none-eabi/lib/thumb/v7-m/nofp\libc.a(lib_a-mallocr.o)
                0x20000f04                __malloc_max_sbrked_mem
 .bss.__malloc_max_total_mem
                0x20000f08        0x4 f:/gcc-arm-none-eabi-10.3-win32/bin/../lib/gcc/arm-none-eabi/10.3.1/../../../../arm-none-eabi/lib/thumb/v7-m/nofp\libc.a(lib_a-mallocr.o)
                0x20000f08                __malloc_max_total_mem
 .bss.__malloc_top_pad
                0x20000f0c        0x4 f:/gcc-arm-none-eabi-10.3-win32/bin/../lib/gcc/arm-none-eabi/10.3.1/../../../../arm-none-eabi/lib/thumb/v7-m/nofp\libc.a(lib_a-mallocr.o)
                0x20000f0c                __malloc_top_pad
 .bss.__lock___atexit_recursive_mutex
                0x20000f10        0x1 f:/gcc-arm-none-eabi-10.3-win32/bin/../lib/gcc/arm-none-eabi/10.3.1/../../../../arm-none-eabi/lib/thumb/v7-m/nofp\libc.a(lib_a-lock.o)
                0x20000f10                __lock___atexit_recursive_mutex
 *fill*         0x20000f11        0x3 
 .bss.__lock___malloc_recursive_mutex
                0x20000f14        0x1 f:/gcc-arm-none-eabi-10.3-win32/bin/../lib/gcc/arm-none-eabi/10.3.1/../../../../arm-none-eabi/lib/thumb/v7-m/nofp\libc.a(lib_a-lock.o)
                0x20000f14                __lock___malloc_recursive_mutex
 *fill*         0x20000f15        0x3 
 .bss.__lock___sfp_recursive_mutex
                0x20000f18        0x1 f:/gcc-arm-none-eabi-10.3-win32/bin/../lib/gcc/arm-none-eabi/10.3.1/../../../../arm-none-eabi/lib/thumb/v7-m/nofp\libc.a(lib_a-lock.o)
                0x20000f18                __lock___sfp_recursive_mutex
 *fill*         0x20000f19        0x3 
 .bss.__lock___sinit_recursive_mutex
                0x20000f1c        0x1 f:/gcc-arm-none-eabi-10.3-win32/bin/../lib/gcc/arm-none-eabi/10.3.1/../../../../arm-none-eabi/lib/thumb/v7-m/nofp\libc.a(lib_a-lock.o)
                0x20000f1c                __lock___sinit_recursive_mutex
 *fill*         0x20000f1d        0x3 
 .bss.errno     0x20000f20        0x4 f:/gcc-arm-none-eabi-10.3-win32/bin/../lib/gcc/arm-none-eabi/10.3.1/../../../../arm-none-eabi/lib/thumb/v7-m/nofp\libc.a(lib_a-reent.o)
                0x20000f20                errno
 *(COMMON)
                0x20000f24                . = ALIGN (0x4)
                0x20000f24                _ebss = .
                0x20000f24                __bss_end__ = _ebss

._user_heap_stack
                0x20000f24      0x604 load address 0x0801be74
                0x20000f28                . = ALIGN (0x8)
 *fill*         0x20000f24        0x4 
                0x20000f28                PROVIDE (end = .)
                [!provide]                PROVIDE (_end = .)
                0x20001128                . = (. + _Min_Heap_Size)
 *fill*         0x20000f28      0x200 
                0x20001528                . = (. + _Min_Stack_Size)
 *fill*         0x20001128      0x400 
                0x20001528                . = ALIGN (0x8)

/DISCARD/
 libc.a(*)
 libm.a(*)
 libgcc.a(*)

.ARM.attributes
                0x00000000       0x29
 *(.ARM.attributes)
 .ARM.attributes
                0x00000000       0x1d f:/gcc-arm-none-eabi-10.3-win32/bin/../lib/gcc/arm-none-eabi/10.3.1/thumb/v7-m/nofp/crti.o
 .ARM.attributes
                0x0000001d       0x2d f:/gcc-arm-none-eabi-10.3-win32/bin/../lib/gcc/arm-none-eabi/10.3.1/thumb/v7-m/nofp/crtbegin.o
 .ARM.attributes
                0x0000004a       0x2d CMakeFiles/FreeRTOS.elf.dir/Components/FreeModbus/modbus/mb.c.obj
 .ARM.attributes
                0x00000077       0x2d CMakeFiles/FreeRTOS.elf.dir/Components/protocols/app_dbg/user_protocol_dbg.c.obj
 .ARM.attributes
                0x000000a4       0x2d CMakeFiles/FreeRTOS.elf.dir/Components/protocols/driver/user_protocol.c.obj
 .ARM.attributes
                0x000000d1       0x2d CMakeFiles/FreeRTOS.elf.dir/Core/Src/dma.c.obj
 .ARM.attributes
                0x000000fe       0x2d CMakeFiles/FreeRTOS.elf.dir/Core/Src/gpio.c.obj
 .ARM.attributes
                0x0000012b       0x2d CMakeFiles/FreeRTOS.elf.dir/Core/Src/main.c.obj
 .ARM.attributes
                0x00000158       0x2d CMakeFiles/FreeRTOS.elf.dir/Core/Src/spi.c.obj
 .ARM.attributes
                0x00000185       0x2d CMakeFiles/FreeRTOS.elf.dir/Core/Src/stm32f1xx_hal_msp.c.obj
 .ARM.attributes
                0x000001b2       0x2d CMakeFiles/FreeRTOS.elf.dir/Core/Src/stm32f1xx_hal_timebase_tim.c.obj
 .ARM.attributes
                0x000001df       0x2d CMakeFiles/FreeRTOS.elf.dir/Core/Src/stm32f1xx_it.c.obj
 .ARM.attributes
                0x0000020c       0x2d CMakeFiles/FreeRTOS.elf.dir/Core/Src/syscalls.c.obj
 .ARM.attributes
                0x00000239       0x2d CMakeFiles/FreeRTOS.elf.dir/Core/Src/system_stm32f1xx.c.obj
 .ARM.attributes
                0x00000266       0x2d CMakeFiles/FreeRTOS.elf.dir/Core/Src/tim.c.obj
 .ARM.attributes
                0x00000293       0x2d CMakeFiles/FreeRTOS.elf.dir/Core/Src/usart.c.obj
 .ARM.attributes
                0x000002c0       0x2d CMakeFiles/FreeRTOS.elf.dir/Drivers/STM32F1xx_HAL_Driver/Src/stm32f1xx_hal.c.obj
 .ARM.attributes
                0x000002ed       0x2d CMakeFiles/FreeRTOS.elf.dir/Drivers/STM32F1xx_HAL_Driver/Src/stm32f1xx_hal_cortex.c.obj
 .ARM.attributes
                0x0000031a       0x2d CMakeFiles/FreeRTOS.elf.dir/Drivers/STM32F1xx_HAL_Driver/Src/stm32f1xx_hal_dma.c.obj
 .ARM.attributes
                0x00000347       0x2d CMakeFiles/FreeRTOS.elf.dir/Drivers/STM32F1xx_HAL_Driver/Src/stm32f1xx_hal_flash.c.obj
 .ARM.attributes
                0x00000374       0x2d CMakeFiles/FreeRTOS.elf.dir/Drivers/STM32F1xx_HAL_Driver/Src/stm32f1xx_hal_flash_ex.c.obj
 .ARM.attributes
                0x000003a1       0x2d CMakeFiles/FreeRTOS.elf.dir/Drivers/STM32F1xx_HAL_Driver/Src/stm32f1xx_hal_gpio.c.obj
 .ARM.attributes
                0x000003ce       0x2d CMakeFiles/FreeRTOS.elf.dir/Drivers/STM32F1xx_HAL_Driver/Src/stm32f1xx_hal_rcc.c.obj
 .ARM.attributes
                0x000003fb       0x2d CMakeFiles/FreeRTOS.elf.dir/Drivers/STM32F1xx_HAL_Driver/Src/stm32f1xx_hal_spi.c.obj
 .ARM.attributes
                0x00000428       0x2d CMakeFiles/FreeRTOS.elf.dir/Drivers/STM32F1xx_HAL_Driver/Src/stm32f1xx_hal_tim.c.obj
 .ARM.attributes
                0x00000455       0x2d CMakeFiles/FreeRTOS.elf.dir/Drivers/STM32F1xx_HAL_Driver/Src/stm32f1xx_hal_tim_ex.c.obj
 .ARM.attributes
                0x00000482       0x2d CMakeFiles/FreeRTOS.elf.dir/Drivers/STM32F1xx_HAL_Driver/Src/stm32f1xx_hal_uart.c.obj
 .ARM.attributes
                0x000004af       0x2d CMakeFiles/FreeRTOS.elf.dir/User/app.c.obj
 .ARM.attributes
                0x000004dc       0x2d CMakeFiles/FreeRTOS.elf.dir/User/app_flash.c.obj
 .ARM.attributes
                0x00000509       0x2d CMakeFiles/FreeRTOS.elf.dir/User/app_it.c.obj
 .ARM.attributes
                0x00000536       0x21 CMakeFiles/FreeRTOS.elf.dir/startup/startup_stm32f103xe.s.obj
 .ARM.attributes
                0x00000557       0x1d f:/gcc-arm-none-eabi-10.3-win32/bin/../lib/gcc/arm-none-eabi/10.3.1/thumb/v7-m/nofp\libgcc.a(_aeabi_uldivmod.o)
 .ARM.attributes