Archive member included to satisfy reference by file (symbol)

f:/gcc-arm-none-eabi-10.3-win32/bin/../lib/gcc/arm-none-eabi/10.3.1/thumb/v7-m/nofp\libgcc.a(_aeabi_uldivmod.o)
                              CMakeFiles/FressRTOS.elf.dir/GUI/lvgl/src/misc/lv_printf.c.obj (__aeabi_uldivmod)
f:/gcc-arm-none-eabi-10.3-win32/bin/../lib/gcc/arm-none-eabi/10.3.1/thumb/v7-m/nofp\libgcc.a(_udivmoddi4.o)
                              f:/gcc-arm-none-eabi-10.3-win32/bin/../lib/gcc/arm-none-eabi/10.3.1/thumb/v7-m/nofp\libgcc.a(_aeabi_uldivmod.o) (__udivmoddi4)
f:/gcc-arm-none-eabi-10.3-win32/bin/../lib/gcc/arm-none-eabi/10.3.1/thumb/v7-m/nofp\libgcc.a(_dvmd_tls.o)
                              f:/gcc-arm-none-eabi-10.3-win32/bin/../lib/gcc/arm-none-eabi/10.3.1/thumb/v7-m/nofp\libgcc.a(_aeabi_uldivmod.o) (__aeabi_ldiv0)
f:/gcc-arm-none-eabi-10.3-win32/bin/../lib/gcc/arm-none-eabi/10.3.1/../../../../arm-none-eabi/lib/thumb/v7-m/nofp\libg.a(lib_a-assert.o)
                              CMakeFiles/FressRTOS.elf.dir/Components/FreeModbus/modbus/functions/mbutils.c.obj (__assert_func)
f:/gcc-arm-none-eabi-10.3-win32/bin/../lib/gcc/arm-none-eabi/10.3.1/../../../../arm-none-eabi/lib/thumb/v7-m/nofp\libg.a(lib_a-errno.o)
                              CMakeFiles/FressRTOS.elf.dir/Core/Src/syscalls.c.obj (__errno)
f:/gcc-arm-none-eabi-10.3-win32/bin/../lib/gcc/arm-none-eabi/10.3.1/../../../../arm-none-eabi/lib/thumb/v7-m/nofp\libg.a(lib_a-exit.o)
                              f:/gcc-arm-none-eabi-10.3-win32/bin/../lib/gcc/arm-none-eabi/10.3.1/../../../../arm-none-eabi/lib/thumb/v7-m/nofp/crt0.o (exit)
f:/gcc-arm-none-eabi-10.3-win32/bin/../lib/gcc/arm-none-eabi/10.3.1/../../../../arm-none-eabi/lib/thumb/v7-m/nofp\libg.a(lib_a-fiprintf.o)
                              f:/gcc-arm-none-eabi-10.3-win32/bin/../lib/gcc/arm-none-eabi/10.3.1/../../../../arm-none-eabi/lib/thumb/v7-m/nofp\libg.a(lib_a-assert.o) (fiprintf)
f:/gcc-arm-none-eabi-10.3-win32/bin/../lib/gcc/arm-none-eabi/10.3.1/../../../../arm-none-eabi/lib/thumb/v7-m/nofp\libg.a(lib_a-impure.o)
                              f:/gcc-arm-none-eabi-10.3-win32/bin/../lib/gcc/arm-none-eabi/10.3.1/../../../../arm-none-eabi/lib/thumb/v7-m/nofp\libg.a(lib_a-exit.o) (_global_impure_ptr)
f:/gcc-arm-none-eabi-10.3-win32/bin/../lib/gcc/arm-none-eabi/10.3.1/../../../../arm-none-eabi/lib/thumb/v7-m/nofp\libg.a(lib_a-init.o)
                              f:/gcc-arm-none-eabi-10.3-win32/bin/../lib/gcc/arm-none-eabi/10.3.1/../../../../arm-none-eabi/lib/thumb/v7-m/nofp/crt0.o (__libc_init_array)
f:/gcc-arm-none-eabi-10.3-win32/bin/../lib/gcc/arm-none-eabi/10.3.1/../../../../arm-none-eabi/lib/thumb/v7-m/nofp\libg.a(lib_a-malloc.o)
                              CMakeFiles/FressRTOS.elf.dir/BSP/LCD/GUI_DEV/GUI_Paint.c.obj (malloc)
f:/gcc-arm-none-eabi-10.3-win32/bin/../lib/gcc/arm-none-eabi/10.3.1/../../../../arm-none-eabi/lib/thumb/v7-m/nofp\libg.a(lib_a-mallocr.o)
                              f:/gcc-arm-none-eabi-10.3-win32/bin/../lib/gcc/arm-none-eabi/10.3.1/../../../../arm-none-eabi/lib/thumb/v7-m/nofp\libg.a(lib_a-malloc.o) (_malloc_r)
f:/gcc-arm-none-eabi-10.3-win32/bin/../lib/gcc/arm-none-eabi/10.3.1/../../../../arm-none-eabi/lib/thumb/v7-m/nofp\libg.a(lib_a-memchr-stub.o)
                              CMakeFiles/FressRTOS.elf.dir/Components/EasyLogger/easylogger/src/elog.c.obj (memchr)
f:/gcc-arm-none-eabi-10.3-win32/bin/../lib/gcc/arm-none-eabi/10.3.1/../../../../arm-none-eabi/lib/thumb/v7-m/nofp\libg.a(lib_a-memcmp.o)
                              CMakeFiles/FressRTOS.elf.dir/Components/protocols/app_UART/user_protocol_Uart.c.obj (memcmp)
f:/gcc-arm-none-eabi-10.3-win32/bin/../lib/gcc/arm-none-eabi/10.3.1/../../../../arm-none-eabi/lib/thumb/v7-m/nofp\libg.a(lib_a-memcpy.o)
                              CMakeFiles/FressRTOS.elf.dir/BSP/LCD/GUI_DEV/GUI_Paint.c.obj (memcpy)
f:/gcc-arm-none-eabi-10.3-win32/bin/../lib/gcc/arm-none-eabi/10.3.1/../../../../arm-none-eabi/lib/thumb/v7-m/nofp\libg.a(lib_a-memmove.o)
                              CMakeFiles/FressRTOS.elf.dir/GUI/lvgl/src/extra/libs/qrcode/qrcodegen.c.obj (memmove)
f:/gcc-arm-none-eabi-10.3-win32/bin/../lib/gcc/arm-none-eabi/10.3.1/../../../../arm-none-eabi/lib/thumb/v7-m/nofp\libg.a(lib_a-memset.o)
                              f:/gcc-arm-none-eabi-10.3-win32/bin/../lib/gcc/arm-none-eabi/10.3.1/../../../../arm-none-eabi/lib/thumb/v7-m/nofp/crt0.o (memset)
f:/gcc-arm-none-eabi-10.3-win32/bin/../lib/gcc/arm-none-eabi/10.3.1/../../../../arm-none-eabi/lib/thumb/v7-m/nofp\libg.a(lib_a-mlock.o)
                              f:/gcc-arm-none-eabi-10.3-win32/bin/../lib/gcc/arm-none-eabi/10.3.1/../../../../arm-none-eabi/lib/thumb/v7-m/nofp\libg.a(lib_a-mallocr.o) (__malloc_lock)
f:/gcc-arm-none-eabi-10.3-win32/bin/../lib/gcc/arm-none-eabi/10.3.1/../../../../arm-none-eabi/lib/thumb/v7-m/nofp\libg.a(lib_a-printf.o)
                              CMakeFiles/FressRTOS.elf.dir/User/app_flash.c.obj (printf)
[...]
Memory Configuration

Name             Origin             Length             Attributes
RAM              0x20000000         0x00010000         xrw
FLASH            0x08000000         0x00040000         xr
*default*        0x00000000         0xffffffff

Linker script and memory map

LOAD f:/gcc-arm-none-eabi-10.3-win32/bin/../lib/gcc/arm-none-eabi/10.3.1/thumb/v7-m/nofp/crti.o
LOAD f:/gcc-arm-none-eabi-10.3-win32/bin/../lib/gcc/arm-none-eabi/10.3.1/thumb/v7-m/nofp/crtbegin.o
LOAD f:/gcc-arm-none-eabi-10.3-win32/bin/../lib/gcc/arm-none-eabi/10.3.1/../../../../arm-none-eabi/lib/thumb/v7-m/nofp/crt0.o
LOAD CMakeFiles/FressRTOS.elf.dir/BSP/LCD/Config/DEV_Config.c.obj
LOAD CMakeFiles/FressRTOS.elf.dir/BSP/LCD/Config/SPI_software.c.obj
LOAD CMakeFiles/FressRTOS.elf.dir/BSP/LCD/Fonts/font12.c.obj
LOAD CMakeFiles/FressRTOS.elf.dir/BSP/LCD/Fonts/font12CN.c.obj
LOAD CMakeFiles/FressRTOS.elf.dir/BSP/LCD/Fonts/font16.c.obj
LOAD CMakeFiles/FressRTOS.elf.dir/BSP/LCD/Fonts/font20.c.obj
LOAD CMakeFiles/FressRTOS.elf.dir/BSP/LCD/Fonts/font24.c.obj
LOAD CMakeFiles/FressRTOS.elf.dir/BSP/LCD/Fonts/font24CN.c.obj
LOAD CMakeFiles/FressRTOS.elf.dir/BSP/LCD/Fonts/font8.c.obj
LOAD CMakeFiles/FressRTOS.elf.dir/BSP/LCD/GUI_DEV/GUI_Paint.c.obj
LOAD CMakeFiles/FressRTOS.elf.dir/BSP/LCD/LCD/LCD_2inch4.c.obj
LOAD CMakeFiles/FressRTOS.elf.dir/BSP/LCD/example/LCD_2inch4_test.c.obj
LOAD CMakeFiles/FressRTOS.elf.dir/BSP/LCD/image/image.c.obj
LOAD CMakeFiles/FressRTOS.elf.dir/Components/EasyLogger/easylogger/port/elog_port.c.obj
LOAD CMakeFiles/FressRTOS.elf.dir/Components/EasyLogger/easylogger/src/elog.c.obj
LOAD CMakeFiles/FressRTOS.elf.dir/Components/EasyLogger/easylogger/src/elog_async.c.obj
LOAD CMakeFiles/FressRTOS.elf.dir/Components/EasyLogger/easylogger/src/elog_buf.c.obj
LOAD CMakeFiles/FressRTOS.elf.dir/Components/EasyLogger/easylogger/src/elog_utils.c.obj
LOAD CMakeFiles/FressRTOS.elf.dir/Components/FreeModbus/modbus/functions/mbfunccoils.c.obj
LOAD CMakeFiles/FressRTOS.elf.dir/Components/FreeModbus/modbus/functions/mbfuncdiag.c.obj
LOAD CMakeFiles/FressRTOS.elf.dir/Components/FreeModbus/modbus/functions/mbfuncdisc.c.obj
LOAD CMakeFiles/FressRTOS.elf.dir/Components/FreeModbus/modbus/functions/mbfuncholding.c.obj
LOAD CMakeFiles/FressRTOS.elf.dir/Components/FreeModbus/modbus/functions/mbfuncinput.c.obj
LOAD CMakeFiles/FressRTOS.elf.dir/Components/FreeModbus/modbus/functions/mbfuncother.c.obj
LOAD CMakeFiles/FressRTOS.elf.dir/Components/FreeModbus/modbus/functions/mbutils.c.obj
LOAD CMakeFiles/FressRTOS.elf.dir/Components/FreeModbus/modbus/mb.c.obj
LOAD CMakeFiles/FressRTOS.elf.dir/Components/FreeModbus/modbus/rtu/mbcrc.c.obj
LOAD CMakeFiles/FressRTOS.elf.dir/Components/FreeModbus/modbus/rtu/mbrtu.c.obj
LOAD CMakeFiles/FressRTOS.elf.dir/Components/FreeModbus/port/portevent.c.obj
LOAD CMakeFiles/FressRTOS.elf.dir/Components/FreeModbus/port/portserial.c.obj
LOAD CMakeFiles/FressRTOS.elf.dir/Components/FreeModbus/port/porttimer.c.obj
LOAD CMakeFiles/FressRTOS.elf.dir/Components/protocols/app_UART/user_protocol_Uart.c.obj
LOAD CMakeFiles/FressRTOS.elf.dir/Components/protocols/user_protocol.c.obj
LOAD CMakeFiles/FressRTOS.elf.dir/Core/Src/dma.c.obj
LOAD CMakeFiles/FressRTOS.elf.dir/Core/Src/gpio.c.obj
LOAD CMakeFiles/FressRTOS.elf.dir/Core/Src/main.c.obj
LOAD CMakeFiles/FressRTOS.elf.dir/Core/Src/spi.c.obj
LOAD CMakeFiles/FressRTOS.elf.dir/Core/Src/stm32f1xx_hal_msp.c.obj
LOAD CMakeFiles/FressRTOS.elf.dir/Core/Src/stm32f1xx_hal_timebase_tim.c.obj
LOAD CMakeFiles/FressRTOS.elf.dir/Core/Src/stm32f1xx_it.c.obj
LOAD CMakeFiles/FressRTOS.elf.dir/Core/Src/syscalls.c.obj
LOAD CMakeFiles/FressRTOS.elf.dir/Core/Src/system_stm32f1xx.c.obj
LOAD CMakeFiles/FressRTOS.elf.dir/Core/Src/tim.c.obj
LOAD CMakeFiles/FressRTOS.elf.dir/Core/Src/usart.c.obj
LOAD CMakeFiles/FressRTOS.elf.dir/Drivers/STM32F1xx_HAL_Driver/Src/stm32f1xx_hal.c.obj
LOAD CMakeFiles/FressRTOS.elf.dir/Drivers/STM32F1xx_HAL_Driver/Src/stm32f1xx_hal_cortex.c.obj
LOAD CMakeFiles/FressRTOS.elf.dir/Drivers/STM32F1xx_HAL_Driver/Src/stm32f1xx_hal_dma.c.obj
LOAD CMakeFiles/FressRTOS.elf.dir/Drivers/STM32F1xx_HAL_Driver/Src/stm32f1xx_hal_exti.c.obj
LOAD CMakeFiles/FressRTOS.elf.dir/Drivers/STM32F1xx_HAL_Driver/Src/stm32f1xx_hal_flash.c.obj
LOAD CMakeFiles/FressRTOS.elf.dir/Drivers/STM32F1xx_HAL_Driver/Src/stm32f1xx_hal_flash_ex.c.obj
LOAD CMakeFiles/FressRTOS.elf.dir/Drivers/STM32F1xx_HAL_Driver/Src/stm32f1xx_hal_gpio.c.obj
LOAD CMakeFiles/FressRTOS.elf.dir/Drivers/STM32F1xx_HAL_Driver/Src/stm32f1xx_hal_gpio_ex.c.obj
LOAD CMakeFiles/FressRTOS.elf.dir/Drivers/STM32F1xx_HAL_Driver/Src/stm32f1xx_hal_pwr.c.obj
LOAD CMakeFiles/FressRTOS.elf.dir/Drivers/STM32F1xx_HAL_Driver/Src/stm32f1xx_hal_rcc.c.obj
LOAD CMakeFiles/FressRTOS.elf.dir/Drivers/STM32F1xx_HAL_Driver/Src/stm32f1xx_hal_rcc_ex.c.obj
LOAD CMakeFiles/FressRTOS.elf.dir/Drivers/STM32F1xx_HAL_Driver/Src/stm32f1xx_hal_spi.c.obj
LOAD CMakeFiles/FressRTOS.elf.dir/Drivers/STM32F1xx_HAL_Driver/Src/stm32f1xx_hal_tim.c.obj
LOAD CMakeFiles/FressRTOS.elf.dir/Drivers/STM32F1xx_HAL_Driver/Src/stm32f1xx_hal_tim_ex.c.obj
LOAD CMakeFiles/FressRTOS.elf.dir/Drivers/STM32F1xx_HAL_Driver/Src/stm32f1xx_hal_uart.c.obj
LOAD CMakeFiles/FressRTOS.elf.dir/GUI/lvgl/src/core/lv_disp.c.obj
LOAD CMakeFiles/FressRTOS.elf.dir/GUI/lvgl/src/core/lv_event.c.obj
LOAD CMakeFiles/FressRTOS.elf.dir/GUI/lvgl/src/core/lv_group.c.obj
LOAD CMakeFiles/FressRTOS.elf.dir/GUI/lvgl/src/core/lv_indev.c.obj
LOAD CMakeFiles/FressRTOS.elf.dir/GUI/lvgl/src/core/lv_indev_scroll.c.obj
LOAD CMakeFiles/FressRTOS.elf.dir/GUI/lvgl/src/core/lv_obj.c.obj
LOAD CMakeFiles/FressRTOS.elf.dir/GUI/lvgl/src/core/lv_obj_class.c.obj
LOAD CMakeFiles/FressRTOS.elf.dir/GUI/lvgl/src/core/lv_obj_draw.c.obj
LOAD CMakeFiles/FressRTOS.elf.dir/GUI/lvgl/src/core/lv_obj_pos.c.obj
LOAD CMakeFiles/FressRTOS.elf.dir/GUI/lvgl/src/core/lv_obj_scroll.c.obj
LOAD CMakeFiles/FressRTOS.elf.dir/GUI/lvgl/src/core/lv_obj_style.c.obj
LOAD CMakeFiles/FressRTOS.elf.dir/GUI/lvgl/src/core/lv_obj_style_gen.c.obj
LOAD CMakeFiles/FressRTOS.elf.dir/GUI/lvgl/src/core/lv_obj_tree.c.obj
LOAD CMakeFiles/FressRTOS.elf.dir/GUI/lvgl/src/core/lv_refr.c.obj
LOAD CMakeFiles/FressRTOS.elf.dir/GUI/lvgl/src/core/lv_theme.c.obj
LOAD CMakeFiles/FressRTOS.elf.dir/GUI/lvgl/src/draw/arm2d/lv_gpu_arm2d.c.obj
LOAD CMakeFiles/FressRTOS.elf.dir/GUI/lvgl/src/draw/lv_draw.c.obj
LOAD CMakeFiles/FressRTOS.elf.dir/GUI/lvgl/src/draw/lv_draw_arc.c.obj
LOAD CMakeFiles/FressRTOS.elf.dir/GUI/lvgl/src/draw/lv_draw_img.c.obj
LOAD CMakeFiles/FressRTOS.elf.dir/GUI/lvgl/src/draw/lv_draw_label.c.obj
LOAD CMakeFiles/FressRTOS.elf.dir/GUI/lvgl/src/draw/lv_draw_layer.c.obj
LOAD CMakeFiles/FressRTOS.elf.dir/GUI/lvgl/src/draw/lv_draw_line.c.obj
LOAD CMakeFiles/FressRTOS.elf.dir/GUI/lvgl/src/draw/lv_draw_mask.c.obj
LOAD CMakeFiles/FressRTOS.elf.dir/GUI/lvgl/src/draw/lv_draw_rect.c.obj
LOAD CMakeFiles/FressRTOS.elf.dir/GUI/lvgl/src/draw/lv_draw_transform.c.obj
LOAD CMakeFiles/FressRTOS.elf.dir/GUI/lvgl/src/draw/lv_draw_triangle.c.obj
LOAD CMakeFiles/FressRTOS.elf.dir/GUI/lvgl/src/draw/lv_img_buf.c.obj
LOAD CMakeFiles/FressRTOS.elf.dir/GUI/lvgl/src/draw/lv_img_cache.c.obj
LOAD CMakeFiles/FressRTOS.elf.dir/GUI/lvgl/src/draw/lv_img_decoder.c.obj
LOAD CMakeFiles/FressRTOS.elf.dir/GUI/lvgl/src/draw/nxp/pxp/lv_draw_pxp.c.obj
LOAD CMakeFiles/FressRTOS.elf.dir/GUI/lvgl/src/draw/nxp/pxp/lv_draw_pxp_blend.c.obj
LOAD CMakeFiles/FressRTOS.elf.dir/GUI/lvgl/src/draw/nxp/pxp/lv_gpu_nxp_pxp.c.obj
LOAD CMakeFiles/FressRTOS.elf.dir/GUI/lvgl/src/draw/nxp/pxp/lv_gpu_nxp_pxp_osa.c.obj
LOAD CMakeFiles/FressRTOS.elf.dir/GUI/lvgl/src/draw/nxp/vglite/lv_draw_vglite.c.obj
LOAD CMakeFiles/FressRTOS.elf.dir/GUI/lvgl/src/draw/nxp/vglite/lv_draw_vglite_arc.c.obj
LOAD CMakeFiles/FressRTOS.elf.dir/GUI/lvgl/src/draw/nxp/vglite/lv_draw_vglite_blend.c.obj
LOAD CMakeFiles/FressRTOS.elf.dir/GUI/lvgl/src/draw/nxp/vglite/lv_draw_vglite_line.c.obj
LOAD CMakeFiles/FressRTOS.elf.dir/GUI/lvgl/src/draw/nxp/vglite/lv_draw_vglite_rect.c.obj
LOAD CMakeFiles/FressRTOS.elf.dir/GUI/lvgl/src/draw/nxp/vglite/lv_vglite_buf.c.obj
LOAD CMakeFiles/FressRTOS.elf.dir/GUI/lvgl/src/draw/nxp/vglite/lv_vglite_utils.c.obj
LOAD CMakeFiles/FressRTOS.elf.dir/GUI/lvgl/src/draw/sdl/lv_draw_sdl.c.obj
LOAD CMakeFiles/FressRTOS.elf.dir/GUI/lvgl/src/draw/sdl/lv_draw_sdl_arc.c.obj
LOAD CMakeFiles/FressRTOS.elf.dir/GUI/lvgl/src/draw/sdl/lv_draw_sdl_bg.c.obj
LOAD CMakeFiles/FressRTOS.elf.dir/GUI/lvgl/src/draw/sdl/lv_draw_sdl_composite.c.obj
LOAD CMakeFiles/FressRTOS.elf.dir/GUI/lvgl/src/draw/sdl/lv_draw_sdl_img.c.obj
LOAD CMakeFiles/FressRTOS.elf.dir/GUI/lvgl/src/draw/sdl/lv_draw_sdl_label.c.obj
LOAD CMakeFiles/FressRTOS.elf.dir/GUI/lvgl/src/draw/sdl/lv_draw_sdl_layer.c.obj
LOAD CMakeFiles/FressRTOS.elf.dir/GUI/lvgl/src/draw/sdl/lv_draw_sdl_line.c.obj
LOAD CMakeFiles/FressRTOS.elf.dir/GUI/lvgl/src/draw/sdl/lv_draw_sdl_mask.c.obj
LOAD CMakeFiles/FressRTOS.elf.dir/GUI/lvgl/src/draw/sdl/lv_draw_sdl_polygon.c.obj
LOAD CMakeFiles/FressRTOS.elf.dir/GUI/lvgl/src/draw/sdl/lv_draw_sdl_rect.c.obj
LOAD CMakeFiles/FressRTOS.elf.dir/GUI/lvgl/src/draw/sdl/lv_draw_sdl_stack_blur.c.obj
LOAD CMakeFiles/FressRTOS.elf.dir/GUI/lvgl/src/draw/sdl/lv_draw_sdl_texture_cache.c.obj
LOAD CMakeFiles/FressRTOS.elf.dir/GUI/lvgl/src/draw/sdl/lv_draw_sdl_utils.c.obj
LOAD CMakeFiles/FressRTOS.elf.dir/GUI/lvgl/src/draw/stm32_dma2d/lv_gpu_stm32_dma2d.c.obj
LOAD CMakeFiles/FressRTOS.elf.dir/GUI/lvgl/src/draw/sw/lv_draw_sw.c.obj
LOAD CMakeFiles/FressRTOS.elf.dir/GUI/lvgl/src/draw/sw/lv_draw_sw_arc.c.obj
LOAD CMakeFiles/FressRTOS.elf.dir/GUI/lvgl/src/draw/sw/lv_draw_sw_blend.c.obj
LOAD CMakeFiles/FressRTOS.elf.dir/GUI/lvgl/src/draw/sw/lv_draw_sw_dither.c.obj
LOAD CMakeFiles/FressRTOS.elf.dir/GUI/lvgl/src/draw/sw/lv_draw_sw_gradient.c.obj
LOAD CMakeFiles/FressRTOS.elf.dir/GUI/lvgl/src/draw/sw/lv_draw_sw_img.c.obj
LOAD CMakeFiles/FressRTOS.elf.dir/GUI/lvgl/src/draw/sw/lv_draw_sw_layer.c.obj
LOAD CMakeFiles/FressRTOS.elf.dir/GUI/lvgl/src/draw/sw/lv_draw_sw_letter.c.obj
LOAD CMakeFiles/FressRTOS.elf.dir/GUI/lvgl/src/draw/sw/lv_draw_sw_line.c.obj
LOAD CMakeFiles/FressRTOS.elf.dir/GUI/lvgl/src/draw/sw/lv_draw_sw_polygon.c.obj
LOAD CMakeFiles/FressRTOS.elf.dir/GUI/lvgl/src/draw/sw/lv_draw_sw_rect.c.obj
LOAD CMakeFiles/FressRTOS.elf.dir/GUI/lvgl/src/draw/sw/lv_draw_sw_transform.c.obj
LOAD CMakeFiles/FressRTOS.elf.dir/GUI/lvgl/src/draw/swm341_dma2d/lv_gpu_swm341_dma2d.c.obj
LOAD CMakeFiles/FressRTOS.elf.dir/GUI/lvgl/src/extra/layouts/flex/lv_flex.c.obj
LOAD CMakeFiles/FressRTOS.elf.dir/GUI/lvgl/src/extra/layouts/grid/lv_grid.c.obj
LOAD CMakeFiles/FressRTOS.elf.dir/GUI/lvgl/src/extra/libs/bmp/lv_bmp.c.obj
LOAD CMakeFiles/FressRTOS.elf.dir/GUI/lvgl/src/extra/libs/ffmpeg/lv_ffmpeg.c.obj
LOAD CMakeFiles/FressRTOS.elf.dir/GUI/lvgl/src/extra/libs/freetype/lv_freetype.c.obj
LOAD CMakeFiles/FressRTOS.elf.dir/GUI/lvgl/src/extra/libs/fsdrv/lv_fs_fatfs.c.obj
LOAD CMakeFiles/FressRTOS.elf.dir/GUI/lvgl/src/extra/libs/fsdrv/lv_fs_posix.c.obj
LOAD CMakeFiles/FressRTOS.elf.dir/GUI/lvgl/src/extra/libs/fsdrv/lv_fs_stdio.c.obj
LOAD CMakeFiles/FressRTOS.elf.dir/GUI/lvgl/src/extra/libs/fsdrv/lv_fs_win32.c.obj
LOAD CMakeFiles/FressRTOS.elf.dir/GUI/lvgl/src/extra/libs/gif/gifdec.c.obj
LOAD CMakeFiles/FressRTOS.elf.dir/GUI/lvgl/src/extra/libs/gif/lv_gif.c.obj
LOAD CMakeFiles/FressRTOS.elf.dir/GUI/lvgl/src/extra/libs/png/lodepng.c.obj
LOAD CMakeFiles/FressRTOS.elf.dir/GUI/lvgl/src/extra/libs/png/lv_png.c.obj
LOAD CMakeFiles/FressRTOS.elf.dir/GUI/lvgl/src/extra/libs/qrcode/lv_qrcode.c.obj
LOAD CMakeFiles/FressRTOS.elf.dir/GUI/lvgl/src/extra/libs/qrcode/qrcodegen.c.obj
LOAD CMakeFiles/FressRTOS.elf.dir/GUI/lvgl/src/extra/libs/rlottie/lv_rlottie.c.obj
LOAD CMakeFiles/FressRTOS.elf.dir/GUI/lvgl/src/extra/libs/sjpg/lv_sjpg.c.obj
LOAD CMakeFiles/FressRTOS.elf.dir/GUI/lvgl/src/extra/libs/sjpg/tjpgd.c.obj
LOAD CMakeFiles/FressRTOS.elf.dir/GUI/lvgl/src/extra/lv_extra.c.obj
LOAD CMakeFiles/FressRTOS.elf.dir/GUI/lvgl/src/extra/others/fragment/lv_fragment.c.obj
LOAD CMakeFiles/FressRTOS.elf.dir/GUI/lvgl/src/extra/others/fragment/lv_fragment_manager.c.obj
LOAD CMakeFiles/FressRTOS.elf.dir/GUI/lvgl/src/extra/others/gridnav/lv_gridnav.c.obj
LOAD CMakeFiles/FressRTOS.elf.dir/GUI/lvgl/src/extra/others/ime/lv_ime_pinyin.c.obj
LOAD CMakeFiles/FressRTOS.elf.dir/GUI/lvgl/src/extra/others/imgfont/lv_imgfont.c.obj
LOAD CMakeFiles/FressRTOS.elf.dir/GUI/lvgl/src/extra/others/monkey/lv_monkey.c.obj
LOAD CMakeFiles/FressRTOS.elf.dir/GUI/lvgl/src/extra/others/msg/lv_msg.c.obj
LOAD CMakeFiles/FressRTOS.elf.dir/GUI/lvgl/src/extra/others/snapshot/lv_snapshot.c.obj
LOAD CMakeFiles/FressRTOS.elf.dir/GUI/lvgl/src/extra/themes/basic/lv_theme_basic.c.obj
LOAD CMakeFiles/FressRTOS.elf.dir/GUI/lvgl/src/extra/themes/default/lv_theme_default.c.obj
LOAD CMakeFiles/FressRTOS.elf.dir/GUI/lvgl/src/extra/themes/mono/lv_theme_mono.c.obj
LOAD CMakeFiles/FressRTOS.elf.dir/GUI/lvgl/src/extra/widgets/animimg/lv_animimg.c.obj
LOAD CMakeFiles/FressRTOS.elf.dir/GUI/lvgl/src/extra/widgets/calendar/lv_calendar.c.obj
LOAD CMakeFiles/FressRTOS.elf.dir/GUI/lvgl/src/extra/widgets/calendar/lv_calendar_header_arrow.c.obj
LOAD CMakeFiles/FressRTOS.elf.dir/GUI/lvgl/src/extra/widgets/calendar/lv_calendar_header_dropdown.c.obj
LOAD CMakeFiles/FressRTOS.elf.dir/GUI/lvgl/src/extra/widgets/chart/lv_chart.c.obj
LOAD CMakeFiles/FressRTOS.elf.dir/GUI/lvgl/src/extra/widgets/colorwheel/lv_colorwheel.c.obj
LOAD CMakeFiles/FressRTOS.elf.dir/GUI/lvgl/src/extra/widgets/imgbtn/lv_imgbtn.c.obj
LOAD CMakeFiles/FressRTOS.elf.dir/GUI/lvgl/src/extra/widgets/keyboard/lv_keyboard.c.obj
LOAD CMakeFiles/FressRTOS.elf.dir/GUI/lvgl/src/extra/widgets/led/lv_led.c.obj
LOAD CMakeFiles/FressRTOS.elf.dir/GUI/lvgl/src/extra/widgets/list/lv_list.c.obj
LOAD CMakeFiles/FressRTOS.elf.dir/GUI/lvgl/src/extra/widgets/menu/lv_menu.c.obj
LOAD CMakeFiles/FressRTOS.elf.dir/GUI/lvgl/src/extra/widgets/meter/lv_meter.c.obj
LOAD CMakeFiles/FressRTOS.elf.dir/GUI/lvgl/src/extra/widgets/msgbox/lv_msgbox.c.obj
LOAD CMakeFiles/FressRTOS.elf.dir/GUI/lvgl/src/extra/widgets/span/lv_span.c.obj
LOAD CMakeFiles/FressRTOS.elf.dir/GUI/lvgl/src/extra/widgets/spinbox/lv_spinbox.c.obj
LOAD CMakeFiles/FressRTOS.elf.dir/GUI/lvgl/src/extra/widgets/spinner/lv_spinner.c.obj
LOAD CMakeFiles/FressRTOS.elf.dir/GUI/lvgl/src/extra/widgets/tabview/lv_tabview.c.obj
LOAD CMakeFiles/FressRTOS.elf.dir/GUI/lvgl/src/extra/widgets/tileview/lv_tileview.c.obj
LOAD CMakeFiles/FressRTOS.elf.dir/GUI/lvgl/src/extra/widgets/win/lv_win.c.obj
LOAD CMakeFiles/FressRTOS.elf.dir/GUI/lvgl/src/font/lv_font.c.obj
LOAD CMakeFiles/FressRTOS.elf.dir/GUI/lvgl/src/font/lv_font_dejavu_16_persian_hebrew.c.obj
LOAD CMakeFiles/FressRTOS.elf.dir/GUI/lvgl/src/font/lv_font_fmt_txt.c.obj
LOAD CMakeFiles/FressRTOS.elf.dir/GUI/lvgl/src/font/lv_font_loader.c.obj
LOAD CMakeFiles/FressRTOS.elf.dir/GUI/lvgl/src/font/lv_font_montserrat_10.c.obj
LOAD CMakeFiles/FressRTOS.elf.dir/GUI/lvgl/src/font/lv_font_montserrat_12.c.obj
LOAD CMakeFiles/FressRTOS.elf.dir/GUI/lvgl/src/font/lv_font_montserrat_12_subpx.c.obj
LOAD CMakeFiles/FressRTOS.elf.dir/GUI/lvgl/src/font/lv_font_montserrat_14.c.obj
LOAD CMakeFiles/FressRTOS.elf.dir/GUI/lvgl/src/font/lv_font_montserrat_16.c.obj
LOAD CMakeFiles/FressRTOS.elf.dir/GUI/lvgl/src/font/lv_font_montserrat_18.c.obj
LOAD CMakeFiles/FressRTOS.elf.dir/GUI/lvgl/src/font/lv_font_montserrat_20.c.obj
LOAD CMakeFiles/FressRTOS.elf.dir/GUI/lvgl/src/font/lv_font_montserrat_22.c.obj
LOAD CMakeFiles/FressRTOS.elf.dir/GUI/lvgl/src/font/lv_font_montserrat_24.c.obj
LOAD CMakeFiles/FressRTOS.elf.dir/GUI/lvgl/src/font/lv_font_montserrat_26.c.obj
LOAD CMakeFiles/FressRTOS.elf.dir/GUI/lvgl/src/font/lv_font_montserrat_28.c.obj
LOAD CMakeFiles/FressRTOS.elf.dir/GUI/lvgl/src/font/lv_font_montserrat_28_compressed.c.obj
LOAD CMakeFiles/FressRTOS.elf.dir/GUI/lvgl/src/font/lv_font_montserrat_30.c.obj
LOAD CMakeFiles/FressRTOS.elf.dir/GUI/lvgl/src/font/lv_font_montserrat_32.c.obj
LOAD CMakeFiles/FressRTOS.elf.dir/GUI/lvgl/src/font/lv_font_montserrat_34.c.obj
LOAD CMakeFiles/FressRTOS.elf.dir/GUI/lvgl/src/font/lv_font_montserrat_36.c.obj
LOAD CMakeFiles/FressRTOS.elf.dir/GUI/lvgl/src/font/lv_font_montserrat_38.c.obj
LOAD CMakeFiles/FressRTOS.elf.dir/GUI/lvgl/src/font/lv_font_montserrat_40.c.obj
LOAD CMakeFiles/FressRTOS.elf.dir/GUI/lvgl/src/font/lv_font_montserrat_42.c.obj
LOAD CMakeFiles/FressRTOS.elf.dir/GUI/lvgl/src/font/lv_font_montserrat_44.c.obj
LOAD CMakeFiles/FressRTOS.elf.dir/GUI/lvgl/src/font/lv_font_montserrat_46.c.obj
LOAD CMakeFiles/FressRTOS.elf.dir/GUI/lvgl/src/font/lv_font_montserrat_48.c.obj
LOAD CMakeFiles/FressRTOS.elf.dir/GUI/lvgl/src/font/lv_font_montserrat_8.c.obj
LOAD CMakeFiles/FressRTOS.elf.dir/GUI/lvgl/src/font/lv_font_simsun_16_cjk.c.obj
LOAD CMakeFiles/FressRTOS.elf.dir/GUI/lvgl/src/font/lv_font_unscii_16.c.obj
LOAD CMakeFiles/FressRTOS.elf.dir/GUI/lvgl/src/font/lv_font_unscii_8.c.obj
LOAD CMakeFiles/FressRTOS.elf.dir/GUI/lvgl/src/hal/lv_hal_disp.c.obj
LOAD CMakeFiles/FressRTOS.elf.dir/GUI/lvgl/src/hal/lv_hal_indev.c.obj
LOAD CMakeFiles/FressRTOS.elf.dir/GUI/lvgl/src/hal/lv_hal_tick.c.obj
LOAD CMakeFiles/FressRTOS.elf.dir/GUI/lvgl/src/misc/lv_anim.c.obj
LOAD CMakeFiles/FressRTOS.elf.dir/GUI/lvgl/src/misc/lv_anim_timeline.c.obj
LOAD CMakeFiles/FressRTOS.elf.dir/GUI/lvgl/src/misc/lv_area.c.obj
LOAD CMakeFiles/FressRTOS.elf.dir/GUI/lvgl/src/misc/lv_async.c.obj
LOAD CMakeFiles/FressRTOS.elf.dir/GUI/lvgl/src/misc/lv_bidi.c.obj
LOAD CMakeFiles/FressRTOS.elf.dir/GUI/lvgl/src/misc/lv_color.c.obj
LOAD CMakeFiles/FressRTOS.elf.dir/GUI/lvgl/src/misc/lv_fs.c.obj
LOAD CMakeFiles/FressRTOS.elf.dir/GUI/lvgl/src/misc/lv_gc.c.obj
LOAD CMakeFiles/FressRTOS.elf.dir/GUI/lvgl/src/misc/lv_ll.c.obj
LOAD CMakeFiles/FressRTOS.elf.dir/GUI/lvgl/src/misc/lv_log.c.obj
LOAD CMakeFiles/FressRTOS.elf.dir/GUI/lvgl/src/misc/lv_lru.c.obj
LOAD CMakeFiles/FressRTOS.elf.dir/GUI/lvgl/src/misc/lv_math.c.obj
LOAD CMakeFiles/FressRTOS.elf.dir/GUI/lvgl/src/misc/lv_mem.c.obj
LOAD CMakeFiles/FressRTOS.elf.dir/GUI/lvgl/src/misc/lv_printf.c.obj
LOAD CMakeFiles/FressRTOS.elf.dir/GUI/lvgl/src/misc/lv_style.c.obj
LOAD CMakeFiles/FressRTOS.elf.dir/GUI/lvgl/src/misc/lv_style_gen.c.obj
LOAD CMakeFiles/FressRTOS.elf.dir/GUI/lvgl/src/misc/lv_templ.c.obj
LOAD CMakeFiles/FressRTOS.elf.dir/GUI/lvgl/src/misc/lv_timer.c.obj
LOAD CMakeFiles/FressRTOS.elf.dir/GUI/lvgl/src/misc/lv_tlsf.c.obj
LOAD CMakeFiles/FressRTOS.elf.dir/GUI/lvgl/src/misc/lv_txt.c.obj
LOAD CMakeFiles/FressRTOS.elf.dir/GUI/lvgl/src/misc/lv_txt_ap.c.obj
LOAD CMakeFiles/FressRTOS.elf.dir/GUI/lvgl/src/misc/lv_utils.c.obj
LOAD CMakeFiles/FressRTOS.elf.dir/GUI/lvgl/src/widgets/lv_arc.c.obj
LOAD CMakeFiles/FressRTOS.elf.dir/GUI/lvgl/src/widgets/lv_bar.c.obj
LOAD CMakeFiles/FressRTOS.elf.dir/GUI/lvgl/src/widgets/lv_btn.c.obj
LOAD CMakeFiles/FressRTOS.elf.dir/GUI/lvgl/src/widgets/lv_btnmatrix.c.obj
LOAD CMakeFiles/FressRTOS.elf.dir/GUI/lvgl/src/widgets/lv_canvas.c.obj
LOAD CMakeFiles/FressRTOS.elf.dir/GUI/lvgl/src/widgets/lv_checkbox.c.obj
LOAD CMakeFiles/FressRTOS.elf.dir/GUI/lvgl/src/widgets/lv_dropdown.c.obj
LOAD CMakeFiles/FressRTOS.elf.dir/GUI/lvgl/src/widgets/lv_img.c.obj
LOAD CMakeFiles/FressRTOS.elf.dir/GUI/lvgl/src/widgets/lv_label.c.obj
LOAD CMakeFiles/FressRTOS.elf.dir/GUI/lvgl/src/widgets/lv_line.c.obj
LOAD CMakeFiles/FressRTOS.elf.dir/GUI/lvgl/src/widgets/lv_objx_templ.c.obj
LOAD CMakeFiles/FressRTOS.elf.dir/GUI/lvgl/src/widgets/lv_roller.c.obj
LOAD CMakeFiles/FressRTOS.elf.dir/GUI/lvgl/src/widgets/lv_slider.c.obj
LOAD CMakeFiles/FressRTOS.elf.dir/GUI/lvgl/src/widgets/lv_switch.c.obj
LOAD CMakeFiles/FressRTOS.elf.dir/GUI/lvgl/src/widgets/lv_table.c.obj
LOAD CMakeFiles/FressRTOS.elf.dir/GUI/lvgl/src/widgets/lv_textarea.c.obj
LOAD CMakeFiles/FressRTOS.elf.dir/GUI/lvgl_app/lvgl_app.c.obj
LOAD CMakeFiles/FressRTOS.elf.dir/GUI/lvgl_font_custom/lv_font_heiti_14.c.obj
LOAD CMakeFiles/FressRTOS.elf.dir/GUI/lvgl_font_custom/lv_font_heiti_18.c.obj
LOAD CMakeFiles/FressRTOS.elf.dir/GUI/lvgl_font_custom/lv_font_heiti_26.c.obj
LOAD CMakeFiles/FressRTOS.elf.dir/GUI/porting/lv_port_disp.c.obj
LOAD CMakeFiles/FressRTOS.elf.dir/GUI/porting/lv_port_fs_template.c.obj
LOAD CMakeFiles/FressRTOS.elf.dir/GUI/porting/lv_port_indev_template.c.obj
LOAD CMakeFiles/FressRTOS.elf.dir/Middlewares/croutine.c.obj
LOAD CMakeFiles/FressRTOS.elf.dir/Middlewares/event_groups.c.obj
LOAD CMakeFiles/FressRTOS.elf.dir/Middlewares/list.c.obj
LOAD CMakeFiles/FressRTOS.elf.dir/Middlewares/portable/GCC/ARM_CM3/port.c.obj
LOAD CMakeFiles/FressRTOS.elf.dir/Middlewares/portable/MemMang/heap_4.c.obj
LOAD CMakeFiles/FressRTOS.elf.dir/Middlewares/queue.c.obj
LOAD CMakeFiles/FressRTOS.elf.dir/Middlewares/stream_buffer.c.obj
LOAD CMakeFiles/FressRTOS.elf.dir/Middlewares/tasks.c.obj
LOAD CMakeFiles/FressRTOS.elf.dir/Middlewares/timers.c.obj
LOAD CMakeFiles/FressRTOS.elf.dir/User/app.c.obj
LOAD CMakeFiles/FressRTOS.elf.dir/User/app_flash.c.obj
LOAD CMakeFiles/FressRTOS.elf.dir/User/app_it.c.obj
LOAD CMakeFiles/FressRTOS.elf.dir/User/app_task.c.obj
LOAD CMakeFiles/FressRTOS.elf.dir/User/mb_task.c.obj
LOAD CMakeFiles/FressRTOS.elf.dir/startup/startup_stm32f103xe.s.obj
START GROUP
LOAD f:/gcc-arm-none-eabi-10.3-win32/bin/../lib/gcc/arm-none-eabi/10.3.1/thumb/v7-m/nofp\libgcc.a
LOAD f:/gcc-arm-none-eabi-10.3-win32/bin/../lib/gcc/arm-none-eabi/10.3.1/../../../../arm-none-eabi/lib/thumb/v7-m/nofp\libg.a
LOAD f:/gcc-arm-none-eabi-10.3-win32/bin/../lib/gcc/arm-none-eabi/10.3.1/../../../../arm-none-eabi/lib/thumb/v7-m/nofp\libc.a
END GROUP
LOAD f:/gcc-arm-none-eabi-10.3-win32/bin/../lib/gcc/arm-none-eabi/10.3.1/thumb/v7-m/nofp/crtend.o
LOAD f:/gcc-arm-none-eabi-10.3-win32/bin/../lib/gcc/arm-none-eabi/10.3.1/thumb/v7-m/nofp/crtn.o
                0x20010000                _estack = 0x20010000
                0x00000200                _Min_Heap_Size = 0x200
                0x00000400                _Min_Stack_Size = 0x400

.isr_vector     0x08000000      0x1e4
                0x08000000                . = ALIGN (0x4)
 *(.isr_vector)
 .isr_vector    0x08000000      0x1e4 CMakeFiles/FressRTOS.elf.dir/startup/startup_stm32f103xe.s.obj
                0x08000000                g_pfnVectors
                0x080001e4                . = ALIGN (0x4)

.text           0x080001f0    0x280cc
                0x080001f0                . = ALIGN (0x4)
 *(.text)
 .text          0x080001f0       0x40 f:/gcc-arm-none-eabi-10.3-win32/bin/../lib/gcc/arm-none-eabi/10.3.1/thumb/v7-m/nofp/crtbegin.o
 .text          0x08000230       0x30 f:/gcc-arm-none-eabi-10.3-win32/bin/../lib/gcc/arm-none-eabi/10.3.1/thumb/v7-m/nofp\libgcc.a(_aeabi_uldivmod.o)
                0x08000230                __aeabi_uldivmod
 .text          0x08000260      0x2d4 f:/gcc-arm-none-eabi-10.3-win32/bin/../lib/gcc/arm-none-eabi/10.3.1/thumb/v7-m/nofp\libgcc.a(_udivmoddi4.o)
                0x08000260                __udivmoddi4
 .text          0x08000534        0x4 f:/gcc-arm-none-eabi-10.3-win32/bin/../lib/gcc/arm-none-eabi/10.3.1/thumb/v7-m/nofp\libgcc.a(_dvmd_tls.o)
                0x08000534                __aeabi_idiv0
                0x08000534                __aeabi_ldiv0
 .text          0x08000538       0xec f:/gcc-arm-none-eabi-10.3-win32/bin/../lib/gcc/arm-none-eabi/10.3.1/../../../../arm-none-eabi/lib/thumb/v7-m/nofp\libg.a(lib_a-memcpy.o)
                0x08000538                memcpy
 .text          0x08000624      0x1bc f:/gcc-arm-none-eabi-10.3-win32/bin/../lib/gcc/arm-none-eabi/10.3.1/../../../../arm-none-eabi/lib/thumb/v7-m/nofp\libg.a(lib_a-strcmp.o)
                0x08000624                strcmp
 .text          0x080007e0      0x378 f:/gcc-arm-none-eabi-10.3-win32/bin/../lib/gcc/arm-none-eabi/10.3.1/thumb/v7-m/nofp\libgcc.a(_arm_addsubdf3.o)
                0x080007e0                __aeabi_drsub
                0x080007e8                __aeabi_dsub
                0x080007e8                __subdf3
                0x080007ec                __aeabi_dadd
                0x080007ec                __adddf3
                0x08000a64                __floatunsidf
                0x08000a64                __aeabi_ui2d
                0x08000a84                __floatsidf
                0x08000a84                __aeabi_i2d
                0x08000aa8                __aeabi_f2d
                0x08000aa8                __extendsfdf2
                0x08000aec                __floatundidf
                0x08000aec                __aeabi_ul2d
                0x08000afc                __floatdidf
                0x08000afc                __aeabi_l2d
 .text          0x08000b58      0x424 f:/gcc-arm-none-eabi-10.3-win32/bin/../lib/gcc/arm-none-eabi/10.3.1/thumb/v7-m/nofp\libgcc.a(_arm_muldivdf3.o)
                0x08000b58                __aeabi_dmul
                0x08000b58                __muldf3
                0x08000dac                __divdf3
                0x08000dac                __aeabi_ddiv
 .text          0x08000f7c      0x110 f:/gcc-arm-none-eabi-10.3-win32/bin/../lib/gcc/arm-none-eabi/10.3.1/thumb/v7-m/nofp\libgcc.a(_arm_cmpdf2.o)
                0x08000f7c                __gtdf2
                0x08000f7c                __gedf2
                0x08000f84                __ltdf2
                0x08000f84                __ledf2
                0x08000f8c                __nedf2
                0x08000f8c                __eqdf2
                0x08000f8c                __cmpdf2
                0x08001008                __aeabi_cdrcmple
                0x08001018                __aeabi_cdcmpeq
                0x08001018                __aeabi_cdcmple
                0x08001028                __aeabi_dcmpeq
                0x0800103c                __aeabi_dcmplt
                0x08001050                __aeabi_dcmple
                0x08001064                __aeabi_dcmpge
                0x08001078                __aeabi_dcmpgt
 .text          0x0800108c       0x2c f:/gcc-arm-none-eabi-10.3-win32/bin/../lib/gcc/arm-none-eabi/10.3.1/thumb/v7-m/nofp\libgcc.a(_arm_unorddf2.o)
                0x0800108c                __unorddf2
                0x0800108c                __aeabi_dcmpun
 .text          0x080010b8       0x50 f:/gcc-arm-none-eabi-10.3-win32/bin/../lib/gcc/arm-none-eabi/10.3.1/thumb/v7-m/nofp\libgcc.a(_arm_fixdfsi.o)
                0x080010b8                __aeabi_d2iz
                0x080010b8                __fixdfsi
 *(.text*)
 .text.DEV_SPI_WRite
                0x08001108       0x20 CMakeFiles/FressRTOS.elf.dir/BSP/LCD/Config/DEV_Config.c.obj
                0x08001108                DEV_SPI_WRite
 .text.DEV_Module_Init
                0x08001128       0x24 CMakeFiles/FressRTOS.elf.dir/BSP/LCD/Config/DEV_Config.c.obj
                0x08001128                DEV_Module_Init
 .text.Paint_NewImage
                0x0800114c       0x30 CMakeFiles/FressRTOS.elf.dir/BSP/LCD/GUI_DEV/GUI_Paint.c.obj
                0x0800114c                Paint_NewImage
 .text.Paint_SetClearFuntion
                0x0800117c        0xc CMakeFiles/FressRTOS.elf.dir/BSP/LCD/GUI_DEV/GUI_Paint.c.obj
                0x0800117c                Paint_SetClearFuntion
 .text.Paint_SetDisplayFuntion
                0x08001188        0xc CMakeFiles/FressRTOS.elf.dir/BSP/LCD/GUI_DEV/GUI_Paint.c.obj
                0x08001188                Paint_SetDisplayFuntion
 .text.Paint_SetRotate
                0x08001194       0x64 CMakeFiles/FressRTOS.elf.dir/BSP/LCD/GUI_DEV/GUI_Paint.c.obj
                0x08001194                Paint_SetRotate
 .text.LCD_2IN4_WriteData_Byte
                0x080011f8       0x1c CMakeFiles/FressRTOS.elf.dir/BSP/LCD/LCD/LCD_2inch4.c.obj
 .text.LCD_2IN4_Write_Command
                0x08001214       0x1c CMakeFiles/FressRTOS.elf.dir/BSP/LCD/LCD/LCD_2inch4.c.obj
 .text.LCD_2IN4_Reset
                0x08001230       0x3c CMakeFiles/FressRTOS.elf.dir/BSP/LCD/LCD/LCD_2inch4.c.obj
 .text.LCD_2IN4_WriteData_Word
                0x0800126c       0x24 CMakeFiles/FressRTOS.elf.dir/BSP/LCD/LCD/LCD_2inch4.c.obj
                0x0800126c                LCD_2IN4_WriteData_Word
 .text.LCD_2IN4_Init
                0x08001290      0x206 CMakeFiles/FressRTOS.elf.dir/BSP/LCD/LCD/LCD_2inch4.c.obj
                0x08001290                LCD_2IN4_Init
 .text.LCD_2IN4_SetWindow
                0x08001496       0x5e CMakeFiles/FressRTOS.elf.dir/BSP/LCD/LCD/LCD_2inch4.c.obj
                0x08001496                LCD_2IN4_SetWindow
 .text.LCD_2IN4_SetCursor
                0x080014f4       0x52 CMakeFiles/FressRTOS.elf.dir/BSP/LCD/LCD/LCD_2inch4.c.obj
                0x080014f4                LCD_2IN4_SetCursor
 *fill*         0x08001546        0x2 
 .text.LCD_2IN4_Clear
                0x08001548       0x44 CMakeFiles/FressRTOS.elf.dir/BSP/LCD/LCD/LCD_2inch4.c.obj
                0x08001548                LCD_2IN4_Clear
 .text.LCD_2IN4_DrawPaint
                0x0800158c       0x10 CMakeFiles/FressRTOS.elf.dir/BSP/LCD/LCD/LCD_2inch4.c.obj
                0x0800158c                LCD_2IN4_DrawPaint
 .text.LCD_2in4_test_init
                0x0800159c       0xdc CMakeFiles/FressRTOS.elf.dir/BSP/LCD/example/LCD_2inch4_test.c.obj
                0x0800159c                LCD_2in4_test_init
 .text.elog_port_init
                0x08001678        0x4 CMakeFiles/FressRTOS.elf.dir/Components/EasyLogger/easylogger/port/elog_port.c.obj
                0x08001678                elog_port_init
 .text.elog_port_output
                0x0800167c       0x14 CMakeFiles/FressRTOS.elf.dir/Components/EasyLogger/easylogger/port/elog_port.c.obj
                0x0800167c                elog_port_output
 .text.elog_port_output_lock
                0x08001690       0x18 CMakeFiles/FressRTOS.elf.dir/Components/EasyLogger/easylogger/port/elog_port.c.obj
                0x08001690                elog_port_output_lock
 .text.elog_port_output_unlock
                0x080016a8       0x18 CMakeFiles/FressRTOS.elf.dir/Components/EasyLogger/easylogger/port/elog_port.c.obj
                0x080016a8                elog_port_output_unlock
 .text.elog_port_get_time
                0x080016c0       0x20 CMakeFiles/FressRTOS.elf.dir/Components/EasyLogger/easylogger/port/elog_port.c.obj
                0x080016c0                elog_port_get_time
 .text.elog_port_get_p_info
                0x080016e0        0x2 CMakeFiles/FressRTOS.elf.dir/Components/EasyLogger/easylogger/port/elog_port.c.obj
                0x080016e0                elog_port_get_p_info
 .text.elog_port_get_t_info
                0x080016e2        0x2 CMakeFiles/FressRTOS.elf.dir/Components/EasyLogger/easylogger/port/elog_port.c.obj
                0x080016e2                elog_port_get_t_info
 .text.elog_set_filter_tag_lvl_default
                0x080016e4       0x38 CMakeFiles/FressRTOS.elf.dir/Components/EasyLogger/easylogger/src/elog.c.obj
 .text.elog_set_output_enabled
                0x0800171c        0xc CMakeFiles/FressRTOS.elf.dir/Components/EasyLogger/easylogger/src/elog.c.obj
                0x0800171c                elog_set_output_enabled
 .text.elog_set_text_color_enabled
                0x08001728        0xc CMakeFiles/FressRTOS.elf.dir/Components/EasyLogger/easylogger/src/elog.c.obj
                0x08001728                elog_set_text_color_enabled
 .text.elog_output_lock
                0x08001734       0x28 CMakeFiles/FressRTOS.elf.dir/Components/EasyLogger/easylogger/src/elog.c.obj
                0x08001734                elog_output_lock
 .text.elog_output_unlock
                0x0800175c       0x28 CMakeFiles/FressRTOS.elf.dir/Components/EasyLogger/easylogger/src/elog.c.obj
                0x0800175c                elog_output_unlock
 .text.elog_output
                0x08001784      0x39c CMakeFiles/FressRTOS.elf.dir/Components/EasyLogger/easylogger/src/elog.c.obj
                0x08001784                elog_output
 .text.elog_start
                0x08001b20       0x4c CMakeFiles/FressRTOS.elf.dir/Components/EasyLogger/easylogger/src/elog.c.obj
                0x08001b20                elog_start
 .text.elog_set_fmt
                0x08001b6c       0x64 CMakeFiles/FressRTOS.elf.dir/Components/EasyLogger/easylogger/src/elog.c.obj
                0x08001b6c                elog_set_fmt
 .text.elog_set_filter_lvl
                0x08001bd0       0x60 CMakeFiles/FressRTOS.elf.dir/Components/EasyLogger/easylogger/src/elog.c.obj
                0x08001bd0                elog_set_filter_lvl
 .text.elog_get_filter_tag_lvl
                0x08001c30       0xb4 CMakeFiles/FressRTOS.elf.dir/Components/EasyLogger/easylogger/src/elog.c.obj
                0x08001c30                elog_get_filter_tag_lvl
 .text.get_fmt_enabled
                0x08001ce4       0x70 CMakeFiles/FressRTOS.elf.dir/Components/EasyLogger/easylogger/src/elog.c.obj
 .text.elog_output_lock_enabled
                0x08001d54       0x34 CMakeFiles/FressRTOS.elf.dir/Components/EasyLogger/easylogger/src/elog.c.obj
                0x08001d54                elog_output_lock_enabled
 .text.elog_init
                0x08001d88       0x48 CMakeFiles/FressRTOS.elf.dir/Components/EasyLogger/easylogger/src/elog.c.obj
                0x08001d88                elog_init
 .text.elog_strcpy
                0x08001dd0       0xac CMakeFiles/FressRTOS.elf.dir/Components/EasyLogger/easylogger/src/elog_utils.c.obj
                0x08001dd0                elog_strcpy
 .text.eMBFuncReadCoils
                0x08001e7c       0x74 CMakeFiles/FressRTOS.elf.dir/Components/FreeModbus/modbus/functions/mbfunccoils.c.obj
                0x08001e7c                eMBFuncReadCoils
 .text.eMBFuncWriteCoil
                0x08001ef0       0x60 CMakeFiles/FressRTOS.elf.dir/Components/FreeModbus/modbus/functions/mbfunccoils.c.obj
                0x08001ef0                eMBFuncWriteCoil
 .text.eMBFuncWriteMultipleCoils
                0x08001f50       0x6a CMakeFiles/FressRTOS.elf.dir/Components/FreeModbus/modbus/functions/mbfunccoils.c.obj
                0x08001f50                eMBFuncWriteMultipleCoils
 .text.eMBFuncReadDiscreteInputs
                0x08001fba       0x72 CMakeFiles/FressRTOS.elf.dir/Components/FreeModbus/modbus/functions/mbfuncdisc.c.obj
                0x08001fba                eMBFuncReadDiscreteInputs
 .text.eMBFuncWriteHoldingRegister
                0x0800202c       0x2c CMakeFiles/FressRTOS.elf.dir/Components/FreeModbus/modbus/functions/mbfuncholding.c.obj
                0x0800202c                eMBFuncWriteHoldingRegister
 .text.eMBFuncWriteMultipleHoldingRegister
                0x08002058       0x54 CMakeFiles/FressRTOS.elf.dir/Components/FreeModbus/modbus/functions/mbfuncholding.c.obj
                0x08002058                eMBFuncWriteMultipleHoldingRegister
 .text.eMBFuncReadHoldingRegister
                0x080020ac       0x68 CMakeFiles/FressRTOS.elf.dir/Components/FreeModbus/modbus/functions/mbfuncholding.c.obj
                0x080020ac                eMBFuncReadHoldingRegister
 .text.eMBFuncReadWriteMultipleHoldingRegister
                0x08002114       0xa4 CMakeFiles/FressRTOS.elf.dir/Components/FreeModbus/modbus/functions/mbfuncholding.c.obj
                0x08002114                eMBFuncReadWriteMultipleHoldingRegister
 .text.eMBFuncReadInputRegister
                0x080021b8       0x64 CMakeFiles/FressRTOS.elf.dir/Components/FreeModbus/modbus/functions/mbfuncinput.c.obj
                0x080021b8                eMBFuncReadInputRegister
 .text.eMBFuncReportSlaveID
                0x0800221c       0x24 CMakeFiles/FressRTOS.elf.dir/Components/FreeModbus/modbus/functions/mbfuncother.c.obj
                0x0800221c                eMBFuncReportSlaveID
 .text.xMBUtilSetBits
                0x08002240       0x64 CMakeFiles/FressRTOS.elf.dir/Components/FreeModbus/modbus/functions/mbutils.c.obj
                0x08002240                xMBUtilSetBits
 .text.xMBUtilGetBits
                0x080022a4       0x26 CMakeFiles/FressRTOS.elf.dir/Components/FreeModbus/modbus/functions/mbutils.c.obj
                0x080022a4                xMBUtilGetBits
 .text.prveMBError2Exception
                0x080022ca       0x18 CMakeFiles/FressRTOS.elf.dir/Components/FreeModbus/modbus/functions/mbutils.c.obj
                0x080022ca                prveMBError2Exception
 *fill*         0x080022e2        0x2 
 .text.eMBInit  0x080022e4       0xc4 CMakeFiles/FressRTOS.elf.dir/Components/FreeModbus/modbus/mb.c.obj
                0x080022e4                eMBInit
 .text.eMBEnable
                0x080023a8       0x24 CMakeFiles/FressRTOS.elf.dir/Components/FreeModbus/modbus/mb.c.obj
                0x080023a8                eMBEnable
 .text.eMBPoll  0x080023cc      0x108 CMakeFiles/FressRTOS.elf.dir/Components/FreeModbus/modbus/mb.c.obj
                0x080023cc                eMBPoll
 .text.usMBCRC16
                0x080024d4       0x38 CMakeFiles/FressRTOS.elf.dir/Components/FreeModbus/modbus/rtu/mbcrc.c.obj
                0x080024d4                usMBCRC16
 .text.eMBRTUInit
                0x0800250c       0x50 CMakeFiles/FressRTOS.elf.dir/Components/FreeModbus/modbus/rtu/mbrtu.c.obj
                0x0800250c                eMBRTUInit
 .text.eMBRTUStart
                0x0800255c       0x20 CMakeFiles/FressRTOS.elf.dir/Components/FreeModbus/modbus/rtu/mbrtu.c.obj
                0x0800255c                eMBRTUStart
 .text.eMBRTUStop
                0x0800257c       0x18 CMakeFiles/FressRTOS.elf.dir/Components/FreeModbus/modbus/rtu/mbrtu.c.obj
                0x0800257c                eMBRTUStop
 .text.eMBRTUReceive
                0x08002594       0x74 CMakeFiles/FressRTOS.elf.dir/Components/FreeModbus/modbus/rtu/mbrtu.c.obj
                0x08002594                eMBRTUReceive
 .text.eMBRTUSend
                0x08002608       0x94 CMakeFiles/FressRTOS.elf.dir/Components/FreeModbus/modbus/rtu/mbrtu.c.obj
                0x08002608                eMBRTUSend
 .text.xMBRTUReceiveFSM
                0x0800269c       0xb0 CMakeFiles/FressRTOS.elf.dir/Components/FreeModbus/modbus/rtu/mbrtu.c.obj
                0x0800269c                xMBRTUReceiveFSM
 .text.xMBRTUTransmitFSM
                0x0800274c       0x94 CMakeFiles/FressRTOS.elf.dir/Components/FreeModbus/modbus/rtu/mbrtu.c.obj
                0x0800274c                xMBRTUTransmitFSM
 .text.xMBRTUTimerT35Expired
                0x080027e0       0x7c CMakeFiles/FressRTOS.elf.dir/Components/FreeModbus/modbus/rtu/mbrtu.c.obj
                0x080027e0                xMBRTUTimerT35Expired
 .text.xMBPortEventInit
                0x0800285c       0x10 CMakeFiles/FressRTOS.elf.dir/Components/FreeModbus/port/portevent.c.obj
                0x0800285c                xMBPortEventInit
 .text.xMBPortEventPost
                0x0800286c       0x18 CMakeFiles/FressRTOS.elf.dir/Components/FreeModbus/port/portevent.c.obj
                0x0800286c                xMBPortEventPost
 .text.xMBPortEventGet
                0x08002884       0x20 CMakeFiles/FressRTOS.elf.dir/Components/FreeModbus/port/portevent.c.obj
                0x08002884                xMBPortEventGet
 .text.vMBPortSerialEnable
                0x080028a4       0x38 CMakeFiles/FressRTOS.elf.dir/Components/FreeModbus/port/portserial.c.obj
                0x080028a4                vMBPortSerialEnable
 .text.xMBPortSerialInit
                0x080028dc        0x4 CMakeFiles/FressRTOS.elf.dir/Components/FreeModbus/port/portserial.c.obj
                0x080028dc                xMBPortSerialInit
 .text.xMBPortSerialPutByte
                0x080028e0       0x1c CMakeFiles/FressRTOS.elf.dir/Components/FreeModbus/port/portserial.c.obj
                0x080028e0                xMBPortSerialPutByte
 .text.xMBPortSerialGetByte
                0x080028fc       0x20 CMakeFiles/FressRTOS.elf.dir/Components/FreeModbus/port/portserial.c.obj
                0x080028fc                xMBPortSerialGetByte
 .text.xMBPortTimersInit
                0x0800291c       0x20 CMakeFiles/FressRTOS.elf.dir/Components/FreeModbus/port/porttimer.c.obj
                0x0800291c                xMBPortTimersInit
 .text.vMBPortTimersEnable
                0x0800293c       0x14 CMakeFiles/FressRTOS.elf.dir/Components/FreeModbus/port/porttimer.c.obj
                0x0800293c                vMBPortTimersEnable
 .text.vMBPortTimersDisable
                0x08002950       0x10 CMakeFiles/FressRTOS.elf.dir/Components/FreeModbus/port/porttimer.c.obj
                0x08002950                vMBPortTimersDisable
 .text.DBG_U8Array_To_U32
                0x08002960       0x16 CMakeFiles/FressRTOS.elf.dir/Components/protocols/app_UART/user_protocol_Uart.c.obj
 .text.DBG_U32_To_U8Array
                0x08002976       0x10 CMakeFiles/FressRTOS.elf.dir/Components/protocols/app_UART/user_protocol_Uart.c.obj
 *fill*         0x08002986        0x2 
 .text.UART_Report_Send
                0x08002988      0x118 CMakeFiles/FressRTOS.elf.dir/Components/protocols/app_UART/user_protocol_Uart.c.obj
 .text.UART_Command_Recv
                0x08002aa0      0x2bc CMakeFiles/FressRTOS.elf.dir/Components/protocols/app_UART/user_protocol_Uart.c.obj
 .text.PT_SetLock
                0x08002d5c        0xa CMakeFiles/FressRTOS.elf.dir/Components/protocols/user_protocol.c.obj
 .text.PT_GetLock
                0x08002d66        0x4 CMakeFiles/FressRTOS.elf.dir/Components/protocols/user_protocol.c.obj
 .text.PT_CheckSum
                0x08002d6a       0x2a CMakeFiles/FressRTOS.elf.dir/Components/protocols/user_protocol.c.obj
                0x08002d6a                PT_CheckSum
 .text.PT_Transport_Recv
                0x08002d94       0x98 CMakeFiles/FressRTOS.elf.dir/Components/protocols/user_protocol.c.obj
                0x08002d94                PT_Transport_Recv
 .text.PT_Transport_Alaysis
                0x08002e2c       0xfe CMakeFiles/FressRTOS.elf.dir/Components/protocols/user_protocol.c.obj
                0x08002e2c                PT_Transport_Alaysis
 *fill*         0x08002f2a        0x2 
 .text.MX_DMA_Init
                0x08002f2c       0x44 CMakeFiles/FressRTOS.elf.dir/Core/Src/dma.c.obj
                0x08002f2c                MX_DMA_Init
 .text.MX_GPIO_Init
                0x08002f70      0x138 CMakeFiles/FressRTOS.elf.dir/Core/Src/gpio.c.obj
                0x08002f70                MX_GPIO_Init
 .text.__io_putchar
                0x080030a8       0x20 CMakeFiles/FressRTOS.elf.dir/Core/Src/main.c.obj
                0x080030a8                __io_putchar
 .text.HAL_TIM_PeriodElapsedCallback
                0x080030c8       0x34 CMakeFiles/FressRTOS.elf.dir/Core/Src/main.c.obj
                0x080030c8                HAL_TIM_PeriodElapsedCallback
 .text.Error_Handler
                0x080030fc        0x4 CMakeFiles/FressRTOS.elf.dir/Core/Src/main.c.obj
                0x080030fc                Error_Handler
 .text.SystemClock_Config
                0x08003100       0x64 CMakeFiles/FressRTOS.elf.dir/Core/Src/main.c.obj
                0x08003100                SystemClock_Config
 .text.main     0x08003164       0x44 CMakeFiles/FressRTOS.elf.dir/Core/Src/main.c.obj
                0x08003164                main
 .text.assert_failed
                0x080031a8        0x2 CMakeFiles/FressRTOS.elf.dir/Core/Src/main.c.obj
                0x080031a8                assert_failed
 *fill*         0x080031aa        0x2 
 .text.MX_SPI1_Init
                0x080031ac       0x44 CMakeFiles/FressRTOS.elf.dir/Core/Src/spi.c.obj
                0x080031ac                MX_SPI1_Init
 .text.HAL_SPI_MspInit
                0x080031f0       0xec CMakeFiles/FressRTOS.elf.dir/Core/Src/spi.c.obj
                0x080031f0                HAL_SPI_MspInit
 .text.HAL_MspInit
                0x080032dc       0x44 CMakeFiles/FressRTOS.elf.dir/Core/Src/stm32f1xx_hal_msp.c.obj
                0x080032dc                HAL_MspInit
 .text.HAL_InitTick
                0x08003320       0x78 CMakeFiles/FressRTOS.elf.dir/Core/Src/stm32f1xx_hal_timebase_tim.c.obj
                0x08003320                HAL_InitTick
 .text.NMI_Handler
                0x08003398        0x2 CMakeFiles/FressRTOS.elf.dir/Core/Src/stm32f1xx_it.c.obj
                0x08003398                NMI_Handler
 .text.HardFault_Handler
                0x0800339a        0x2 CMakeFiles/FressRTOS.elf.dir/Core/Src/stm32f1xx_it.c.obj
                0x0800339a                HardFault_Handler
 .text.MemManage_Handler
                0x0800339c        0x2 CMakeFiles/FressRTOS.elf.dir/Core/Src/stm32f1xx_it.c.obj
                0x0800339c                MemManage_Handler
 .text.BusFault_Handler
                0x0800339e        0x2 CMakeFiles/FressRTOS.elf.dir/Core/Src/stm32f1xx_it.c.obj
                0x0800339e                BusFault_Handler
 .text.UsageFault_Handler
                0x080033a0        0x2 CMakeFiles/FressRTOS.elf.dir/Core/Src/stm32f1xx_it.c.obj
                0x080033a0                UsageFault_Handler
 .text.DebugMon_Handler
                0x080033a2        0x2 CMakeFiles/FressRTOS.elf.dir/Core/Src/stm32f1xx_it.c.obj
                0x080033a2                DebugMon_Handler
 .text.DMA1_Channel2_IRQHandler
                0x080033a4       0x10 CMakeFiles/FressRTOS.elf.dir/Core/Src/stm32f1xx_it.c.obj
                0x080033a4                DMA1_Channel2_IRQHandler
 .text.DMA1_Channel3_IRQHandler
                0x080033b4       0x10 CMakeFiles/FressRTOS.elf.dir/Core/Src/stm32f1xx_it.c.obj
                0x080033b4                DMA1_Channel3_IRQHandler
 .text.TIM1_UP_IRQHandler
                0x080033c4       0x10 CMakeFiles/FressRTOS.elf.dir/Core/Src/stm32f1xx_it.c.obj
                0x080033c4                TIM1_UP_IRQHandler
 .text.TIM2_IRQHandler
                0x080033d4       0x10 CMakeFiles/FressRTOS.elf.dir/Core/Src/stm32f1xx_it.c.obj
                0x080033d4                TIM2_IRQHandler
 .text.SPI1_IRQHandler
                0x080033e4       0x10 CMakeFiles/FressRTOS.elf.dir/Core/Src/stm32f1xx_it.c.obj
                0x080033e4                SPI1_IRQHandler
 .text.USART1_IRQHandler
                0x080033f4       0x10 CMakeFiles/FressRTOS.elf.dir/Core/Src/stm32f1xx_it.c.obj
                0x080033f4                USART1_IRQHandler
 .text.USART2_IRQHandler
                0x08003404       0x10 CMakeFiles/FressRTOS.elf.dir/Core/Src/stm32f1xx_it.c.obj
                0x08003404                USART2_IRQHandler
 .text._getpid  0x08003414        0x4 CMakeFiles/FressRTOS.elf.dir/Core/Src/syscalls.c.obj
                0x08003414                _getpid
 .text._kill    0x08003418       0x10 CMakeFiles/FressRTOS.elf.dir/Core/Src/syscalls.c.obj
                0x08003418                _kill
 .text._exit    0x08003428        0xc CMakeFiles/FressRTOS.elf.dir/Core/Src/syscalls.c.obj
                0x08003428                _exit
 .text._read    0x08003434       0x20 CMakeFiles/FressRTOS.elf.dir/Core/Src/syscalls.c.obj
                0x08003434                _read
 .text._write   0x08003454       0x1c CMakeFiles/FressRTOS.elf.dir/Core/Src/syscalls.c.obj
                0x08003454                _write
 .text._sbrk    0x08003470       0x3c CMakeFiles/FressRTOS.elf.dir/Core/Src/syscalls.c.obj
                0x08003470                _sbrk
 .text._close   0x080034ac        0x6 CMakeFiles/FressRTOS.elf.dir/Core/Src/syscalls.c.obj
                0x080034ac                _close
 .text._fstat   0x080034b2        0xa CMakeFiles/FressRTOS.elf.dir/Core/Src/syscalls.c.obj
                0x080034b2                _fstat
 .text._isatty  0x080034bc        0x4 CMakeFiles/FressRTOS.elf.dir/Core/Src/syscalls.c.obj
                0x080034bc                _isatty
 .text._lseek   0x080034c0        0x4 CMakeFiles/FressRTOS.elf.dir/Core/Src/syscalls.c.obj
                0x080034c0                _lseek
 .text.SystemInit
                0x080034c4       0x10 CMakeFiles/FressRTOS.elf.dir/Core/Src/system_stm32f1xx.c.obj
                0x080034c4                SystemInit
 .text.MX_TIM2_Init
                0x080034d4       0x6c CMakeFiles/FressRTOS.elf.dir/Core/Src/tim.c.obj
                0x080034d4                MX_TIM2_Init
 .text.HAL_TIM_Base_MspInit
                0x08003540       0x3a CMakeFiles/FressRTOS.elf.dir/Core/Src/tim.c.obj
                0x08003540                HAL_TIM_Base_MspInit
 *fill*         0x0800357a        0x2 
 .text.MX_USART1_UART_Init
                0x0800357c       0x34 CMakeFiles/FressRTOS.elf.dir/Core/Src/usart.c.obj
                0x0800357c                MX_USART1_UART_Init
 .text.MX_USART2_UART_Init
                0x080035b0       0x34 CMakeFiles/FressRTOS.elf.dir/Core/Src/usart.c.obj
                0x080035b0                MX_USART2_UART_Init
 .text.HAL_UART_MspInit
                0x080035e4       0xf4 CMakeFiles/FressRTOS.elf.dir/Core/Src/usart.c.obj
                0x080035e4                HAL_UART_MspInit
 .text.HAL_Init
                0x080036d8       0x24 CMakeFiles/FressRTOS.elf.dir/Drivers/STM32F1xx_HAL_Driver/Src/stm32f1xx_hal.c.obj
                0x080036d8                HAL_Init
 .text.HAL_IncTick
                0x080036fc       0x18 CMakeFiles/FressRTOS.elf.dir/Drivers/STM32F1xx_HAL_Driver/Src/stm32f1xx_hal.c.obj
                0x080036fc                HAL_IncTick
 .text.HAL_GetTick
                0x08003714        0xc CMakeFiles/FressRTOS.elf.dir/Drivers/STM32F1xx_HAL_Driver/Src/stm32f1xx_hal.c.obj
                0x08003714                HAL_GetTick
 .text.HAL_Delay
                0x08003720       0x28 CMakeFiles/FressRTOS.elf.dir/Drivers/STM32F1xx_HAL_Driver/Src/stm32f1xx_hal.c.obj
                0x08003720                HAL_Delay
 .text.HAL_NVIC_SetPriorityGrouping
                0x08003748       0x3c CMakeFiles/FressRTOS.elf.dir/Drivers/STM32F1xx_HAL_Driver/Src/stm32f1xx_hal_cortex.c.obj
                0x08003748                HAL_NVIC_SetPriorityGrouping
 .text.HAL_NVIC_SetPriority
                0x08003784       0x8c CMakeFiles/FressRTOS.elf.dir/Drivers/STM32F1xx_HAL_Driver/Src/stm32f1xx_hal_cortex.c.obj
                0x08003784                HAL_NVIC_SetPriority
 .text.HAL_NVIC_EnableIRQ
                0x08003810       0x30 CMakeFiles/FressRTOS.elf.dir/Drivers/STM32F1xx_HAL_Driver/Src/stm32f1xx_hal_cortex.c.obj
                0x08003810                HAL_NVIC_EnableIRQ
 .text.DMA_SetConfig
                0x08003840       0x2c CMakeFiles/FressRTOS.elf.dir/Drivers/STM32F1xx_HAL_Driver/Src/stm32f1xx_hal_dma.c.obj
 .text.HAL_DMA_Init
                0x0800386c      0x198 CMakeFiles/FressRTOS.elf.dir/Drivers/STM32F1xx_HAL_Driver/Src/stm32f1xx_hal_dma.c.obj
                0x0800386c                HAL_DMA_Init
 .text.HAL_DMA_Start_IT
                0x08003a04       0x9c CMakeFiles/FressRTOS.elf.dir/Drivers/STM32F1xx_HAL_Driver/Src/stm32f1xx_hal_dma.c.obj
                0x08003a04                HAL_DMA_Start_IT
 .text.HAL_DMA_Abort
                0x08003aa0       0x46 CMakeFiles/FressRTOS.elf.dir/Drivers/STM32F1xx_HAL_Driver/Src/stm32f1xx_hal_dma.c.obj
                0x08003aa0                HAL_DMA_Abort
 *fill*         0x08003ae6        0x2 
 .text.HAL_DMA_Abort_IT
                0x08003ae8      0x16c CMakeFiles/FressRTOS.elf.dir/Drivers/STM32F1xx_HAL_Driver/Src/stm32f1xx_hal_dma.c.obj
                0x08003ae8                HAL_DMA_Abort_IT
 .text.HAL_DMA_IRQHandler
                0x08003c54      0x2ec CMakeFiles/FressRTOS.elf.dir/Drivers/STM32F1xx_HAL_Driver/Src/stm32f1xx_hal_dma.c.obj
                0x08003c54                HAL_DMA_IRQHandler
 .text.HAL_GPIO_Init
                0x08003f40      0x3b0 CMakeFiles/FressRTOS.elf.dir/Drivers/STM32F1xx_HAL_Driver/Src/stm32f1xx_hal_gpio.c.obj
                0x08003f40                HAL_GPIO_Init
 .text.HAL_GPIO_WritePin
                0x080042f0       0x38 CMakeFiles/FressRTOS.elf.dir/Drivers/STM32F1xx_HAL_Driver/Src/stm32f1xx_hal_gpio.c.obj
                0x080042f0                HAL_GPIO_WritePin
 .text.RCC_Delay
                0x08004328       0x2c CMakeFiles/FressRTOS.elf.dir/Drivers/STM32F1xx_HAL_Driver/Src/stm32f1xx_hal_rcc.c.obj
 .text.HAL_RCC_OscConfig
                0x08004354      0x548 CMakeFiles/FressRTOS.elf.dir/Drivers/STM32F1xx_HAL_Driver/Src/stm32f1xx_hal_rcc.c.obj
                0x08004354                HAL_RCC_OscConfig
 .text.HAL_RCC_GetSysClockFreq
                0x0800489c       0x54 CMakeFiles/FressRTOS.elf.dir/Drivers/STM32F1xx_HAL_Driver/Src/stm32f1xx_hal_rcc.c.obj
                0x0800489c                HAL_RCC_GetSysClockFreq
 .text.HAL_RCC_ClockConfig
                0x080048f0      0x228 CMakeFiles/FressRTOS.elf.dir/Drivers/STM32F1xx_HAL_Driver/Src/stm32f1xx_hal_rcc.c.obj
                0x080048f0                HAL_RCC_ClockConfig
 .text.HAL_RCC_GetHCLKFreq
                0x08004b18        0xc CMakeFiles/FressRTOS.elf.dir/Drivers/STM32F1xx_HAL_Driver/Src/stm32f1xx_hal_rcc.c.obj
                0x08004b18                HAL_RCC_GetHCLKFreq
 .text.HAL_RCC_GetPCLK1Freq
                0x08004b24       0x20 CMakeFiles/FressRTOS.elf.dir/Drivers/STM32F1xx_HAL_Driver/Src/stm32f1xx_hal_rcc.c.obj
                0x08004b24                HAL_RCC_GetPCLK1Freq
 .text.HAL_RCC_GetPCLK2Freq
                0x08004b44       0x20 CMakeFiles/FressRTOS.elf.dir/Drivers/STM32F1xx_HAL_Driver/Src/stm32f1xx_hal_rcc.c.obj
                0x08004b44                HAL_RCC_GetPCLK2Freq
 .text.HAL_RCC_GetClockConfig
                0x08004b64       0x64 CMakeFiles/FressRTOS.elf.dir/Drivers/STM32F1xx_HAL_Driver/Src/stm32f1xx_hal_rcc.c.obj
                0x08004b64                HAL_RCC_GetClockConfig
 .text.SPI_WaitFlagStateUntilTimeout
                0x08004bc8       0xd4 CMakeFiles/FressRTOS.elf.dir/Drivers/STM32F1xx_HAL_Driver/Src/stm32f1xx_hal_spi.c.obj
 .text.SPI_EndRxTxTransaction
                0x08004c9c       0x24 CMakeFiles/FressRTOS.elf.dir/Drivers/STM32F1xx_HAL_Driver/Src/stm32f1xx_hal_spi.c.obj
 .text.HAL_SPI_Init
                0x08004cc0      0x21c CMakeFiles/FressRTOS.elf.dir/Drivers/STM32F1xx_HAL_Driver/Src/stm32f1xx_hal_spi.c.obj
                0x08004cc0                HAL_SPI_Init
 .text.HAL_SPI_Transmit
                0x08004edc      0x1d4 CMakeFiles/FressRTOS.elf.dir/Drivers/STM32F1xx_HAL_Driver/Src/stm32f1xx_hal_spi.c.obj
                0x08004edc                HAL_SPI_Transmit
 .text.HAL_SPI_Transmit_DMA
                0x080050b0      0x108 CMakeFiles/FressRTOS.elf.dir/Drivers/STM32F1xx_HAL_Driver/Src/stm32f1xx_hal_spi.c.obj
                0x080050b0                HAL_SPI_Transmit_DMA
 .text.HAL_SPI_TxHalfCpltCallback
                0x080051b8        0x2 CMakeFiles/FressRTOS.elf.dir/Drivers/STM32F1xx_HAL_Driver/Src/stm32f1xx_hal_spi.c.obj
                0x080051b8                HAL_SPI_TxHalfCpltCallback
 .text.SPI_DMAHalfTransmitCplt
                0x080051ba        0xa CMakeFiles/FressRTOS.elf.dir/Drivers/STM32F1xx_HAL_Driver/Src/stm32f1xx_hal_spi.c.obj
 .text.HAL_SPI_ErrorCallback
                0x080051c4        0x2 CMakeFiles/FressRTOS.elf.dir/Drivers/STM32F1xx_HAL_Driver/Src/stm32f1xx_hal_spi.c.obj
                0x080051c4                HAL_SPI_ErrorCallback
 .text.SPI_DMAError
                0x080051c6       0x22 CMakeFiles/FressRTOS.elf.dir/Drivers/STM32F1xx_HAL_Driver/Src/stm32f1xx_hal_spi.c.obj
 .text.SPI_DMATransmitCplt
                0x080051e8       0x70 CMakeFiles/FressRTOS.elf.dir/Drivers/STM32F1xx_HAL_Driver/Src/stm32f1xx_hal_spi.c.obj
 .text.HAL_SPI_IRQHandler
                0x08005258      0x108 CMakeFiles/FressRTOS.elf.dir/Drivers/STM32F1xx_HAL_Driver/Src/stm32f1xx_hal_spi.c.obj
                0x08005258                HAL_SPI_IRQHandler
 .text.SPI_DMAAbortOnError
                0x08005360       0x10 CMakeFiles/FressRTOS.elf.dir/Drivers/STM32F1xx_HAL_Driver/Src/stm32f1xx_hal_spi.c.obj
 .text.TIM_TI1_ConfigInputStage
                0x08005370       0x24 CMakeFiles/FressRTOS.elf.dir/Drivers/STM32F1xx_HAL_Driver/Src/stm32f1xx_hal_tim.c.obj
 .text.TIM_TI2_ConfigInputStage
                0x08005394       0x26 CMakeFiles/FressRTOS.elf.dir/Drivers/STM32F1xx_HAL_Driver/Src/stm32f1xx_hal_tim.c.obj
 .text.TIM_ITRx_SetConfig
                0x080053ba       0x10 CMakeFiles/FressRTOS.elf.dir/Drivers/STM32F1xx_HAL_Driver/Src/stm32f1xx_hal_tim.c.obj
 *fill*         0x080053ca        0x2 
 .text.HAL_TIM_Base_Start_IT
                0x080053cc       0xc8 CMakeFiles/FressRTOS.elf.dir/Drivers/STM32F1xx_HAL_Driver/Src/stm32f1xx_hal_tim.c.obj
                0x080053cc                HAL_TIM_Base_Start_IT
 .text.HAL_TIM_Base_Stop_IT
                0x08005494       0x88 CMakeFiles/FressRTOS.elf.dir/Drivers/STM32F1xx_HAL_Driver/Src/stm32f1xx_hal_tim.c.obj
                0x08005494                HAL_TIM_Base_Stop_IT
 .text.HAL_TIM_OC_DelayElapsedCallback
                0x0800551c        0x2 CMakeFiles/FressRTOS.elf.dir/Drivers/STM32F1xx_HAL_Driver/Src/stm32f1xx_hal_tim.c.obj
                0x0800551c                HAL_TIM_OC_DelayElapsedCallback
 .text.HAL_TIM_IC_CaptureCallback
                0x0800551e        0x2 CMakeFiles/FressRTOS.elf.dir/Drivers/STM32F1xx_HAL_Driver/Src/stm32f1xx_hal_tim.c.obj
                0x0800551e                HAL_TIM_IC_CaptureCallback
 .text.HAL_TIM_PWM_PulseFinishedCallback
                0x08005520        0x2 CMakeFiles/FressRTOS.elf.dir/Drivers/STM32F1xx_HAL_Driver/Src/stm32f1xx_hal_tim.c.obj
                0x08005520                HAL_TIM_PWM_PulseFinishedCallback
 .text.HAL_TIM_TriggerCallback
                0x08005522        0x2 CMakeFiles/FressRTOS.elf.dir/Drivers/STM32F1xx_HAL_Driver/Src/stm32f1xx_hal_tim.c.obj
                0x08005522                HAL_TIM_TriggerCallback
 .text.HAL_TIM_IRQHandler
                0x08005524      0x17a CMakeFiles/FressRTOS.elf.dir/Drivers/STM32F1xx_HAL_Driver/Src/stm32f1xx_hal_tim.c.obj
                0x08005524                HAL_TIM_IRQHandler
 *fill*         0x0800569e        0x2 
 .text.TIM_Base_SetConfig
                0x080056a0       0x98 CMakeFiles/FressRTOS.elf.dir/Drivers/STM32F1xx_HAL_Driver/Src/stm32f1xx_hal_tim.c.obj
                0x080056a0                TIM_Base_SetConfig
 .text.HAL_TIM_Base_Init
                0x08005738      0x118 CMakeFiles/FressRTOS.elf.dir/Drivers/STM32F1xx_HAL_Driver/Src/stm32f1xx_hal_tim.c.obj
                0x08005738                HAL_TIM_Base_Init
 .text.TIM_ETR_SetConfig
                0x08005850       0x18 CMakeFiles/FressRTOS.elf.dir/Drivers/STM32F1xx_HAL_Driver/Src/stm32f1xx_hal_tim.c.obj
                0x08005850                TIM_ETR_SetConfig
 .text.HAL_TIM_ConfigClockSource
                0x08005868      0x458 CMakeFiles/FressRTOS.elf.dir/Drivers/STM32F1xx_HAL_Driver/Src/stm32f1xx_hal_tim.c.obj
                0x08005868                HAL_TIM_ConfigClockSource
 .text.HAL_TIMEx_MasterConfigSynchronization
                0x08005cc0      0x108 CMakeFiles/FressRTOS.elf.dir/Drivers/STM32F1xx_HAL_Driver/Src/stm32f1xx_hal_tim_ex.c.obj
                0x08005cc0                HAL_TIMEx_MasterConfigSynchronization
 .text.HAL_TIMEx_CommutCallback
                0x08005dc8        0x2 CMakeFiles/FressRTOS.elf.dir/Drivers/STM32F1xx_HAL_Driver/Src/stm32f1xx_hal_tim_ex.c.obj
                0x08005dc8                HAL_TIMEx_CommutCallback
 .text.HAL_TIMEx_BreakCallback
                0x08005dca        0x2 CMakeFiles/FressRTOS.elf.dir/Drivers/STM32F1xx_HAL_Driver/Src/stm32f1xx_hal_tim_ex.c.obj
                0x08005dca                HAL_TIMEx_BreakCallback
 .text.UART_EndRxTransfer
                0x08005dcc       0x5c CMakeFiles/FressRTOS.elf.dir/Drivers/STM32F1xx_HAL_Driver/Src/stm32f1xx_hal_uart.c.obj
 .text.UART_Transmit_IT
                0x08005e28       0x60 CMakeFiles/FressRTOS.elf.dir/Drivers/STM32F1xx_HAL_Driver/Src/stm32f1xx_hal_uart.c.obj
 .text.UART_SetConfig
                0x08005e88       0xf8 CMakeFiles/FressRTOS.elf.dir/Drivers/STM32F1xx_HAL_Driver/Src/stm32f1xx_hal_uart.c.obj
 .text.UART_WaitOnFlagUntilTimeout
                0x08005f80       0x88 CMakeFiles/FressRTOS.elf.dir/Drivers/STM32F1xx_HAL_Driver/Src/stm32f1xx_hal_uart.c.obj
 .text.HAL_UART_Init
                0x08006008       0xfc CMakeFiles/FressRTOS.elf.dir/Drivers/STM32F1xx_HAL_Driver/Src/stm32f1xx_hal_uart.c.obj
                0x08006008                HAL_UART_Init
 .text.HAL_UART_Transmit
                0x08006104       0xbe CMakeFiles/FressRTOS.elf.dir/Drivers/STM32F1xx_HAL_Driver/Src/stm32f1xx_hal_uart.c.obj
                0x08006104                HAL_UART_Transmit
 .text.HAL_UART_Transmit_IT
                0x080061c2       0x38 CMakeFiles/FressRTOS.elf.dir/Drivers/STM32F1xx_HAL_Driver/Src/stm32f1xx_hal_uart.c.obj
                0x080061c2                HAL_UART_Transmit_IT
 .text.UART_EndTransmit_IT
                0x080061fa       0x1a CMakeFiles/FressRTOS.elf.dir/Drivers/STM32F1xx_HAL_Driver/Src/stm32f1xx_hal_uart.c.obj
 .text.HAL_UART_ErrorCallback
                0x08006214        0x2 CMakeFiles/FressRTOS.elf.dir/Drivers/STM32F1xx_HAL_Driver/Src/stm32f1xx_hal_uart.c.obj
                0x08006214                HAL_UART_ErrorCallback
 .text.UART_DMAAbortOnError
                0x08006216       0x10 CMakeFiles/FressRTOS.elf.dir/Drivers/STM32F1xx_HAL_Driver/Src/stm32f1xx_hal_uart.c.obj
 .text.HAL_UART_AbortTransmitCpltCallback
                0x08006226        0x2 CMakeFiles/FressRTOS.elf.dir/Drivers/STM32F1xx_HAL_Driver/Src/stm32f1xx_hal_uart.c.obj
                0x08006226                HAL_UART_AbortTransmitCpltCallback
 .text.HAL_UART_AbortTransmit_IT
                0x08006228       0x80 CMakeFiles/FressRTOS.elf.dir/Drivers/STM32F1xx_HAL_Driver/Src/stm32f1xx_hal_uart.c.obj
                0x08006228                HAL_UART_AbortTransmit_IT
 .text.UART_DMATxOnlyAbortCallback
                0x080062a8       0x14 CMakeFiles/FressRTOS.elf.dir/Drivers/STM32F1xx_HAL_Driver/Src/stm32f1xx_hal_uart.c.obj
 .text.HAL_UART_AbortReceiveCpltCallback
                0x080062bc        0x2 CMakeFiles/FressRTOS.elf.dir/Drivers/STM32F1xx_HAL_Driver/Src/stm32f1xx_hal_uart.c.obj
                0x080062bc                HAL_UART_AbortReceiveCpltCallback
 *fill*         0x080062be        0x2 
 .text.HAL_UART_AbortReceive_IT
                0x080062c0       0xbc CMakeFiles/FressRTOS.elf.dir/Drivers/STM32F1xx_HAL_Driver/Src/stm32f1xx_hal_uart.c.obj
                0x080062c0                HAL_UART_AbortReceive_IT
 .text.UART_DMARxOnlyAbortCallback
                0x0800637c       0x16 CMakeFiles/FressRTOS.elf.dir/Drivers/STM32F1xx_HAL_Driver/Src/stm32f1xx_hal_uart.c.obj
 .text.UART_Receive_IT
                0x08006392       0xe6 CMakeFiles/FressRTOS.elf.dir/Drivers/STM32F1xx_HAL_Driver/Src/stm32f1xx_hal_uart.c.obj
 .text.HAL_UART_IRQHandler
                0x08006478      0x288 CMakeFiles/FressRTOS.elf.dir/Drivers/STM32F1xx_HAL_Driver/Src/stm32f1xx_hal_uart.c.obj
                0x08006478                HAL_UART_IRQHandler
 .text.UART_Start_Receive_IT
                0x08006700       0x36 CMakeFiles/FressRTOS.elf.dir/Drivers/STM32F1xx_HAL_Driver/Src/stm32f1xx_hal_uart.c.obj
                0x08006700                UART_Start_Receive_IT
 .text.HAL_UART_Receive_IT
                0x08006736       0x26 CMakeFiles/FressRTOS.elf.dir/Drivers/STM32F1xx_HAL_Driver/Src/stm32f1xx_hal_uart.c.obj
                0x08006736                HAL_UART_Receive_IT
 .text.HAL_UARTEx_ReceiveToIdle_IT
                0x0800675c       0x66 CMakeFiles/FressRTOS.elf.dir/Drivers/STM32F1xx_HAL_Driver/Src/stm32f1xx_hal_uart.c.obj
                0x0800675c                HAL_UARTEx_ReceiveToIdle_IT
 .text.lv_disp_get_scr_act
                0x080067c2       0x18 CMakeFiles/FressRTOS.elf.dir/GUI/lvgl/src/core/lv_disp.c.obj
                0x080067c2                lv_disp_get_scr_act
 .text.lv_disp_get_scr_prev
                0x080067da       0x18 CMakeFiles/FressRTOS.elf.dir/GUI/lvgl/src/core/lv_disp.c.obj
                0x080067da                lv_disp_get_scr_prev
 .text.lv_disp_get_layer_top
                0x080067f2       0x18 CMakeFiles/FressRTOS.elf.dir/GUI/lvgl/src/core/lv_disp.c.obj
                0x080067f2                lv_disp_get_layer_top
 .text.lv_disp_get_layer_sys
                0x0800680a       0x18 CMakeFiles/FressRTOS.elf.dir/GUI/lvgl/src/core/lv_disp.c.obj
                0x0800680a                lv_disp_get_layer_sys
 .text.lv_disp_get_theme
                0x08006822       0x12 CMakeFiles/FressRTOS.elf.dir/GUI/lvgl/src/core/lv_disp.c.obj
                0x08006822                lv_disp_get_theme
 .text.lv_disp_is_invalidation_enabled
                0x08006834       0x22 CMakeFiles/FressRTOS.elf.dir/GUI/lvgl/src/core/lv_disp.c.obj
                0x08006834                lv_disp_is_invalidation_enabled
 .text.lv_obj_get_event_dsc
                0x08006856       0x1e CMakeFiles/FressRTOS.elf.dir/GUI/lvgl/src/core/lv_event.c.obj
 .text.event_is_bubbled
                0x08006874       0xac CMakeFiles/FressRTOS.elf.dir/GUI/lvgl/src/core/lv_event.c.obj
 .text.lv_obj_event_base
                0x08006920       0x42 CMakeFiles/FressRTOS.elf.dir/GUI/lvgl/src/core/lv_event.c.obj
                0x08006920                lv_obj_event_base
 .text.event_send_core
                0x08006962      0x112 CMakeFiles/FressRTOS.elf.dir/GUI/lvgl/src/core/lv_event.c.obj
 .text.lv_event_send
                0x08006a74       0x54 CMakeFiles/FressRTOS.elf.dir/GUI/lvgl/src/core/lv_event.c.obj
                0x08006a74                lv_event_send
 .text.lv_event_get_target
                0x08006ac8        0x4 CMakeFiles/FressRTOS.elf.dir/GUI/lvgl/src/core/lv_event.c.obj
                0x08006ac8                lv_event_get_target
 .text.lv_event_get_current_target
                0x08006acc        0x4 CMakeFiles/FressRTOS.elf.dir/GUI/lvgl/src/core/lv_event.c.obj
                0x08006acc                lv_event_get_current_target
 .text.lv_event_get_code
                0x08006ad0        0x8 CMakeFiles/FressRTOS.elf.dir/GUI/lvgl/src/core/lv_event.c.obj
                0x08006ad0                lv_event_get_code
 .text.lv_event_get_param
                0x08006ad8        0x4 CMakeFiles/FressRTOS.elf.dir/GUI/lvgl/src/core/lv_event.c.obj
                0x08006ad8                lv_event_get_param
 .text.lv_event_get_user_data
                0x08006adc        0x4 CMakeFiles/FressRTOS.elf.dir/GUI/lvgl/src/core/lv_event.c.obj
                0x08006adc                lv_event_get_user_data
 .text._lv_event_mark_deleted
                0x08006ae0       0x28 CMakeFiles/FressRTOS.elf.dir/GUI/lvgl/src/core/lv_event.c.obj
                0x08006ae0                _lv_event_mark_deleted
 .text.lv_obj_add_event_cb
                0x08006b08       0x9a CMakeFiles/FressRTOS.elf.dir/GUI/lvgl/src/core/lv_event.c.obj
                0x08006b08                lv_obj_add_event_cb
 .text.lv_event_get_indev
                0x08006ba2       0x16 CMakeFiles/FressRTOS.elf.dir/GUI/lvgl/src/core/lv_event.c.obj
                0x08006ba2                lv_event_get_indev
 .text.lv_event_get_draw_ctx
                0x08006bb8       0x24 CMakeFiles/FressRTOS.elf.dir/GUI/lvgl/src/core/lv_event.c.obj
                0x08006bb8                lv_event_get_draw_ctx
 .text.lv_event_set_ext_draw_size
                0x08006bdc       0x1e CMakeFiles/FressRTOS.elf.dir/GUI/lvgl/src/core/lv_event.c.obj
                0x08006bdc                lv_event_set_ext_draw_size
 .text.get_indev
                0x08006bfa       0x52 CMakeFiles/FressRTOS.elf.dir/GUI/lvgl/src/core/lv_group.c.obj
 .text.focus_next_core
                0x08006c4c      0x114 CMakeFiles/FressRTOS.elf.dir/GUI/lvgl/src/core/lv_group.c.obj
 .text._lv_group_init
                0x08006d60       0x10 CMakeFiles/FressRTOS.elf.dir/GUI/lvgl/src/core/lv_group.c.obj
                0x08006d60                _lv_group_init
 .text.lv_group_get_default
                0x08006d70        0xc CMakeFiles/FressRTOS.elf.dir/GUI/lvgl/src/core/lv_group.c.obj
                0x08006d70                lv_group_get_default
 .text.lv_group_focus_next
                0x08006d7c       0x24 CMakeFiles/FressRTOS.elf.dir/GUI/lvgl/src/core/lv_group.c.obj
                0x08006d7c                lv_group_focus_next
 .text.lv_group_focus_prev
                0x08006da0       0x24 CMakeFiles/FressRTOS.elf.dir/GUI/lvgl/src/core/lv_group.c.obj
                0x08006da0                lv_group_focus_prev
 .text.lv_group_refocus
                0x08006dc4       0x2c CMakeFiles/FressRTOS.elf.dir/GUI/lvgl/src/core/lv_group.c.obj
 .text.lv_group_remove_obj
                0x08006df0       0xa2 CMakeFiles/FressRTOS.elf.dir/GUI/lvgl/src/core/lv_group.c.obj
                0x08006df0                lv_group_remove_obj
 .text.lv_group_add_obj
                0x08006e92       0x7a CMakeFiles/FressRTOS.elf.dir/GUI/lvgl/src/core/lv_group.c.obj
                0x08006e92                lv_group_add_obj
 .text.lv_group_get_focused
                0x08006f0c        0xc CMakeFiles/FressRTOS.elf.dir/GUI/lvgl/src/core/lv_group.c.obj
                0x08006f0c                lv_group_get_focused
 .text.lv_group_set_editing
                0x08006f18       0x44 CMakeFiles/FressRTOS.elf.dir/GUI/lvgl/src/core/lv_group.c.obj
                0x08006f18                lv_group_set_editing
 .text.lv_group_get_editing
                0x08006f5c        0xe CMakeFiles/FressRTOS.elf.dir/GUI/lvgl/src/core/lv_group.c.obj
                0x08006f5c                lv_group_get_editing
 *fill*         0x08006f6a        0x2 
 .text.lv_indev_get_act
                0x08006f6c        0xc CMakeFiles/FressRTOS.elf.dir/GUI/lvgl/src/core/lv_indev.c.obj
                0x08006f6c                lv_indev_get_act
 .text.lv_indev_get_type
                0x08006f78        0xc CMakeFiles/FressRTOS.elf.dir/GUI/lvgl/src/core/lv_indev.c.obj
                0x08006f78                lv_indev_get_type
 .text.lv_indev_get_point
                0x08006f84       0x30 CMakeFiles/FressRTOS.elf.dir/GUI/lvgl/src/core/lv_indev.c.obj
                0x08006f84                lv_indev_get_point
 .text.lv_indev_get_scroll_dir
                0x08006fb4       0x22 CMakeFiles/FressRTOS.elf.dir/GUI/lvgl/src/core/lv_indev.c.obj
                0x08006fb4                lv_indev_get_scroll_dir
 .text.lv_indev_get_scroll_obj
                0x08006fd6       0x1a CMakeFiles/FressRTOS.elf.dir/GUI/lvgl/src/core/lv_indev.c.obj
                0x08006fd6                lv_indev_get_scroll_obj
 .text.scrollbar_init_draw_dsc
                0x08006ff0      0x110 CMakeFiles/FressRTOS.elf.dir/GUI/lvgl/src/core/lv_obj.c.obj
 .text.draw_scrollbar
                0x08007100       0xac CMakeFiles/FressRTOS.elf.dir/GUI/lvgl/src/core/lv_obj.c.obj
 .text.lv_obj_draw
                0x080071ac      0x2fc CMakeFiles/FressRTOS.elf.dir/GUI/lvgl/src/core/lv_obj.c.obj
 .text.lv_obj_constructor
                0x080074a8       0x9c CMakeFiles/FressRTOS.elf.dir/GUI/lvgl/src/core/lv_obj.c.obj
 .text.lv_obj_set_state
                0x08007544      0x286 CMakeFiles/FressRTOS.elf.dir/GUI/lvgl/src/core/lv_obj.c.obj
 *fill*         0x080077ca        0x2 
 .text.lv_init  0x080077cc       0x58 CMakeFiles/FressRTOS.elf.dir/GUI/lvgl/src/core/lv_obj.c.obj
                0x080077cc                lv_init
 .text.lv_obj_create
                0x08007824       0x18 CMakeFiles/FressRTOS.elf.dir/GUI/lvgl/src/core/lv_obj.c.obj
                0x08007824                lv_obj_create
 .text.lv_obj_add_flag
                0x0800783c       0x72 CMakeFiles/FressRTOS.elf.dir/GUI/lvgl/src/core/lv_obj.c.obj
                0x0800783c                lv_obj_add_flag
 .text.lv_obj_clear_flag
                0x080078ae       0x7e CMakeFiles/FressRTOS.elf.dir/GUI/lvgl/src/core/lv_obj.c.obj
                0x080078ae                lv_obj_clear_flag
 .text.lv_obj_add_state
                0x0800792c       0x18 CMakeFiles/FressRTOS.elf.dir/GUI/lvgl/src/core/lv_obj.c.obj
                0x0800792c                lv_obj_add_state
 .text.lv_obj_clear_state
                0x08007944       0x1a CMakeFiles/FressRTOS.elf.dir/GUI/lvgl/src/core/lv_obj.c.obj
                0x08007944                lv_obj_clear_state
 .text.lv_obj_has_flag
                0x0800795e        0xe CMakeFiles/FressRTOS.elf.dir/GUI/lvgl/src/core/lv_obj.c.obj
                0x0800795e                lv_obj_has_flag
 .text.lv_obj_has_flag_any
                0x0800796c        0xc CMakeFiles/FressRTOS.elf.dir/GUI/lvgl/src/core/lv_obj.c.obj
                0x0800796c                lv_obj_has_flag_any
 .text.lv_obj_get_state
                0x08007978        0x4 CMakeFiles/FressRTOS.elf.dir/GUI/lvgl/src/core/lv_obj.c.obj
                0x08007978                lv_obj_get_state
 .text.lv_obj_get_group
                0x0800797c        0x8 CMakeFiles/FressRTOS.elf.dir/GUI/lvgl/src/core/lv_obj.c.obj
                0x0800797c                lv_obj_get_group
 .text.lv_obj_event
                0x08007984      0x3bc CMakeFiles/FressRTOS.elf.dir/GUI/lvgl/src/core/lv_obj.c.obj
 .text.lv_obj_destructor
                0x08007d40       0x68 CMakeFiles/FressRTOS.elf.dir/GUI/lvgl/src/core/lv_obj.c.obj
 .text.lv_obj_allocate_spec_attr
                0x08007da8       0x40 CMakeFiles/FressRTOS.elf.dir/GUI/lvgl/src/core/lv_obj.c.obj
                0x08007da8                lv_obj_allocate_spec_attr
 .text.lv_obj_check_type
                0x08007de8       0x12 CMakeFiles/FressRTOS.elf.dir/GUI/lvgl/src/core/lv_obj.c.obj
                0x08007de8                lv_obj_check_type
 .text.lv_obj_construct
                0x08007dfa       0x1e CMakeFiles/FressRTOS.elf.dir/GUI/lvgl/src/core/lv_obj_class.c.obj
 .text.get_instance_size
                0x08007e18       0x24 CMakeFiles/FressRTOS.elf.dir/GUI/lvgl/src/core/lv_obj_class.c.obj
 .text.lv_obj_class_create_obj
                0x08007e3c       0xd4 CMakeFiles/FressRTOS.elf.dir/GUI/lvgl/src/core/lv_obj_class.c.obj
                0x08007e3c                lv_obj_class_create_obj
 .text.lv_obj_is_editable
                0x08007f10       0x26 CMakeFiles/FressRTOS.elf.dir/GUI/lvgl/src/core/lv_obj_class.c.obj
                0x08007f10                lv_obj_is_editable
 .text.lv_obj_is_group_def
                0x08007f36       0x26 CMakeFiles/FressRTOS.elf.dir/GUI/lvgl/src/core/lv_obj_class.c.obj
                0x08007f36                lv_obj_is_group_def
 .text.lv_obj_class_init_obj
                0x08007f5c       0x72 CMakeFiles/FressRTOS.elf.dir/GUI/lvgl/src/core/lv_obj_class.c.obj
                0x08007f5c                lv_obj_class_init_obj
 .text.lv_obj_init_draw_rect_dsc
                0x08007fce      0x2f0 CMakeFiles/FressRTOS.elf.dir/GUI/lvgl/src/core/lv_obj_draw.c.obj
                0x08007fce                lv_obj_init_draw_rect_dsc
 .text.lv_obj_init_draw_label_dsc
                0x080082be       0xae CMakeFiles/FressRTOS.elf.dir/GUI/lvgl/src/core/lv_obj_draw.c.obj
                0x080082be                lv_obj_init_draw_label_dsc
 .text.lv_obj_init_draw_arc_dsc
                0x0800836c       0xa2 CMakeFiles/FressRTOS.elf.dir/GUI/lvgl/src/core/lv_obj_draw.c.obj
                0x0800836c                lv_obj_init_draw_arc_dsc
 .text.lv_obj_calculate_ext_draw_size
                0x0800840e       0xd8 CMakeFiles/FressRTOS.elf.dir/GUI/lvgl/src/core/lv_obj_draw.c.obj
                0x0800840e                lv_obj_calculate_ext_draw_size
 .text.lv_obj_draw_dsc_init
                0x080084e6       0x10 CMakeFiles/FressRTOS.elf.dir/GUI/lvgl/src/core/lv_obj_draw.c.obj
                0x080084e6                lv_obj_draw_dsc_init
 .text._lv_obj_get_ext_draw_size
                0x080084f6        0xe CMakeFiles/FressRTOS.elf.dir/GUI/lvgl/src/core/lv_obj_draw.c.obj
                0x080084f6                _lv_obj_get_ext_draw_size
 .text.lv_obj_refresh_ext_draw_size
                0x08008504       0x64 CMakeFiles/FressRTOS.elf.dir/GUI/lvgl/src/core/lv_obj_draw.c.obj
                0x08008504                lv_obj_refresh_ext_draw_size
 .text._lv_obj_get_layer_type
                0x08008568        0xe CMakeFiles/FressRTOS.elf.dir/GUI/lvgl/src/core/lv_obj_draw.c.obj
                0x08008568                _lv_obj_get_layer_type
 *fill*         0x08008576        0x2 
 .text.transform_point
                0x08008578      0x118 CMakeFiles/FressRTOS.elf.dir/GUI/lvgl/src/core/lv_obj_pos.c.obj
 .text.lv_obj_set_x
                0x08008690       0x2e CMakeFiles/FressRTOS.elf.dir/GUI/lvgl/src/core/lv_obj_pos.c.obj
                0x08008690                lv_obj_set_x
 .text.lv_obj_set_y
                0x080086be       0x2e CMakeFiles/FressRTOS.elf.dir/GUI/lvgl/src/core/lv_obj_pos.c.obj
                0x080086be                lv_obj_set_y
 .text.lv_obj_set_pos
                0x080086ec       0x14 CMakeFiles/FressRTOS.elf.dir/GUI/lvgl/src/core/lv_obj_pos.c.obj
                0x080086ec                lv_obj_set_pos
 .text.lv_obj_set_width
                0x08008700       0x2e CMakeFiles/FressRTOS.elf.dir/GUI/lvgl/src/core/lv_obj_pos.c.obj
                0x08008700                lv_obj_set_width
 .text.lv_obj_set_height
                0x0800872e       0x2e CMakeFiles/FressRTOS.elf.dir/GUI/lvgl/src/core/lv_obj_pos.c.obj
                0x0800872e                lv_obj_set_height
 .text.lv_obj_set_size
                0x0800875c       0x14 CMakeFiles/FressRTOS.elf.dir/GUI/lvgl/src/core/lv_obj_pos.c.obj
                0x0800875c                lv_obj_set_size
 .text.lv_obj_is_layout_positioned
                0x08008770       0x34 CMakeFiles/FressRTOS.elf.dir/GUI/lvgl/src/core/lv_obj_pos.c.obj
                0x08008770                lv_obj_is_layout_positioned
 .text.lv_obj_mark_layout_as_dirty
                0x080087a4       0x2c CMakeFiles/FressRTOS.elf.dir/GUI/lvgl/src/core/lv_obj_pos.c.obj
                0x080087a4                lv_obj_mark_layout_as_dirty
 .text.lv_layout_register
                0x080087d0       0x44 CMakeFiles/FressRTOS.elf.dir/GUI/lvgl/src/core/lv_obj_pos.c.obj
                0x080087d0                lv_layout_register
 .text.lv_obj_align
                0x08008814       0x1a CMakeFiles/FressRTOS.elf.dir/GUI/lvgl/src/core/lv_obj_pos.c.obj
                0x08008814                lv_obj_align
 .text.lv_obj_get_coords
                0x0800882e       0x1a CMakeFiles/FressRTOS.elf.dir/GUI/lvgl/src/core/lv_obj_pos.c.obj
                0x0800882e                lv_obj_get_coords
 .text.lv_obj_get_x
                0x08008848       0x46 CMakeFiles/FressRTOS.elf.dir/GUI/lvgl/src/core/lv_obj_pos.c.obj
                0x08008848                lv_obj_get_x
 .text.lv_obj_get_width
                0x0800888e       0x10 CMakeFiles/FressRTOS.elf.dir/GUI/lvgl/src/core/lv_obj_pos.c.obj
                0x0800888e                lv_obj_get_width
 .text.lv_obj_get_height
                0x0800889e       0x10 CMakeFiles/FressRTOS.elf.dir/GUI/lvgl/src/core/lv_obj_pos.c.obj
                0x0800889e                lv_obj_get_height
 .text.lv_obj_get_content_width
                0x080088ae       0x40 CMakeFiles/FressRTOS.elf.dir/GUI/lvgl/src/core/lv_obj_pos.c.obj
                0x080088ae                lv_obj_get_content_width
 .text.lv_obj_get_content_height
                0x080088ee       0x40 CMakeFiles/FressRTOS.elf.dir/GUI/lvgl/src/core/lv_obj_pos.c.obj
                0x080088ee                lv_obj_get_content_height
 .text.lv_obj_get_content_coords
                0x0800892e       0x6e CMakeFiles/FressRTOS.elf.dir/GUI/lvgl/src/core/lv_obj_pos.c.obj
                0x0800892e                lv_obj_get_content_coords
 .text.lv_obj_get_self_width
                0x0800899c       0x24 CMakeFiles/FressRTOS.elf.dir/GUI/lvgl/src/core/lv_obj_pos.c.obj
                0x0800899c                lv_obj_get_self_width
 .text.calc_content_width
                0x080089c0      0x1f4 CMakeFiles/FressRTOS.elf.dir/GUI/lvgl/src/core/lv_obj_pos.c.obj
 .text.lv_obj_get_self_height
                0x08008bb4       0x24 CMakeFiles/FressRTOS.elf.dir/GUI/lvgl/src/core/lv_obj_pos.c.obj
                0x08008bb4                lv_obj_get_self_height
 .text.calc_content_height
                0x08008bd8      0x11c CMakeFiles/FressRTOS.elf.dir/GUI/lvgl/src/core/lv_obj_pos.c.obj
 .text.lv_obj_refresh_self_size
                0x08008cf4       0x34 CMakeFiles/FressRTOS.elf.dir/GUI/lvgl/src/core/lv_obj_pos.c.obj
                0x08008cf4                lv_obj_refresh_self_size
 .text.lv_obj_move_children_by
                0x08008d28       0x6c CMakeFiles/FressRTOS.elf.dir/GUI/lvgl/src/core/lv_obj_pos.c.obj
                0x08008d28                lv_obj_move_children_by
 .text.lv_obj_transform_point
                0x08008d94       0x66 CMakeFiles/FressRTOS.elf.dir/GUI/lvgl/src/core/lv_obj_pos.c.obj
                0x08008d94                lv_obj_transform_point
 .text.lv_obj_get_transformed_area
                0x08008dfa       0xec CMakeFiles/FressRTOS.elf.dir/GUI/lvgl/src/core/lv_obj_pos.c.obj
                0x08008dfa                lv_obj_get_transformed_area
 .text.lv_obj_area_is_visible
                0x08008ee6      0x118 CMakeFiles/FressRTOS.elf.dir/GUI/lvgl/src/core/lv_obj_pos.c.obj
                0x08008ee6                lv_obj_area_is_visible
 .text.lv_obj_invalidate_area
                0x08008ffe       0x50 CMakeFiles/FressRTOS.elf.dir/GUI/lvgl/src/core/lv_obj_pos.c.obj
                0x08008ffe                lv_obj_invalidate_area
 .text.lv_obj_invalidate
                0x0800904e       0x52 CMakeFiles/FressRTOS.elf.dir/GUI/lvgl/src/core/lv_obj_pos.c.obj
                0x0800904e                lv_obj_invalidate
 .text.lv_obj_move_to
                0x080090a0      0x140 CMakeFiles/FressRTOS.elf.dir/GUI/lvgl/src/core/lv_obj_pos.c.obj
                0x080090a0                lv_obj_move_to
 .text.lv_obj_refr_pos
                0x080091e0      0x2b8 CMakeFiles/FressRTOS.elf.dir/GUI/lvgl/src/core/lv_obj_pos.c.obj
                0x080091e0                lv_obj_refr_pos
 .text.lv_obj_is_visible
                0x08009498       0x52 CMakeFiles/FressRTOS.elf.dir/GUI/lvgl/src/core/lv_obj_pos.c.obj
                0x08009498                lv_obj_is_visible
 .text.lv_obj_set_ext_click_area
                0x080094ea       0x10 CMakeFiles/FressRTOS.elf.dir/GUI/lvgl/src/core/lv_obj_pos.c.obj
                0x080094ea                lv_obj_set_ext_click_area
 *fill*         0x080094fa        0x2 
 .text.lv_clamp_width
                0x080094fc       0x7c CMakeFiles/FressRTOS.elf.dir/GUI/lvgl/src/core/lv_obj_pos.c.obj
                0x080094fc                lv_clamp_width
 .text.lv_clamp_height
                0x08009578       0x7c CMakeFiles/FressRTOS.elf.dir/GUI/lvgl/src/core/lv_obj_pos.c.obj
                0x08009578                lv_clamp_height
 .text.lv_obj_refr_size
                0x080095f4      0x34c CMakeFiles/FressRTOS.elf.dir/GUI/lvgl/src/core/lv_obj_pos.c.obj
                0x080095f4                lv_obj_refr_size
 .text.layout_update_core
                0x08009940       0x84 CMakeFiles/FressRTOS.elf.dir/GUI/lvgl/src/core/lv_obj_pos.c.obj
 .text.lv_obj_update_layout
                0x080099c4       0x40 CMakeFiles/FressRTOS.elf.dir/GUI/lvgl/src/core/lv_obj_pos.c.obj
                0x080099c4                lv_obj_update_layout
 .text.scroll_anim_ready_cb
                0x08009a04        0xe CMakeFiles/FressRTOS.elf.dir/GUI/lvgl/src/core/lv_obj_scroll.c.obj
 .text.lv_obj_set_scrollbar_mode
                0x08009a12       0x26 CMakeFiles/FressRTOS.elf.dir/GUI/lvgl/src/core/lv_obj_scroll.c.obj
                0x08009a12                lv_obj_set_scrollbar_mode
 .text.lv_obj_get_scrollbar_mode
                0x08009a38       0x10 CMakeFiles/FressRTOS.elf.dir/GUI/lvgl/src/core/lv_obj_scroll.c.obj
                0x08009a38                lv_obj_get_scrollbar_mode
 .text.lv_obj_get_scroll_dir
                0x08009a48       0x10 CMakeFiles/FressRTOS.elf.dir/GUI/lvgl/src/core/lv_obj_scroll.c.obj
                0x08009a48                lv_obj_get_scroll_dir
 .text.lv_obj_get_scroll_snap_x
                0x08009a58       0x10 CMakeFiles/FressRTOS.elf.dir/GUI/lvgl/src/core/lv_obj_scroll.c.obj
                0x08009a58                lv_obj_get_scroll_snap_x
 .text.lv_obj_get_scroll_snap_y
                0x08009a68       0x10 CMakeFiles/FressRTOS.elf.dir/GUI/lvgl/src/core/lv_obj_scroll.c.obj
                0x08009a68                lv_obj_get_scroll_snap_y
 .text.lv_obj_get_scroll_x
                0x08009a78       0x10 CMakeFiles/FressRTOS.elf.dir/GUI/lvgl/src/core/lv_obj_scroll.c.obj
                0x08009a78                lv_obj_get_scroll_x
 .text.lv_obj_get_scroll_y
                0x08009a88       0x10 CMakeFiles/FressRTOS.elf.dir/GUI/lvgl/src/core/lv_obj_scroll.c.obj
                0x08009a88                lv_obj_get_scroll_y
 .text.lv_obj_get_scroll_top
                0x08009a98       0x10 CMakeFiles/FressRTOS.elf.dir/GUI/lvgl/src/core/lv_obj_scroll.c.obj
                0x08009a98                lv_obj_get_scroll_top
 .text.lv_obj_get_scroll_bottom
                0x08009aa8       0xb4 CMakeFiles/FressRTOS.elf.dir/GUI/lvgl/src/core/lv_obj_scroll.c.obj
                0x08009aa8                lv_obj_get_scroll_bottom
 .text.lv_obj_get_scroll_left
                0x08009b5c       0xe0 CMakeFiles/FressRTOS.elf.dir/GUI/lvgl/src/core/lv_obj_scroll.c.obj
                0x08009b5c                lv_obj_get_scroll_left
 .text.lv_obj_get_scroll_right
                0x08009c3c       0xd4 CMakeFiles/FressRTOS.elf.dir/GUI/lvgl/src/core/lv_obj_scroll.c.obj
                0x08009c3c                lv_obj_get_scroll_right
 .text._lv_obj_scroll_by_raw
                0x08009d10       0x4e CMakeFiles/FressRTOS.elf.dir/GUI/lvgl/src/core/lv_obj_scroll.c.obj
                0x08009d10                _lv_obj_scroll_by_raw
 .text.scroll_y_anim
                0x08009d5e       0x1a CMakeFiles/FressRTOS.elf.dir/GUI/lvgl/src/core/lv_obj_scroll.c.obj
 .text.scroll_x_anim
                0x08009d78       0x1a CMakeFiles/FressRTOS.elf.dir/GUI/lvgl/src/core/lv_obj_scroll.c.obj
 *fill*         0x08009d92        0x2 
 .text.lv_obj_scroll_by
                0x08009d94      0x120 CMakeFiles/FressRTOS.elf.dir/GUI/lvgl/src/core/lv_obj_scroll.c.obj
                0x08009d94                lv_obj_scroll_by
 .text.lv_obj_scroll_by_bounded
                0x08009eb4       0xfa CMakeFiles/FressRTOS.elf.dir/GUI/lvgl/src/core/lv_obj_scroll.c.obj
                0x08009eb4                lv_obj_scroll_by_bounded
 *fill*         0x08009fae        0x2 
 .text.lv_obj_scroll_to_x
                0x08009fb0       0x28 CMakeFiles/FressRTOS.elf.dir/GUI/lvgl/src/core/lv_obj_scroll.c.obj
                0x08009fb0                lv_obj_scroll_to_x
 .text.lv_obj_scroll_to_y
                0x08009fd8       0x28 CMakeFiles/FressRTOS.elf.dir/GUI/lvgl/src/core/lv_obj_scroll.c.obj
                0x08009fd8                lv_obj_scroll_to_y
 .text.lv_obj_scroll_to
                0x0800a000       0x1a CMakeFiles/FressRTOS.elf.dir/GUI/lvgl/src/core/lv_obj_scroll.c.obj
                0x0800a000                lv_obj_scroll_to
 *fill*         0x0800a01a        0x2 
 .text.scroll_area_into_view
                0x0800a01c      0x36c CMakeFiles/FressRTOS.elf.dir/GUI/lvgl/src/core/lv_obj_scroll.c.obj
 .text.lv_obj_scroll_to_view_recursive
                0x0800a388       0x40 CMakeFiles/FressRTOS.elf.dir/GUI/lvgl/src/core/lv_obj_scroll.c.obj
                0x0800a388                lv_obj_scroll_to_view_recursive
 .text.lv_obj_get_scrollbar_area
                0x0800a3c8      0x80c CMakeFiles/FressRTOS.elf.dir/GUI/lvgl/src/core/lv_obj_scroll.c.obj
                0x0800a3c8                lv_obj_get_scrollbar_area
 .text.lv_obj_scrollbar_invalidate
                0x0800abd4       0x46 CMakeFiles/FressRTOS.elf.dir/GUI/lvgl/src/core/lv_obj_scroll.c.obj
                0x0800abd4                lv_obj_scrollbar_invalidate
 .text.lv_obj_readjust_scroll
                0x0800ac1a       0x96 CMakeFiles/FressRTOS.elf.dir/GUI/lvgl/src/core/lv_obj_scroll.c.obj
                0x0800ac1a                lv_obj_readjust_scroll
 .text.trans_del
                0x0800acb0       0xb0 CMakeFiles/FressRTOS.elf.dir/GUI/lvgl/src/core/lv_obj_style.c.obj
 .text.refresh_children_style
                0x0800ad60       0x3a CMakeFiles/FressRTOS.elf.dir/GUI/lvgl/src/core/lv_obj_style.c.obj
 .text.get_local_style
                0x0800ad9a       0xc6 CMakeFiles/FressRTOS.elf.dir/GUI/lvgl/src/core/lv_obj_style.c.obj
 .text.get_trans_style
                0x0800ae60       0xac CMakeFiles/FressRTOS.elf.dir/GUI/lvgl/src/core/lv_obj_style.c.obj
 .text._lv_obj_style_init
                0x0800af0c       0x10 CMakeFiles/FressRTOS.elf.dir/GUI/lvgl/src/core/lv_obj_style.c.obj
                0x0800af0c                _lv_obj_style_init
 .text.lv_obj_enable_style_refresh
                0x0800af1c        0xc CMakeFiles/FressRTOS.elf.dir/GUI/lvgl/src/core/lv_obj_style.c.obj
                0x0800af1c                lv_obj_enable_style_refresh
 .text.lv_obj_get_local_style_prop
                0x0800af28       0x42 CMakeFiles/FressRTOS.elf.dir/GUI/lvgl/src/core/lv_obj_style.c.obj
                0x0800af28                lv_obj_get_local_style_prop
 .text.lv_obj_style_get_selector_state
                0x0800af6a        0x4 CMakeFiles/FressRTOS.elf.dir/GUI/lvgl/src/core/lv_obj_style.c.obj
                0x0800af6a                lv_obj_style_get_selector_state
 .text._lv_obj_style_state_compare
                0x0800af6e      0x26a CMakeFiles/FressRTOS.elf.dir/GUI/lvgl/src/core/lv_obj_style.c.obj
                0x0800af6e                _lv_obj_style_state_compare
 .text.lv_obj_style_get_selector_part
                0x0800b1d8        0x6 CMakeFiles/FressRTOS.elf.dir/GUI/lvgl/src/core/lv_obj_style.c.obj
                0x0800b1d8                lv_obj_style_get_selector_part
 .text.get_prop_core
                0x0800b1de      0x12a CMakeFiles/FressRTOS.elf.dir/GUI/lvgl/src/core/lv_obj_style.c.obj
 .text.lv_obj_get_style_prop
                0x0800b308       0x9a CMakeFiles/FressRTOS.elf.dir/GUI/lvgl/src/core/lv_obj_style.c.obj
                0x0800b308                lv_obj_get_style_prop
 .text.calculate_layer_type
                0x0800b3a2       0x52 CMakeFiles/FressRTOS.elf.dir/GUI/lvgl/src/core/lv_obj_style.c.obj
 .text._lv_obj_style_create_transition
                0x0800b3f4      0x148 CMakeFiles/FressRTOS.elf.dir/GUI/lvgl/src/core/lv_obj_style.c.obj
                0x0800b3f4                _lv_obj_style_create_transition
 .text._lv_obj_style_apply_color_filter
                0x0800b53c       0x3c CMakeFiles/FressRTOS.elf.dir/GUI/lvgl/src/core/lv_obj_style.c.obj
                0x0800b53c                _lv_obj_style_apply_color_filter
 .text.lv_obj_refresh_style
                0x0800b578      0x128 CMakeFiles/FressRTOS.elf.dir/GUI/lvgl/src/core/lv_obj_style.c.obj
                0x0800b578                lv_obj_refresh_style
 .text.lv_obj_add_style
                0x0800b6a0       0xaa CMakeFiles/FressRTOS.elf.dir/GUI/lvgl/src/core/lv_obj_style.c.obj
                0x0800b6a0                lv_obj_add_style
 .text.report_style_change_core
                0x0800b74a       0x52 CMakeFiles/FressRTOS.elf.dir/GUI/lvgl/src/core/lv_obj_style.c.obj
 .text.lv_obj_report_style_change
                0x0800b79c       0x40 CMakeFiles/FressRTOS.elf.dir/GUI/lvgl/src/core/lv_obj_style.c.obj
                0x0800b79c                lv_obj_report_style_change
 .text.lv_obj_set_local_style_prop
                0x0800b7dc       0x24 CMakeFiles/FressRTOS.elf.dir/GUI/lvgl/src/core/lv_obj_style.c.obj
                0x0800b7dc                lv_obj_set_local_style_prop
 .text.trans_anim_cb
                0x0800b800      0x188 CMakeFiles/FressRTOS.elf.dir/GUI/lvgl/src/core/lv_obj_style.c.obj
 .text.lv_obj_remove_style
                0x0800b988      0x132 CMakeFiles/FressRTOS.elf.dir/GUI/lvgl/src/core/lv_obj_style.c.obj
                0x0800b988                lv_obj_remove_style
 *fill*         0x0800baba        0x2 
 .text.trans_anim_ready_cb
                0x0800babc       0xac CMakeFiles/FressRTOS.elf.dir/GUI/lvgl/src/core/lv_obj_style.c.obj
 .text.trans_anim_start_cb
                0x0800bb68       0x40 CMakeFiles/FressRTOS.elf.dir/GUI/lvgl/src/core/lv_obj_style.c.obj
 .text.lv_obj_calculate_style_text_align
                0x0800bba8       0x20 CMakeFiles/FressRTOS.elf.dir/GUI/lvgl/src/core/lv_obj_style.c.obj
                0x0800bba8                lv_obj_calculate_style_text_align
 .text.lv_obj_set_style_width
                0x0800bbc8        0xe CMakeFiles/FressRTOS.elf.dir/GUI/lvgl/src/core/lv_obj_style_gen.c.obj
                0x0800bbc8                lv_obj_set_style_width
 .text.lv_obj_set_style_height
                0x0800bbd6        0xe CMakeFiles/FressRTOS.elf.dir/GUI/lvgl/src/core/lv_obj_style_gen.c.obj
                0x0800bbd6                lv_obj_set_style_height
 .text.lv_obj_set_style_x
                0x0800bbe4        0xe CMakeFiles/FressRTOS.elf.dir/GUI/lvgl/src/core/lv_obj_style_gen.c.obj
                0x0800bbe4                lv_obj_set_style_x
 .text.lv_obj_set_style_y
                0x0800bbf2        0xe CMakeFiles/FressRTOS.elf.dir/GUI/lvgl/src/core/lv_obj_style_gen.c.obj
                0x0800bbf2                lv_obj_set_style_y
 .text.lv_obj_set_style_align
                0x0800bc00        0xe CMakeFiles/FressRTOS.elf.dir/GUI/lvgl/src/core/lv_obj_style_gen.c.obj
                0x0800bc00                lv_obj_set_style_align
 .text.lv_obj_set_style_pad_top
                0x0800bc0e        0xe CMakeFiles/FressRTOS.elf.dir/GUI/lvgl/src/core/lv_obj_style_gen.c.obj
                0x0800bc0e                lv_obj_set_style_pad_top
 .text.lv_obj_set_style_pad_bottom
                0x0800bc1c        0xe CMakeFiles/FressRTOS.elf.dir/GUI/lvgl/src/core/lv_obj_style_gen.c.obj
                0x0800bc1c                lv_obj_set_style_pad_bottom
 .text.lv_obj_set_style_pad_left
                0x0800bc2a        0xe CMakeFiles/FressRTOS.elf.dir/GUI/lvgl/src/core/lv_obj_style_gen.c.obj
                0x0800bc2a                lv_obj_set_style_pad_left
 .text.lv_obj_set_style_pad_right
                0x0800bc38        0xe CMakeFiles/FressRTOS.elf.dir/GUI/lvgl/src/core/lv_obj_style_gen.c.obj
                0x0800bc38                lv_obj_set_style_pad_right
 .text.lv_obj_set_style_pad_row
                0x0800bc46        0xe CMakeFiles/FressRTOS.elf.dir/GUI/lvgl/src/core/lv_obj_style_gen.c.obj
                0x0800bc46                lv_obj_set_style_pad_row
 .text.lv_obj_set_style_pad_column
                0x0800bc54        0xe CMakeFiles/FressRTOS.elf.dir/GUI/lvgl/src/core/lv_obj_style_gen.c.obj
                0x0800bc54                lv_obj_set_style_pad_column
 .text.lv_obj_set_style_border_width
                0x0800bc62        0xe CMakeFiles/FressRTOS.elf.dir/GUI/lvgl/src/core/lv_obj_style_gen.c.obj
                0x0800bc62                lv_obj_set_style_border_width
 .text.lv_obj_set_style_text_font
                0x0800bc70        0xe CMakeFiles/FressRTOS.elf.dir/GUI/lvgl/src/core/lv_obj_style_gen.c.obj
                0x0800bc70                lv_obj_set_style_text_font
 .text.lv_obj_set_style_radius